Dec 21 12:33:21 <zoulhafi> kernel: Kernel logging (proc) stopped.
Dec 21 12:33:21 <zoulhafi> kernel: Kernel log daemon terminating.
Dec 21 12:33:41 <zoulhafi> kernel: klogd 1.5.1, log source = /proc/kmsg started.
Dec 21 12:33:41 <zoulhafi> kernel: Inspecting /boot/System.map-5.16.0-rc5-next-20211220-zoulhafi
Dec 21 12:33:41 <zoulhafi> kernel: Cannot find map file.
Dec 21 12:33:41 <zoulhafi> kernel: Loaded 56935 symbols from 1 module.
Dec 21 12:33:41 <zoulhafi> kernel: [    0.000000] Linux version 5.16.0-rc5-next-20211220-zoulhafi (root@<zoulhafi>) (gcc (GCC) 11.2.0, GNU ld (GNU Binutils) 2.37) #1 SMP PREEMPT Tue Dec 21 12:04:14 +01 2021
Dec 21 12:33:41 <zoulhafi> kernel: [    0.000000] Command line: BOOT_IMAGE=/vmlinuz-5.16.0-rc5-next-20211220-zoulhafi root=/dev/sda3 ro
Dec 21 12:33:41 <zoulhafi> kernel: [    0.000000] x86/fpu: Supporting XSAVE feature 0x001: 'x87 floating point registers'
Dec 21 12:33:41 <zoulhafi> kernel: [    0.000000] x86/fpu: Supporting XSAVE feature 0x002: 'SSE registers'
Dec 21 12:33:41 <zoulhafi> kernel: [    0.000000] x86/fpu: Supporting XSAVE feature 0x004: 'AVX registers'
Dec 21 12:33:41 <zoulhafi> kernel: [    0.000000] x86/fpu: xstate_offset[2]:  576, xstate_sizes[2]:  256
Dec 21 12:33:41 <zoulhafi> kernel: [    0.000000] x86/fpu: Enabled xstate features 0x7, context size is 832 bytes, using 'standard' format.
Dec 21 12:33:41 <zoulhafi> kernel: [    0.000000] signal: max sigframe size: 1776
Dec 21 12:33:41 <zoulhafi> kernel: [    0.000000] BIOS-provided physical RAM map:
Dec 21 12:33:41 <zoulhafi> kernel: [    0.000000] BIOS-e820: [mem 0x0000000000000000-0x000000000009fbff] usable
Dec 21 12:33:41 <zoulhafi> kernel: [    0.000000] BIOS-e820: [mem 0x000000000009fc00-0x000000000009ffff] reserved
Dec 21 12:33:41 <zoulhafi> kernel: [    0.000000] BIOS-e820: [mem 0x00000000000f0000-0x00000000000fffff] reserved
Dec 21 12:33:41 <zoulhafi> kernel: [    0.000000] BIOS-e820: [mem 0x0000000000100000-0x000000007ffeffff] usable
Dec 21 12:33:41 <zoulhafi> kernel: [    0.000000] BIOS-e820: [mem 0x000000007fff0000-0x000000007fffffff] ACPI data
Dec 21 12:33:41 <zoulhafi> kernel: [    0.000000] BIOS-e820: [mem 0x00000000fec00000-0x00000000fec00fff] reserved
Dec 21 12:33:41 <zoulhafi> kernel: [    0.000000] BIOS-e820: [mem 0x00000000fee00000-0x00000000fee00fff] reserved
Dec 21 12:33:41 <zoulhafi> kernel: [    0.000000] BIOS-e820: [mem 0x00000000fffc0000-0x00000000ffffffff] reserved
Dec 21 12:33:41 <zoulhafi> kernel: [    0.000000] NX (Execute Disable) protection: active
Dec 21 12:33:41 <zoulhafi> kernel: [    0.000000] SMBIOS 2.5 present.
Dec 21 12:33:41 <zoulhafi> kernel: [    0.000000] DMI: innotek GmbH VirtualBox/VirtualBox, BIOS VirtualBox 12/01/2006
Dec 21 12:33:41 <zoulhafi> kernel: [    0.000000] tsc: Fast TSC calibration using PIT
Dec 21 12:33:41 <zoulhafi> kernel: [    0.000000] tsc: Detected 3408.151 MHz processor
Dec 21 12:33:41 <zoulhafi> kernel: [    0.001172] e820: update [mem 0x00000000-0x00000fff] usable ==> reserved
Dec 21 12:33:41 <zoulhafi> kernel: [    0.001192] e820: remove [mem 0x000a0000-0x000fffff] usable
Dec 21 12:33:41 <zoulhafi> kernel: [    0.001196] last_pfn = 0x7fff0 max_arch_pfn = 0x400000000
Dec 21 12:33:41 <zoulhafi> kernel: [    0.001205] Disabled
Dec 21 12:33:41 <zoulhafi> kernel: [    0.001206] x86/PAT: MTRRs disabled, skipping PAT initialization too.
Dec 21 12:33:41 <zoulhafi> kernel: [    0.001209] CPU MTRRs all blank - virtualized system.
Dec 21 12:33:41 <zoulhafi> kernel: [    0.001211] x86/PAT: Configuration [0-7]: WB  WT  UC- UC  WB  WT  UC- UC  
Dec 21 12:33:41 <zoulhafi> kernel: [    0.001277] found SMP MP-table at [mem 0x0009fff0-0x0009ffff]
Dec 21 12:33:41 <zoulhafi> kernel: [    0.001420] ACPI: Early table checksum verification disabled
Dec 21 12:33:41 <zoulhafi> kernel: [    0.001438] ACPI: RSDP 0x00000000000E0000 000024 (v02 VBOX  )
Dec 21 12:33:41 <zoulhafi> kernel: [    0.001457] ACPI: XSDT 0x000000007FFF0030 00003C (v01 VBOX   VBOXXSDT 00000001 ASL  00000061)
Dec 21 12:33:41 <zoulhafi> kernel: [    0.001477] ACPI: FACP 0x000000007FFF00F0 0000F4 (v04 VBOX   VBOXFACP 00000001 ASL  00000061)
Dec 21 12:33:41 <zoulhafi> kernel: [    0.001496] ACPI: DSDT 0x000000007FFF0470 002325 (v02 VBOX   VBOXBIOS 00000002 INTL 20100528)
Dec 21 12:33:41 <zoulhafi> kernel: [    0.001515] ACPI: FACS 0x000000007FFF0200 000040
Dec 21 12:33:41 <zoulhafi> kernel: [    0.001517] ACPI: FACS 0x000000007FFF0200 000040
Dec 21 12:33:41 <zoulhafi> kernel: [    0.001520] ACPI: APIC 0x000000007FFF0240 000054 (v02 VBOX   VBOXAPIC 00000001 ASL  00000061)
Dec 21 12:33:41 <zoulhafi> kernel: [    0.001522] ACPI: SSDT 0x000000007FFF02A0 0001CC (v01 VBOX   VBOXCPUT 00000002 INTL 20100528)
Dec 21 12:33:41 <zoulhafi> kernel: [    0.001525] ACPI: Reserving FACP table memory at [mem 0x7fff00f0-0x7fff01e3]
Dec 21 12:33:41 <zoulhafi> kernel: [    0.001526] ACPI: Reserving DSDT table memory at [mem 0x7fff0470-0x7fff2794]
Dec 21 12:33:41 <zoulhafi> kernel: [    0.001527] ACPI: Reserving FACS table memory at [mem 0x7fff0200-0x7fff023f]
Dec 21 12:33:41 <zoulhafi> kernel: [    0.001528] ACPI: Reserving FACS table memory at [mem 0x7fff0200-0x7fff023f]
Dec 21 12:33:41 <zoulhafi> kernel: [    0.001528] ACPI: Reserving APIC table memory at [mem 0x7fff0240-0x7fff0293]
Dec 21 12:33:41 <zoulhafi> kernel: [    0.001529] ACPI: Reserving SSDT table memory at [mem 0x7fff02a0-0x7fff046b]
Dec 21 12:33:41 <zoulhafi> kernel: [    0.001561] ACPI: CEDT not present
Dec 21 12:33:41 <zoulhafi> kernel: [    0.001746] No NUMA configuration found
Dec 21 12:33:41 <zoulhafi> kernel: [    0.001747] Faking a node at [mem 0x0000000000000000-0x000000007ffeffff]
Dec 21 12:33:41 <zoulhafi> kernel: [    0.001750] NODE_DATA(0) allocated [mem 0x7ffec000-0x7ffeffff]
Dec 21 12:33:41 <zoulhafi> kernel: [    0.001759] Zone ranges:
Dec 21 12:33:41 <zoulhafi> kernel: [    0.001760]   DMA      [mem 0x0000000000001000-0x0000000000ffffff]
Dec 21 12:33:41 <zoulhafi> kernel: [    0.001762]   DMA32    [mem 0x0000000001000000-0x000000007ffeffff]
Dec 21 12:33:41 <zoulhafi> kernel: [    0.001763]   Normal   empty
Dec 21 12:33:41 <zoulhafi> kernel: [    0.001764] Movable zone start for each node
Dec 21 12:33:41 <zoulhafi> kernel: [    0.001765] Early memory node ranges
Dec 21 12:33:41 <zoulhafi> kernel: [    0.001765]   node   0: [mem 0x0000000000001000-0x000000000009efff]
Dec 21 12:33:41 <zoulhafi> kernel: [    0.001766]   node   0: [mem 0x0000000000100000-0x000000007ffeffff]
Dec 21 12:33:41 <zoulhafi> kernel: [    0.001767] Initmem setup node 0 [mem 0x0000000000001000-0x000000007ffeffff]
Dec 21 12:33:41 <zoulhafi> kernel: [    0.002070] On node 0, zone DMA: 1 pages in unavailable ranges
Dec 21 12:33:41 <zoulhafi> kernel: [    0.002093] On node 0, zone DMA: 97 pages in unavailable ranges
Dec 21 12:33:41 <zoulhafi> kernel: [    0.007892] On node 0, zone DMA32: 16 pages in unavailable ranges
Dec 21 12:33:41 <zoulhafi> kernel: [    0.008818] ACPI: PM-Timer IO Port: 0x4008
Dec 21 12:33:41 <zoulhafi> kernel: [    0.008868] IOAPIC[0]: apic_id 1, version 32, address 0xfec00000, GSI 0-23
Dec 21 12:33:41 <zoulhafi> kernel: [    0.008871] ACPI: INT_SRC_OVR (bus 0 bus_irq 0 global_irq 2 dfl dfl)
Dec 21 12:33:41 <zoulhafi> kernel: [    0.008873] ACPI: INT_SRC_OVR (bus 0 bus_irq 9 global_irq 9 low level)
Dec 21 12:33:41 <zoulhafi> kernel: [    0.008876] ACPI: Using ACPI (MADT) for SMP configuration information
Dec 21 12:33:41 <zoulhafi> kernel: [    0.008881] smpboot: Allowing 1 CPUs, 0 hotplug CPUs
Dec 21 12:33:41 <zoulhafi> kernel: [    0.008890] PM: hibernation: Registered nosave memory: [mem 0x00000000-0x00000fff]
Dec 21 12:33:41 <zoulhafi> kernel: [    0.008892] PM: hibernation: Registered nosave memory: [mem 0x0009f000-0x0009ffff]
Dec 21 12:33:41 <zoulhafi> kernel: [    0.008893] PM: hibernation: Registered nosave memory: [mem 0x000a0000-0x000effff]
Dec 21 12:33:41 <zoulhafi> kernel: [    0.008894] PM: hibernation: Registered nosave memory: [mem 0x000f0000-0x000fffff]
Dec 21 12:33:41 <zoulhafi> kernel: [    0.008895] [mem 0x80000000-0xfebfffff] available for PCI devices
Dec 21 12:33:41 <zoulhafi> kernel: [    0.008898] clocksource: refined-jiffies: mask: 0xffffffff max_cycles: 0xffffffff, max_idle_ns: 1910969940391419 ns
Dec 21 12:33:41 <zoulhafi> kernel: [    0.013384] setup_percpu: NR_CPUS:64 nr_cpumask_bits:64 nr_cpu_ids:1 nr_node_ids:1
Dec 21 12:33:41 <zoulhafi> kernel: [    0.013706] percpu: Embedded 52 pages/cpu s174936 r8192 d29864 u2097152
Dec 21 12:33:41 <zoulhafi> kernel: [    0.013710] pcpu-alloc: s174936 r8192 d29864 u2097152 alloc=1*2097152
Dec 21 12:33:41 <zoulhafi> kernel: [    0.013712] pcpu-alloc: [0] 0 
Dec 21 12:33:41 <zoulhafi> kernel: [    0.013722] Fallback order for Node 0: 0 
Dec 21 12:33:41 <zoulhafi> kernel: [    0.013724] Built 1 zonelists, mobility grouping on.  Total pages: 515824
Dec 21 12:33:41 <zoulhafi> kernel: [    0.013726] Policy zone: DMA32
Dec 21 12:33:41 <zoulhafi> kernel: [    0.013727] Kernel command line: BOOT_IMAGE=/vmlinuz-5.16.0-rc5-next-20211220-zoulhafi root=/dev/sda3 ro
Dec 21 12:33:41 <zoulhafi> kernel: [    0.013744] Unknown kernel command line parameters "BOOT_IMAGE=/vmlinuz-5.16.0-rc5-next-20211220-zoulhafi", will be passed to user space.
Dec 21 12:33:41 <zoulhafi> kernel: [    0.014040] Dentry cache hash table entries: 262144 (order: 9, 2097152 bytes, linear)
Dec 21 12:33:41 <zoulhafi> kernel: [    0.014077] Inode-cache hash table entries: 131072 (order: 8, 1048576 bytes, linear)
Dec 21 12:33:41 <zoulhafi> kernel: [    0.014103] mem auto-init: stack:off, heap alloc:off, heap free:off
Dec 21 12:33:41 <zoulhafi> kernel: [    0.017337] Memory: 2026856K/2096696K available (16396K kernel code, 2598K rwdata, 3708K rodata, 1248K init, 1456K bss, 69580K reserved, 0K cma-reserved)
Dec 21 12:33:41 <zoulhafi> kernel: [    0.017360] SLUB: HWalign=64, Order=0-3, MinObjects=0, CPUs=1, Nodes=1
Dec 21 12:33:41 <zoulhafi> kernel: [    0.017365] Kernel/User page tables isolation: enabled
Dec 21 12:33:41 <zoulhafi> kernel: [    0.018079] Dynamic Preempt: voluntary
Dec 21 12:33:41 <zoulhafi> kernel: [    0.018092] rcu: Preemptible hierarchical RCU implementation.
Dec 21 12:33:41 <zoulhafi> kernel: [    0.018092] rcu: ^IRCU event tracing is enabled.
Dec 21 12:33:41 <zoulhafi> kernel: [    0.018093] rcu: ^IRCU restricting CPUs from NR_CPUS=64 to nr_cpu_ids=1.
Dec 21 12:33:41 <zoulhafi> kernel: [    0.018094] ^ITrampoline variant of Tasks RCU enabled.
Dec 21 12:33:41 <zoulhafi> kernel: [    0.018095] rcu: RCU calculated value of scheduler-enlistment delay is 100 jiffies.
Dec 21 12:33:41 <zoulhafi> kernel: [    0.018096] rcu: Adjusting geometry for rcu_fanout_leaf=16, nr_cpu_ids=1
Dec 21 12:33:41 <zoulhafi> kernel: [    0.018893] NR_IRQS: 4352, nr_irqs: 256, preallocated irqs: 16
Dec 21 12:33:41 <zoulhafi> kernel: [    0.019084] random: get_random_bytes called from start_kernel+0x492/0x65f with crng_init=0
Dec 21 12:33:41 <zoulhafi> kernel: [    0.023320] Console: colour VGA+ 80x25
Dec 21 12:33:41 <zoulhafi> kernel: [    0.043944] printk: console [tty0] enabled
Dec 21 12:33:41 <zoulhafi> kernel: [    0.044127] ACPI: Core revision 20210930
Dec 21 12:33:41 <zoulhafi> kernel: [    0.044446] APIC: Switch to symmetric I/O mode setup
Dec 21 12:33:41 <zoulhafi> kernel: [    0.045455] ..TIMER: vector=0x30 apic1=0 pin1=2 apic2=-1 pin2=-1
Dec 21 12:33:41 <zoulhafi> kernel: [    0.050266] clocksource: tsc-early: mask: 0xffffffffffffffff max_cycles: 0x312062628b0, max_idle_ns: 440795227505 ns
Dec 21 12:33:41 <zoulhafi> kernel: [    0.050615] Calibrating delay loop (skipped), value calculated using timer frequency.. 6816.30 BogoMIPS (lpj=3408151)
Dec 21 12:33:41 <zoulhafi> kernel: [    0.050953] pid_max: default: 32768 minimum: 301
Dec 21 12:33:41 <zoulhafi> kernel: [    0.051146] LSM: Security Framework initializing
Dec 21 12:33:41 <zoulhafi> kernel: [    0.051329] SELinux:  Initializing.
Dec 21 12:33:41 <zoulhafi> kernel: [    0.051610] Mount-cache hash table entries: 4096 (order: 3, 32768 bytes, linear)
Dec 21 12:33:41 <zoulhafi> kernel: [    0.052703] Mountpoint-cache hash table entries: 4096 (order: 3, 32768 bytes, linear)
Dec 21 12:33:41 <zoulhafi> kernel: [    0.053453] unchecked MSR access error: WRMSR to 0x3a (tried to write 0x0000000000000001) at rIP: 0xffffffffa4c37cb3 (init_ia32_feat_ctl+0x83/0x330)
Dec 21 12:33:41 <zoulhafi> kernel: [    0.053610] Call Trace:
Dec 21 12:33:41 <zoulhafi> kernel: [    0.053736]  <TASK>
Dec 21 12:33:41 <zoulhafi> kernel: [    0.053851]  init_intel+0xb0/0x540
Dec 21 12:33:41 <zoulhafi> kernel: [    0.053994]  identify_cpu+0x259/0x5b0
Dec 21 12:33:41 <zoulhafi> kernel: [    0.054142]  identify_boot_cpu+0xc/0x94
Dec 21 12:33:41 <zoulhafi> kernel: [    0.054295]  check_bugs+0x21/0xa97
Dec 21 12:33:41 <zoulhafi> kernel: [    0.054436]  ? __get_locked_pte+0x16b/0x230
Dec 21 12:33:41 <zoulhafi> kernel: [    0.054594]  start_kernel+0x62b/0x65f
Dec 21 12:33:41 <zoulhafi> kernel: [    0.054610]  secondary_startup_64_no_verify+0xd5/0xdb
Dec 21 12:33:41 <zoulhafi> kernel: [    0.054610]  </TASK>
Dec 21 12:33:41 <zoulhafi> kernel: [    0.054610] process: using mwait in idle threads
Dec 21 12:33:41 <zoulhafi> kernel: [    0.054610] Last level iTLB entries: 4KB 128, 2MB 8, 4MB 8
Dec 21 12:33:41 <zoulhafi> kernel: [    0.054610] Last level dTLB entries: 4KB 64, 2MB 0, 4MB 0, 1GB 4
Dec 21 12:33:41 <zoulhafi> kernel: [    0.054610] Spectre V1 : Mitigation: usercopy/swapgs barriers and __user pointer sanitization
Dec 21 12:33:41 <zoulhafi> kernel: [    0.054610] Spectre V2 : Mitigation: Full generic retpoline
Dec 21 12:33:41 <zoulhafi> kernel: [    0.054610] Spectre V2 : Spectre v2 / SpectreRSB mitigation: Filling RSB on context switch
Dec 21 12:33:41 <zoulhafi> kernel: [    0.054610] Speculative Store Bypass: Vulnerable
Dec 21 12:33:41 <zoulhafi> kernel: [    0.054610] SRBDS: Unknown: Dependent on hypervisor status
Dec 21 12:33:41 <zoulhafi> kernel: [    0.054610] MDS: Mitigation: Clear CPU buffers
Dec 21 12:33:41 <zoulhafi> kernel: [    0.063247] Freeing SMP alternatives memory: 44K
Dec 21 12:33:41 <zoulhafi> kernel: [    0.165716] smpboot: CPU0: Intel(R) Core(TM) i5-7500 CPU @ 3.40GHz (family: 0x6, model: 0x9e, stepping: 0x9)
Dec 21 12:33:41 <zoulhafi> kernel: [    0.166154] cblist_init_generic: Setting adjustable number of callback queues.
Dec 21 12:33:41 <zoulhafi> kernel: [    0.166416] cblist_init_generic: Setting shift to 0 and lim to 1.
Dec 21 12:33:41 <zoulhafi> kernel: [    0.166610] Performance Events: unsupported p6 CPU model 158 no PMU driver, software events only.
Dec 21 12:33:41 <zoulhafi> kernel: [    0.166610] rcu: Hierarchical SRCU implementation.
Dec 21 12:33:41 <zoulhafi> kernel: [    0.166610] smp: Bringing up secondary CPUs ...
Dec 21 12:33:41 <zoulhafi> kernel: [    0.166610] smp: Brought up 1 node, 1 CPU
Dec 21 12:33:41 <zoulhafi> kernel: [    0.166610] smpboot: Max logical packages: 1
Dec 21 12:33:41 <zoulhafi> kernel: [    0.166610] smpboot: Total of 1 processors activated (6816.30 BogoMIPS)
Dec 21 12:33:41 <zoulhafi> kernel: [    0.166610] devtmpfs: initialized
Dec 21 12:33:41 <zoulhafi> kernel: [    0.166610] clocksource: jiffies: mask: 0xffffffff max_cycles: 0xffffffff, max_idle_ns: 1911260446275000 ns
Dec 21 12:33:41 <zoulhafi> kernel: [    0.166610] futex hash table entries: 256 (order: 2, 16384 bytes, linear)
Dec 21 12:33:41 <zoulhafi> kernel: [    0.167652] PM: RTC time: 11:33:37, date: 2021-12-21
Dec 21 12:33:41 <zoulhafi> kernel: [    0.168153] NET: Registered PF_NETLINK/PF_ROUTE protocol family
Dec 21 12:33:41 <zoulhafi> kernel: [    0.168621] audit: initializing netlink subsys (disabled)
Dec 21 12:33:41 <zoulhafi> kernel: [    0.168876] thermal_sys: Registered thermal governor 'step_wise'
Dec 21 12:33:41 <zoulhafi> kernel: [    0.168877] thermal_sys: Registered thermal governor 'user_space'
Dec 21 12:33:41 <zoulhafi> kernel: [    0.169088] audit: type=2000 audit(1640086417.123:1): state=initialized audit_enabled=0 res=1
Dec 21 12:33:41 <zoulhafi> kernel: [    0.169570] cpuidle: using governor menu
Dec 21 12:33:41 <zoulhafi> kernel: [    0.169610] PCI: Using configuration type 1 for base access
Dec 21 12:33:41 <zoulhafi> kernel: [    0.171137] kprobes: kprobe jump-optimization is enabled. All kprobes are optimized if possible.
Dec 21 12:33:41 <zoulhafi> kernel: [    0.171517] HugeTLB registered 2.00 MiB page size, pre-allocated 0 pages
Dec 21 12:33:41 <zoulhafi> kernel: [    0.171610] ACPI: Added _OSI(Module Device)
Dec 21 12:33:41 <zoulhafi> kernel: [    0.171610] ACPI: Added _OSI(Processor Device)
Dec 21 12:33:41 <zoulhafi> kernel: [    0.171610] ACPI: Added _OSI(3.0 _SCP Extensions)
Dec 21 12:33:41 <zoulhafi> kernel: [    0.171610] ACPI: Added _OSI(Processor Aggregator Device)
Dec 21 12:33:41 <zoulhafi> kernel: [    0.171610] ACPI: Added _OSI(Linux-Dell-Video)
Dec 21 12:33:41 <zoulhafi> kernel: [    0.171610] ACPI: Added _OSI(Linux-Lenovo-NV-HDMI-Audio)
Dec 21 12:33:41 <zoulhafi> kernel: [    0.171610] ACPI: Added _OSI(Linux-HPI-Hybrid-Graphics)
Dec 21 12:33:41 <zoulhafi> kernel: [    0.174378] ACPI: 2 ACPI AML tables successfully acquired and loaded
Dec 21 12:33:41 <zoulhafi> kernel: [    0.175500] ACPI: Interpreter enabled
Dec 21 12:33:41 <zoulhafi> kernel: [    0.175610] ACPI: PM: (supports S0 S5)
Dec 21 12:33:41 <zoulhafi> kernel: [    0.175610] ACPI: Using IOAPIC for interrupt routing
Dec 21 12:33:41 <zoulhafi> kernel: [    0.175610] PCI: Using host bridge windows from ACPI; if necessary, use "pci=nocrs" and report a bug
Dec 21 12:33:41 <zoulhafi> kernel: [    0.175610] ACPI: Enabled 2 GPEs in block 00 to 07
Dec 21 12:33:41 <zoulhafi> kernel: [    0.180650] ACPI: PCI Root Bridge [PCI0] (domain 0000 [bus 00-ff])
Dec 21 12:33:41 <zoulhafi> kernel: [    0.180861] acpi PNP0A03:00: _OSC: OS supports [ASPM ClockPM Segments MSI HPX-Type3]
Dec 21 12:33:41 <zoulhafi> kernel: [    0.181170] acpi PNP0A03:00: _OSC: not requesting OS control; OS requires [ExtendedConfig ASPM ClockPM MSI]
Dec 21 12:33:41 <zoulhafi> kernel: [    0.181610] acpi PNP0A03:00: fail to add MMCONFIG information, can't access extended PCI configuration space under this bridge.
Dec 21 12:33:41 <zoulhafi> kernel: [    0.181610] PCI host bridge to bus 0000:00
Dec 21 12:33:41 <zoulhafi> kernel: [    0.181610] pci_bus 0000:00: root bus resource [io  0x0000-0x0cf7 window]
Dec 21 12:33:41 <zoulhafi> kernel: [    0.181634] pci_bus 0000:00: root bus resource [io  0x0d00-0xffff window]
Dec 21 12:33:41 <zoulhafi> kernel: [    0.181846] pci_bus 0000:00: root bus resource [mem 0x000a0000-0x000bffff window]
Dec 21 12:33:41 <zoulhafi> kernel: [    0.182104] pci_bus 0000:00: root bus resource [mem 0x80000000-0xfdffffff window]
Dec 21 12:33:41 <zoulhafi> kernel: [    0.182363] pci_bus 0000:00: root bus resource [bus 00-ff]
Dec 21 12:33:41 <zoulhafi> kernel: [    0.183675] pci 0000:00:00.0: [8086:1237] type 00 class 0x060000
Dec 21 12:33:41 <zoulhafi> kernel: [    0.184575] pci 0000:00:01.0: [8086:7000] type 00 class 0x060100
Dec 21 12:33:41 <zoulhafi> kernel: [    0.185379] pci 0000:00:01.1: [8086:7111] type 00 class 0x01018a
Dec 21 12:33:41 <zoulhafi> kernel: [    0.185981] pci 0000:00:01.1: reg 0x20: [io  0xd000-0xd00f]
Dec 21 12:33:41 <zoulhafi> kernel: [    0.186422] pci 0000:00:01.1: legacy IDE quirk: reg 0x10: [io  0x01f0-0x01f7]
Dec 21 12:33:41 <zoulhafi> kernel: [    0.186610] pci 0000:00:01.1: legacy IDE quirk: reg 0x14: [io  0x03f6]
Dec 21 12:33:41 <zoulhafi> kernel: [    0.186610] pci 0000:00:01.1: legacy IDE quirk: reg 0x18: [io  0x0170-0x0177]
Dec 21 12:33:41 <zoulhafi> kernel: [    0.186610] pci 0000:00:01.1: legacy IDE quirk: reg 0x1c: [io  0x0376]
Dec 21 12:33:41 <zoulhafi> kernel: [    0.188416] pci 0000:00:02.0: [15ad:0405] type 00 class 0x030000
Dec 21 12:33:41 <zoulhafi> kernel: [    0.190630] pci 0000:00:02.0: reg 0x10: [io  0xd010-0xd01f]
Dec 21 12:33:41 <zoulhafi> kernel: [    0.192916] pci 0000:00:02.0: reg 0x14: [mem 0xf0000000-0xf7ffffff pref]
Dec 21 12:33:41 <zoulhafi> kernel: [    0.195361] pci 0000:00:02.0: reg 0x18: [mem 0xf8000000-0xf81fffff]
Dec 21 12:33:41 <zoulhafi> kernel: [    0.205808] pci 0000:00:03.0: [8086:100e] type 00 class 0x020000
Dec 21 12:33:41 <zoulhafi> kernel: [    0.207038] pci 0000:00:03.0: reg 0x10: [mem 0xf8200000-0xf821ffff]
Dec 21 12:33:41 <zoulhafi> kernel: [    0.209665] pci 0000:00:03.0: reg 0x18: [io  0xd020-0xd027]
Dec 21 12:33:41 <zoulhafi> kernel: [    0.215997] pci 0000:00:04.0: [80ee:cafe] type 00 class 0x088000
Dec 21 12:33:41 <zoulhafi> kernel: [    0.217020] pci 0000:00:04.0: reg 0x10: [io  0xd040-0xd05f]
Dec 21 12:33:41 <zoulhafi> kernel: [    0.218313] pci 0000:00:04.0: reg 0x14: [mem 0xf8400000-0xf87fffff]
Dec 21 12:33:41 <zoulhafi> kernel: [    0.220186] pci 0000:00:04.0: reg 0x18: [mem 0xf8800000-0xf8803fff pref]
Dec 21 12:33:41 <zoulhafi> kernel: [    0.224916] pci 0000:00:05.0: [8086:2415] type 00 class 0x040100
Dec 21 12:33:41 <zoulhafi> kernel: [    0.225298] pci 0000:00:05.0: reg 0x10: [io  0xd100-0xd1ff]
Dec 21 12:33:41 <zoulhafi> kernel: [    0.225626] pci 0000:00:05.0: reg 0x14: [io  0xd200-0xd23f]
Dec 21 12:33:41 <zoulhafi> kernel: [    0.226515] pci 0000:00:06.0: [106b:003f] type 00 class 0x0c0310
Dec 21 12:33:41 <zoulhafi> kernel: [    0.227715] pci 0000:00:06.0: reg 0x10: [mem 0xf8804000-0xf8804fff]
Dec 21 12:33:41 <zoulhafi> kernel: [    0.235678] pci 0000:00:07.0: [8086:7113] type 00 class 0x068000
Dec 21 12:33:41 <zoulhafi> kernel: [    0.236514] pci 0000:00:07.0: quirk: [io  0x4000-0x403f] claimed by PIIX4 ACPI
Dec 21 12:33:41 <zoulhafi> kernel: [    0.236610] pci 0000:00:07.0: quirk: [io  0x4100-0x410f] claimed by PIIX4 SMB
Dec 21 12:33:41 <zoulhafi> kernel: [    0.236975] pci 0000:00:0d.0: [8086:2829] type 00 class 0x010601
Dec 21 12:33:41 <zoulhafi> kernel: [    0.238185] pci 0000:00:0d.0: reg 0x10: [io  0xd240-0xd247]
Dec 21 12:33:41 <zoulhafi> kernel: [    0.240172] pci 0000:00:0d.0: reg 0x14: [io  0xd248-0xd24b]
Dec 21 12:33:41 <zoulhafi> kernel: [    0.241715] pci 0000:00:0d.0: reg 0x18: [io  0xd250-0xd257]
Dec 21 12:33:41 <zoulhafi> kernel: [    0.244377] pci 0000:00:0d.0: reg 0x1c: [io  0xd258-0xd25b]
Dec 21 12:33:41 <zoulhafi> kernel: [    0.246208] pci 0000:00:0d.0: reg 0x20: [io  0xd260-0xd26f]
Dec 21 12:33:41 <zoulhafi> kernel: [    0.252754] pci 0000:00:0d.0: reg 0x24: [mem 0xf8806000-0xf8807fff]
Dec 21 12:33:41 <zoulhafi> kernel: [    0.256355] ACPI: PCI: Interrupt link LNKA configured for IRQ 11
Dec 21 12:33:41 <zoulhafi> kernel: [    0.256828] ACPI: PCI: Interrupt link LNKB configured for IRQ 10
Dec 21 12:33:41 <zoulhafi> kernel: [    0.257275] ACPI: PCI: Interrupt link LNKC configured for IRQ 9
Dec 21 12:33:41 <zoulhafi> kernel: [    0.257620] ACPI: PCI: Interrupt link LNKD configured for IRQ 11
Dec 21 12:33:41 <zoulhafi> kernel: [    0.257968] iommu: Default domain type: Translated 
Dec 21 12:33:41 <zoulhafi> kernel: [    0.258143] iommu: DMA domain TLB invalidation policy: lazy mode 
Dec 21 12:33:41 <zoulhafi> kernel: [    0.258400] pci 0000:00:02.0: vgaarb: setting as boot VGA device
Dec 21 12:33:41 <zoulhafi> kernel: [    0.258596] pci 0000:00:02.0: vgaarb: VGA device added: decodes=io+mem,owns=io+mem,locks=none
Dec 21 12:33:41 <zoulhafi> kernel: [    0.258610] pci 0000:00:02.0: vgaarb: bridge control possible
Dec 21 12:33:41 <zoulhafi> kernel: [    0.258610] vgaarb: loaded
Dec 21 12:33:41 <zoulhafi> kernel: [    0.258610] SCSI subsystem initialized
Dec 21 12:33:41 <zoulhafi> kernel: [    0.258610] libata version 3.00 loaded.
Dec 21 12:33:41 <zoulhafi> kernel: [    0.258610] ACPI: bus type USB registered
Dec 21 12:33:41 <zoulhafi> kernel: [    0.258610] usbcore: registered new interface driver usbfs
Dec 21 12:33:41 <zoulhafi> kernel: [    0.258610] usbcore: registered new interface driver hub
Dec 21 12:33:41 <zoulhafi> kernel: [    0.258610] usbcore: registered new device driver usb
Dec 21 12:33:41 <zoulhafi> kernel: [    0.258610] pps_core: LinuxPPS API ver. 1 registered
Dec 21 12:33:41 <zoulhafi> kernel: [    0.258610] pps_core: Software ver. 5.3.6 - Copyright 2005-2007 Rodolfo Giometti <giometti@linux.it>
Dec 21 12:33:41 <zoulhafi> kernel: [    0.258610] PTP clock support registered
Dec 21 12:33:41 <zoulhafi> kernel: [    0.258610] Advanced Linux Sound Architecture Driver Initialized.
Dec 21 12:33:41 <zoulhafi> kernel: [    0.261665] NetLabel: Initializing
Dec 21 12:33:41 <zoulhafi> kernel: [    0.261838] NetLabel:  domain hash size = 128
Dec 21 12:33:41 <zoulhafi> kernel: [    0.261998] NetLabel:  protocols = UNLABELED CIPSOv4 CALIPSO
Dec 21 12:33:41 <zoulhafi> kernel: [    0.262272] NetLabel:  unlabeled traffic allowed by default
Dec 21 12:33:41 <zoulhafi> kernel: [    0.262485] PCI: Using ACPI for IRQ routing
Dec 21 12:33:41 <zoulhafi> kernel: [    0.262610] PCI: pci_cache_line_size set to 64 bytes
Dec 21 12:33:41 <zoulhafi> kernel: [    0.262821] e820: reserve RAM buffer [mem 0x0009fc00-0x0009ffff]
Dec 21 12:33:41 <zoulhafi> kernel: [    0.262826] e820: reserve RAM buffer [mem 0x7fff0000-0x7fffffff]
Dec 21 12:33:41 <zoulhafi> kernel: [    0.262878] clocksource: Switched to clocksource tsc-early
Dec 21 12:33:41 <zoulhafi> kernel: [    0.269740] VFS: Disk quotas dquot_6.6.0
Dec 21 12:33:41 <zoulhafi> kernel: [    0.269913] VFS: Dquot-cache hash table entries: 512 (order 0, 4096 bytes)
Dec 21 12:33:41 <zoulhafi> kernel: [    0.270166] pnp: PnP ACPI init
Dec 21 12:33:41 <zoulhafi> kernel: [    0.271232] pnp: PnP ACPI: found 3 devices
Dec 21 12:33:41 <zoulhafi> kernel: [    0.276980] clocksource: acpi_pm: mask: 0xffffff max_cycles: 0xffffff, max_idle_ns: 2085701024 ns
Dec 21 12:33:41 <zoulhafi> kernel: [    0.352191] NET: Registered PF_INET protocol family
Dec 21 12:33:41 <zoulhafi> kernel: [    0.352313] IP idents hash table entries: 32768 (order: 6, 262144 bytes, linear)
Dec 21 12:33:41 <zoulhafi> kernel: [    0.352313] tcp_listen_portaddr_hash hash table entries: 1024 (order: 2, 16384 bytes, linear)
Dec 21 12:33:41 <zoulhafi> kernel: [    0.352313] TCP established hash table entries: 16384 (order: 5, 131072 bytes, linear)
Dec 21 12:33:41 <zoulhafi> kernel: [    0.352313] TCP bind hash table entries: 16384 (order: 6, 262144 bytes, linear)
Dec 21 12:33:41 <zoulhafi> kernel: [    0.353786] TCP: Hash tables configured (established 16384 bind 16384)
Dec 21 12:33:41 <zoulhafi> kernel: [    0.354329] UDP hash table entries: 1024 (order: 3, 32768 bytes, linear)
Dec 21 12:33:41 <zoulhafi> kernel: [    0.354548] UDP-Lite hash table entries: 1024 (order: 3, 32768 bytes, linear)
Dec 21 12:33:41 <zoulhafi> kernel: [    0.354790] NET: Registered PF_UNIX/PF_LOCAL protocol family
Dec 21 12:33:41 <zoulhafi> kernel: [    0.355048] RPC: Registered named UNIX socket transport module.
Dec 21 12:33:41 <zoulhafi> kernel: [    0.355258] RPC: Registered udp transport module.
Dec 21 12:33:41 <zoulhafi> kernel: [    0.355299] RPC: Registered tcp transport module.
Dec 21 12:33:41 <zoulhafi> kernel: [    0.355299] RPC: Registered tcp NFSv4.1 backchannel transport module.
Dec 21 12:33:41 <zoulhafi> kernel: [    0.355299] pci_bus 0000:00: resource 4 [io  0x0000-0x0cf7 window]
Dec 21 12:33:41 <zoulhafi> kernel: [    0.355299] pci_bus 0000:00: resource 5 [io  0x0d00-0xffff window]
Dec 21 12:33:41 <zoulhafi> kernel: [    0.356436] pci_bus 0000:00: resource 6 [mem 0x000a0000-0x000bffff window]
Dec 21 12:33:41 <zoulhafi> kernel: [    0.356529] pci_bus 0000:00: resource 7 [mem 0x80000000-0xfdffffff window]
Dec 21 12:33:41 <zoulhafi> kernel: [    0.357093] pci 0000:00:00.0: Limiting direct PCI/PCI transfers
Dec 21 12:33:41 <zoulhafi> kernel: [    0.357319] pci 0000:00:01.0: Activating ISA DMA hang workarounds
Dec 21 12:33:41 <zoulhafi> kernel: [    0.357588] pci 0000:00:02.0: Video device with shadowed ROM at [mem 0x000c0000-0x000dffff]
Dec 21 12:33:41 <zoulhafi> kernel: [    0.359081] PCI: CLS 0 bytes, default 64
Dec 21 12:33:41 <zoulhafi> kernel: [    0.359305] RAPL PMU: API unit is 2^-32 Joules, 0 fixed counters, 10737418240 ms ovfl timer
Dec 21 12:33:41 <zoulhafi> kernel: [    0.359621] platform rtc_cmos: registered platform RTC device (no PNP device found)
Dec 21 12:33:41 <zoulhafi> kernel: [    0.359852] Initialise system trusted keyrings
Dec 21 12:33:41 <zoulhafi> kernel: [    0.360129] workingset: timestamp_bits=56 max_order=19 bucket_order=0
Dec 21 12:33:41 <zoulhafi> kernel: [    0.361708] NFS: Registering the id_resolver key type
Dec 21 12:33:41 <zoulhafi> kernel: [    0.361892] Key type id_resolver registered
Dec 21 12:33:41 <zoulhafi> kernel: [    0.362119] Key type id_legacy registered
Dec 21 12:33:41 <zoulhafi> kernel: [    0.369720] Key type asymmetric registered
Dec 21 12:33:41 <zoulhafi> kernel: [    0.369889] Asymmetric key parser 'x509' registered
Dec 21 12:33:41 <zoulhafi> kernel: [    0.370096] Block layer SCSI generic (bsg) driver version 0.4 loaded (major 251)
Dec 21 12:33:41 <zoulhafi> kernel: [    0.370306] io scheduler mq-deadline registered
Dec 21 12:33:41 <zoulhafi> kernel: [    0.370306] io scheduler kyber registered
Dec 21 12:33:41 <zoulhafi> kernel: [    0.370748] ACPI: AC: AC Adapter [AC] (on-line)
Dec 21 12:33:41 <zoulhafi> kernel: [    0.370748] input: Power Button as /devices/LNXSYSTM:00/LNXPWRBN:00/input/input0
Dec 21 12:33:41 <zoulhafi> kernel: [    0.371008] ACPI: button: Power Button [PWRF]
Dec 21 12:33:41 <zoulhafi> kernel: [    0.371255] input: Sleep Button as /devices/LNXSYSTM:00/LNXSLPBN:00/input/input1
Dec 21 12:33:41 <zoulhafi> kernel: [    0.371541] ACPI: button: Sleep Button [SLPF]
Dec 21 12:33:41 <zoulhafi> kernel: [    0.372114] ACPI: video: Video Device [GFX0] (multi-head: yes  rom: no  post: no)
Dec 21 12:33:41 <zoulhafi> kernel: [    0.372316] input: Video Bus as /devices/LNXSYSTM:00/LNXSYBUS:00/PNP0A03:00/LNXVIDEO:00/input/input2
Dec 21 12:33:41 <zoulhafi> kernel: [    0.372729] Serial: 8250/16550 driver, 4 ports, IRQ sharing enabled
Dec 21 12:33:41 <zoulhafi> kernel: [    0.373058] 00:02: ttyS0 at I/O 0x3f8 (irq = 4, base_baud = 115200) is a 16550A
Dec 21 12:33:41 <zoulhafi> kernel: [    0.373299] Non-volatile memory driver v1.3
Dec 21 12:33:41 <zoulhafi> kernel: [    0.373299] Linux agpgart interface v0.103
Dec 21 12:33:41 <zoulhafi> kernel: [    0.374112] ACPI: bus type drm_connector registered
Dec 21 12:33:41 <zoulhafi> kernel: [    0.374948] loop: module loaded
Dec 21 12:33:41 <zoulhafi> kernel: [    0.375121] ahci 0000:00:0d.0: version 3.0
Dec 21 12:33:41 <zoulhafi> kernel: [    0.375529] ahci 0000:00:0d.0: SSS flag set, parallel bus scan disabled
Dec 21 12:33:41 <zoulhafi> kernel: [    0.375865] ahci 0000:00:0d.0: AHCI 0001.0100 32 slots 1 ports 3 Gbps 0x1 impl SATA mode
Dec 21 12:33:41 <zoulhafi> kernel: [    0.376176] ahci 0000:00:0d.0: flags: 64bit ncq stag only ccc 
Dec 21 12:33:41 <zoulhafi> kernel: [    0.376453] scsi host0: ahci
Dec 21 12:33:41 <zoulhafi> kernel: [    0.376624] ata1: SATA max UDMA/133 abar m8192@0xf8806000 port 0xf8806100 irq 21
Dec 21 12:33:41 <zoulhafi> kernel: [    0.376897] ata_piix 0000:00:01.1: version 2.13
Dec 21 12:33:41 <zoulhafi> kernel: [    0.377251] scsi host1: ata_piix
Dec 21 12:33:41 <zoulhafi> kernel: [    0.377369] scsi host2: ata_piix
Dec 21 12:33:41 <zoulhafi> kernel: [    0.377369] ata2: PATA max UDMA/33 cmd 0x1f0 ctl 0x3f6 bmdma 0xd000 irq 14
Dec 21 12:33:41 <zoulhafi> kernel: [    0.377369] ata3: PATA max UDMA/33 cmd 0x170 ctl 0x376 bmdma 0xd008 irq 15
Dec 21 12:33:41 <zoulhafi> kernel: [    0.377369] libphy: Fixed MDIO Bus: probed
Dec 21 12:33:41 <zoulhafi> kernel: [    0.379027] e100: Intel(R) PRO/100 Network Driver
Dec 21 12:33:41 <zoulhafi> kernel: [    0.379259] e100: Copyright(c) 1999-2006 Intel Corporation
Dec 21 12:33:41 <zoulhafi> kernel: [    0.379448] e1000: Intel(R) PRO/1000 Network Driver
Dec 21 12:33:41 <zoulhafi> kernel: [    0.379620] e1000: Copyright (c) 1999-2006 Intel Corporation.
Dec 21 12:33:41 <zoulhafi> kernel: [    0.548306] ata3.00: ATAPI: VBOX CD-ROM, 1.0, max UDMA/133
Dec 21 12:33:41 <zoulhafi> kernel: [    0.697547] ata1: SATA link up 3.0 Gbps (SStatus 123 SControl 300)
Dec 21 12:33:41 <zoulhafi> kernel: [    0.698102] ata1.00: ATA-6: VBOX HARDDISK, 1.0, max UDMA/133
Dec 21 12:33:41 <zoulhafi> kernel: [    0.698306] ata1.00: 104857600 sectors, multi 128: LBA48 NCQ (depth 32)
Dec 21 12:33:41 <zoulhafi> kernel: [    0.703018] ata1.00: Read log 0x00 page 0x00 failed, Emask 0x1
Dec 21 12:33:41 <zoulhafi> kernel: [    0.708242] ata1.00: configured for UDMA/133
Dec 21 12:33:41 <zoulhafi> kernel: [    0.708292] scsi 0:0:0:0: Direct-Access     ATA      VBOX HARDDISK    1.0  PQ: 0 ANSI: 5
Dec 21 12:33:41 <zoulhafi> kernel: [    0.708292] sd 0:0:0:0: Attached scsi generic sg0 type 0
Dec 21 12:33:41 <zoulhafi> kernel: [    0.709897] sd 0:0:0:0: [sda] 104857600 512-byte logical blocks: (53.7 GB/50.0 GiB)
Dec 21 12:33:41 <zoulhafi> kernel: [    0.710187] sd 0:0:0:0: [sda] Write Protect is off
Dec 21 12:33:41 <zoulhafi> kernel: [    0.710355] sd 0:0:0:0: [sda] Mode Sense: 00 3a 00 00
Dec 21 12:33:41 <zoulhafi> kernel: [    0.710362] sd 0:0:0:0: [sda] Write cache: enabled, read cache: enabled, doesn't support DPO or FUA
Dec 21 12:33:41 <zoulhafi> kernel: [    0.710590] scsi 2:0:0:0: CD-ROM            VBOX     CD-ROM           1.0  PQ: 0 ANSI: 5
Dec 21 12:33:41 <zoulhafi> kernel: [    0.722683]  sda: sda1 sda2 sda3
Dec 21 12:33:41 <zoulhafi> kernel: [    0.722990] sd 0:0:0:0: [sda] Attached SCSI disk
Dec 21 12:33:41 <zoulhafi> kernel: [    0.748785] sr 2:0:0:0: [sr0] scsi3-mmc drive: 32x/32x xa/form2 tray
Dec 21 12:33:41 <zoulhafi> kernel: [    0.749000] cdrom: Uniform CD-ROM driver Revision: 3.20
Dec 21 12:33:41 <zoulhafi> kernel: [    0.763827] sr 2:0:0:0: Attached scsi CD-ROM sr0
Dec 21 12:33:41 <zoulhafi> kernel: [    0.763968] sr 2:0:0:0: Attached scsi generic sg1 type 5
Dec 21 12:33:41 <zoulhafi> kernel: [    0.785414] e1000 0000:00:03.0 eth0: (PCI:33MHz:32-bit) 08:00:27:44:6c:46
Dec 21 12:33:41 <zoulhafi> kernel: [    0.785566] e1000 0000:00:03.0 eth0: Intel(R) PRO/1000 Network Connection
Dec 21 12:33:41 <zoulhafi> kernel: [    0.785800] e1000e: Intel(R) PRO/1000 Network Driver
Dec 21 12:33:41 <zoulhafi> kernel: [    0.785974] e1000e: Copyright(c) 1999 - 2015 Intel Corporation.
Dec 21 12:33:41 <zoulhafi> kernel: [    0.786176] sky2: driver version 1.30
Dec 21 12:33:41 <zoulhafi> kernel: [    0.786386] ehci_hcd: USB 2.0 'Enhanced' Host Controller (EHCI) Driver
Dec 21 12:33:41 <zoulhafi> kernel: [    0.786414] ehci-pci: EHCI PCI platform driver
Dec 21 12:33:41 <zoulhafi> kernel: [    0.786414] ohci_hcd: USB 1.1 'Open' Host Controller (OHCI) Driver
Dec 21 12:33:41 <zoulhafi> kernel: [    0.786414] ohci-pci: OHCI PCI platform driver
Dec 21 12:33:41 <zoulhafi> kernel: [    0.788303] ohci-pci 0000:00:06.0: OHCI PCI host controller
Dec 21 12:33:41 <zoulhafi> kernel: [    0.788517] ohci-pci 0000:00:06.0: new USB bus registered, assigned bus number 1
Dec 21 12:33:41 <zoulhafi> kernel: [    0.788895] ohci-pci 0000:00:06.0: irq 22, io mem 0xf8804000
Dec 21 12:33:41 <zoulhafi> kernel: [    0.842319] usb usb1: New USB device found, idVendor=1d6b, idProduct=0001, bcdDevice= 5.16
Dec 21 12:33:41 <zoulhafi> kernel: [    0.842609] usb usb1: New USB device strings: Mfr=3, Product=2, SerialNumber=1
Dec 21 12:33:41 <zoulhafi> kernel: [    0.842876] usb usb1: Product: OHCI PCI host controller
Dec 21 12:33:41 <zoulhafi> kernel: [    0.843163] usb usb1: Manufacturer: Linux 5.16.0-rc5-next-20211220-zoulhafi ohci_hcd
Dec 21 12:33:41 <zoulhafi> kernel: [    0.843296] usb usb1: SerialNumber: 0000:00:06.0
Dec 21 12:33:41 <zoulhafi> kernel: [    0.843296] hub 1-0:1.0: USB hub found
Dec 21 12:33:41 <zoulhafi> kernel: [    0.843296] hub 1-0:1.0: 12 ports detected
Dec 21 12:33:41 <zoulhafi> kernel: [    0.844511] uhci_hcd: USB Universal Host Controller Interface driver
Dec 21 12:33:41 <zoulhafi> kernel: [    0.844740] usbcore: registered new interface driver usblp
Dec 21 12:33:41 <zoulhafi> kernel: [    0.844931] usbcore: registered new interface driver usb-storage
Dec 21 12:33:41 <zoulhafi> kernel: [    0.845142] i8042: PNP: PS/2 Controller [PNP0303:PS2K,PNP0f03:PS2M] at 0x60,0x64 irq 1,12
Dec 21 12:33:41 <zoulhafi> kernel: [    0.845783] serio: i8042 KBD port at 0x60,0x64 irq 1
Dec 21 12:33:41 <zoulhafi> kernel: [    0.845961] serio: i8042 AUX port at 0x60,0x64 irq 12
Dec 21 12:33:41 <zoulhafi> kernel: [    0.846364] input: AT Translated Set 2 keyboard as /devices/platform/i8042/serio0/input/input3
Dec 21 12:33:41 <zoulhafi> kernel: [    0.847581] rtc_cmos rtc_cmos: registered as rtc0
Dec 21 12:33:41 <zoulhafi> kernel: [    0.847762] rtc_cmos rtc_cmos: alarms up to one day, 114 bytes nvram
Dec 21 12:33:41 <zoulhafi> kernel: [    0.848054] device-mapper: ioctl: 4.45.0-ioctl (2021-03-22) initialised: dm-devel@redhat.com
Dec 21 12:33:41 <zoulhafi> kernel: [    0.848337] intel_pstate: CPU model not supported
Dec 21 12:33:41 <zoulhafi> kernel: [    0.848346] hid: raw HID events driver (C) Jiri Kosina
Dec 21 12:33:41 <zoulhafi> kernel: [    0.848346] usbcore: registered new interface driver usbhid
Dec 21 12:33:41 <zoulhafi> kernel: [    0.848346] usbhid: USB HID core driver
Dec 21 12:33:41 <zoulhafi> kernel: [    0.848346] Initializing XFRM netlink socket
Dec 21 12:33:41 <zoulhafi> kernel: [    0.848346] NET: Registered PF_INET6 protocol family
Dec 21 12:33:41 <zoulhafi> kernel: [    0.848346] Segment Routing with IPv6
Dec 21 12:33:41 <zoulhafi> kernel: [    0.848346] In-situ OAM (IOAM) with IPv6
Dec 21 12:33:41 <zoulhafi> kernel: [    0.850320] sit: IPv6, IPv4 and MPLS over IPv4 tunneling driver
Dec 21 12:33:41 <zoulhafi> kernel: [    0.850676] NET: Registered PF_PACKET protocol family
Dec 21 12:33:41 <zoulhafi> kernel: [    0.850870] Key type dns_resolver registered
Dec 21 12:33:41 <zoulhafi> kernel: [    0.851080] IPI shorthand broadcast: enabled
Dec 21 12:33:41 <zoulhafi> kernel: [    0.851247] sched_clock: Marking stable (823734472, 26554550)->(856510460, -6221438)
Dec 21 12:33:41 <zoulhafi> kernel: [    0.851566] registered taskstats version 1
Dec 21 12:33:41 <zoulhafi> kernel: [    0.851723] Loading compiled-in X.509 certificates
Dec 21 12:33:41 <zoulhafi> kernel: [    0.851952] cryptomgr_test (45) used greatest stack depth: 15432 bytes left
Dec 21 12:33:41 <zoulhafi> kernel: [    0.853050] PM:   Magic number: 1:810:580
Dec 21 12:33:41 <zoulhafi> kernel: [    0.853313] printk: console [netcon0] enabled
Dec 21 12:33:41 <zoulhafi> kernel: [    0.853479] netconsole: network logging started
Dec 21 12:33:41 <zoulhafi> kernel: [    0.853689] cfg80211: Loading compiled-in X.509 certificates for regulatory database
Dec 21 12:33:41 <zoulhafi> kernel: [    0.854296] kworker/u2:3 (67) used greatest stack depth: 14616 bytes left
Dec 21 12:33:41 <zoulhafi> kernel: [    0.854683] cfg80211: Loaded X.509 cert 'sforshee: 00b28ddf47aef9cea7'
Dec 21 12:33:41 <zoulhafi> kernel: [    0.854898] ALSA device list:
Dec 21 12:33:41 <zoulhafi> kernel: [    0.855089]   No soundcards found.
Dec 21 12:33:41 <zoulhafi> kernel: [    0.855256] platform regulatory.0: Direct firmware load for regulatory.db failed with error -2
Dec 21 12:33:41 <zoulhafi> kernel: [    0.855543] cfg80211: failed to load regulatory.db
Dec 21 12:33:41 <zoulhafi> kernel: [    1.051885] random: fast init done
Dec 21 12:33:41 <zoulhafi> kernel: [    1.053010] input: ImExPS/2 Generic Explorer Mouse as /devices/platform/i8042/serio1/input/input5
Dec 21 12:33:41 <zoulhafi> kernel: [    1.053393] md: Waiting for all devices to be available before autodetect
Dec 21 12:33:41 <zoulhafi> kernel: [    1.053645] md: If you don't use raid, use raid=noautodetect
Dec 21 12:33:41 <zoulhafi> kernel: [    1.053829] md: Autodetecting RAID arrays.
Dec 21 12:33:41 <zoulhafi> kernel: [    1.053981] md: autorun ...
Dec 21 12:33:41 <zoulhafi> kernel: [    1.054135] md: ... autorun DONE.
Dec 21 12:33:41 <zoulhafi> kernel: [    1.080224] EXT4-fs (sda3): mounted filesystem with ordered data mode. Quota mode: none.
Dec 21 12:33:41 <zoulhafi> kernel: [    1.080530] VFS: Mounted root (ext4 filesystem) readonly on device 8:3.
Dec 21 12:33:41 <zoulhafi> kernel: [    1.091518] devtmpfs: mounted
Dec 21 12:33:41 <zoulhafi> kernel: [    1.091802] Freeing unused kernel image (initmem) memory: 1248K
Dec 21 12:33:41 <zoulhafi> kernel: [    1.092013] Write protecting the kernel read-only data: 22528k
Dec 21 12:33:41 <zoulhafi> kernel: [    1.092494] Freeing unused kernel image (text/rodata gap) memory: 2032K
Dec 21 12:33:41 <zoulhafi> kernel: [    1.093560] Freeing unused kernel image (rodata/data gap) memory: 388K
Dec 21 12:33:41 <zoulhafi> kernel: [    1.093782] Run /sbin/init as init process
Dec 21 12:33:41 <zoulhafi> kernel: [    1.093943]   with arguments:
Dec 21 12:33:41 <zoulhafi> kernel: [    1.093944]     /sbin/init
Dec 21 12:33:41 <zoulhafi> kernel: [    1.093944]   with environment:
Dec 21 12:33:41 <zoulhafi> kernel: [    1.093944]     HOME=/
Dec 21 12:33:41 <zoulhafi> kernel: [    1.093945]     TERM=linux
Dec 21 12:33:41 <zoulhafi> kernel: [    1.093945]     BOOT_IMAGE=/vmlinuz-5.16.0-rc5-next-20211220-zoulhafi
Dec 21 12:33:41 <zoulhafi> kernel: [    1.121666] usb 1-1: new full-speed USB device number 2 using ohci-pci
Dec 21 12:33:41 <zoulhafi> kernel: [    1.293749] stty (77) used greatest stack depth: 13672 bytes left
Dec 21 12:33:41 <zoulhafi> kernel: [    1.360760] usb 1-1: New USB device found, idVendor=80ee, idProduct=0021, bcdDevice= 1.00
Dec 21 12:33:41 <zoulhafi> kernel: [    1.361046] usb 1-1: New USB device strings: Mfr=1, Product=3, SerialNumber=0
Dec 21 12:33:41 <zoulhafi> kernel: [    1.361265] usb 1-1: Product: USB Tablet
Dec 21 12:33:41 <zoulhafi> kernel: [    1.361418] usb 1-1: Manufacturer: VirtualBox
Dec 21 12:33:41 <zoulhafi> kernel: [    1.371271] input: VirtualBox USB Tablet as /devices/pci0000:00/0000:00:06.0/usb1/1-1/1-1:1.0/0003:80EE:0021.0001/input/input6
Dec 21 12:33:41 <zoulhafi> kernel: [    1.371700] hid-generic 0003:80EE:0021.0001: input,hidraw0: USB HID v1.10 Mouse [VirtualBox USB Tablet] on usb-0000:00:06.0-1/input0
Dec 21 12:33:41 <zoulhafi> kernel: [    1.422626] tsc: Refined TSC clocksource calibration: 3407.070 MHz
Dec 21 12:33:41 <zoulhafi> kernel: [    1.422655] clocksource: tsc: mask: 0xffffffffffffffff max_cycles: 0x311c659a9d1, max_idle_ns: 440795376101 ns
Dec 21 12:33:41 <zoulhafi> kernel: [    1.423070] clocksource: Switched to clocksource tsc
Dec 21 12:33:41 <zoulhafi> kernel: [    1.480477] ip (129) used greatest stack depth: 12336 bytes left
Dec 21 12:33:41 <zoulhafi> kernel: <30>[    1.519868] udevd[154]: starting version 3.2.10
Dec 21 12:33:41 <zoulhafi> kernel: [    1.584958] random: udevd: uninitialized urandom read (16 bytes read)
Dec 21 12:33:41 <zoulhafi> kernel: [    1.585906] random: udevd: uninitialized urandom read (16 bytes read)
Dec 21 12:33:41 <zoulhafi> kernel: [    1.595904] random: udevd: uninitialized urandom read (16 bytes read)
Dec 21 12:33:41 <zoulhafi> kernel: <30>[    1.656334] udevd[155]: starting eudev-3.2.10
Dec 21 12:33:41 <zoulhafi> kernel: [    1.810928] e1000 0000:00:03.0 enp0s3: renamed from eth0
Dec 21 12:33:41 <zoulhafi> kernel: [    1.979503] random: crng init done
Dec 21 12:33:41 <zoulhafi> kernel: [    1.979657] random: 3 urandom warning(s) missed due to ratelimiting
Dec 21 12:33:41 <zoulhafi> kernel: [    2.534812] Adding 2097148k swap on /dev/sda2.  Priority:1 extents:1 across:2097148k 
Dec 21 12:33:41 <zoulhafi> kernel: [    2.551607] EXT4-fs (sda3): re-mounted. Quota mode: none.
Dec 21 12:33:41 <zoulhafi> kernel: [    2.641969] EXT4-fs (sda3): re-mounted. Quota mode: none.
Dec 21 12:33:41 <zoulhafi> kernel: [    2.662924] EXT4-fs (sda1): mounting ext2 file system using the ext4 subsystem
Dec 21 12:33:41 <zoulhafi> kernel: [    2.665399] EXT4-fs (sda1): mounted filesystem without journal. Quota mode: none.
Dec 21 12:33:41 <zoulhafi> kernel: [    3.774549] e1000: enp0s3 NIC Link is Up 1000 Mbps Full Duplex, Flow Control: RX
Dec 21 12:33:41 <zoulhafi> kernel: [    3.775033] IPv6: ADDRCONF(NETDEV_CHANGE): enp0s3: link becomes ready
