Dec 11 16:39:40 <zoulhafi> kernel: klogd 1.5.1, log source = /proc/kmsg started.
Dec 11 16:39:40 <zoulhafi> kernel: Cannot find map file.
Dec 11 16:39:40 <zoulhafi> kernel: Loaded 56690 symbols from 1 module.
Dec 11 16:39:40 <zoulhafi> kernel: [    0.000000] Linux version 5.16.0-rc4-zoulhafi-00260-g6f513529296f (root@<zoulhafi>) (gcc (GCC) 11.2.0, GNU ld (GNU Binutils) 2.37) #1 SMP PREEMPT Sat Dec 11 15:01:34 +01 2021
Dec 11 16:39:40 <zoulhafi> kernel: [    0.000000] Command line: BOOT_IMAGE=/vmlinuz-5.16.0-rc4 root=/dev/sda3 ro
Dec 11 16:39:40 <zoulhafi> kernel: [    0.000000] x86/fpu: Supporting XSAVE feature 0x001: 'x87 floating point registers'
Dec 11 16:39:40 <zoulhafi> kernel: [    0.000000] x86/fpu: Supporting XSAVE feature 0x002: 'SSE registers'
Dec 11 16:39:40 <zoulhafi> kernel: [    0.000000] x86/fpu: Supporting XSAVE feature 0x004: 'AVX registers'
Dec 11 16:39:40 <zoulhafi> kernel: [    0.000000] x86/fpu: xstate_offset[2]:  576, xstate_sizes[2]:  256
Dec 11 16:39:40 <zoulhafi> kernel: [    0.000000] x86/fpu: Enabled xstate features 0x7, context size is 832 bytes, using 'standard' format.
Dec 11 16:39:40 <zoulhafi> kernel: [    0.000000] signal: max sigframe size: 1776
Dec 11 16:39:40 <zoulhafi> kernel: [    0.000000] BIOS-provided physical RAM map:
Dec 11 16:39:40 <zoulhafi> kernel: [    0.000000] BIOS-e820: [mem 0x0000000000000000-0x000000000009fbff] usable
Dec 11 16:39:40 <zoulhafi> kernel: [    0.000000] BIOS-e820: [mem 0x000000000009fc00-0x000000000009ffff] reserved
Dec 11 16:39:40 <zoulhafi> kernel: [    0.000000] BIOS-e820: [mem 0x00000000000f0000-0x00000000000fffff] reserved
Dec 11 16:39:40 <zoulhafi> kernel: [    0.000000] BIOS-e820: [mem 0x0000000000100000-0x000000007ffeffff] usable
Dec 11 16:39:40 <zoulhafi> kernel: [    0.000000] BIOS-e820: [mem 0x000000007fff0000-0x000000007fffffff] ACPI data
Dec 11 16:39:40 <zoulhafi> kernel: [    0.000000] BIOS-e820: [mem 0x00000000fec00000-0x00000000fec00fff] reserved
Dec 11 16:39:40 <zoulhafi> kernel: [    0.000000] BIOS-e820: [mem 0x00000000fee00000-0x00000000fee00fff] reserved
Dec 11 16:39:40 <zoulhafi> kernel: [    0.000000] BIOS-e820: [mem 0x00000000fffc0000-0x00000000ffffffff] reserved
Dec 11 16:39:40 <zoulhafi> kernel: [    0.000000] NX (Execute Disable) protection: active
Dec 11 16:39:40 <zoulhafi> kernel: [    0.000000] SMBIOS 2.5 present.
Dec 11 16:39:40 <zoulhafi> kernel: [    0.000000] DMI: innotek GmbH VirtualBox/VirtualBox, BIOS VirtualBox 12/01/2006
Dec 11 16:39:40 <zoulhafi> kernel: [    0.000000] tsc: Fast TSC calibration failed
Dec 11 16:39:40 <zoulhafi> kernel: [    0.000000] e820: update [mem 0x00000000-0x00000fff] usable ==> reserved
Dec 11 16:39:40 <zoulhafi> kernel: [    0.000000] e820: remove [mem 0x000a0000-0x000fffff] usable
Dec 11 16:39:40 <zoulhafi> kernel: [    0.000000] last_pfn = 0x7fff0 max_arch_pfn = 0x400000000
Dec 11 16:39:40 <zoulhafi> kernel: [    0.000000] Disabled
Dec 11 16:39:40 <zoulhafi> kernel: [    0.000000] x86/PAT: MTRRs disabled, skipping PAT initialization too.
Dec 11 16:39:40 <zoulhafi> kernel: [    0.000000] CPU MTRRs all blank - virtualized system.
Dec 11 16:39:40 <zoulhafi> kernel: [    0.000000] x86/PAT: Configuration [0-7]: WB  WT  UC- UC  WB  WT  UC- UC  
Dec 11 16:39:40 <zoulhafi> kernel: [    0.000000] found SMP MP-table at [mem 0x0009fff0-0x0009ffff]
Dec 11 16:39:40 <zoulhafi> kernel: [    0.000000] ACPI: Early table checksum verification disabled
Dec 11 16:39:40 <zoulhafi> kernel: [    0.000000] ACPI: RSDP 0x00000000000E0000 000024 (v02 VBOX  )
Dec 11 16:39:40 <zoulhafi> kernel: [    0.000000] ACPI: XSDT 0x000000007FFF0030 00003C (v01 VBOX   VBOXXSDT 00000001 ASL  00000061)
Dec 11 16:39:40 <zoulhafi> kernel: [    0.000000] ACPI: FACP 0x000000007FFF00F0 0000F4 (v04 VBOX   VBOXFACP 00000001 ASL  00000061)
Dec 11 16:39:40 <zoulhafi> kernel: [    0.000000] ACPI: DSDT 0x000000007FFF0470 002325 (v02 VBOX   VBOXBIOS 00000002 INTL 20100528)
Dec 11 16:39:40 <zoulhafi> kernel: [    0.000000] ACPI: FACS 0x000000007FFF0200 000040
Dec 11 16:39:40 <zoulhafi> kernel: [    0.000000] ACPI: FACS 0x000000007FFF0200 000040
Dec 11 16:39:40 <zoulhafi> kernel: [    0.000000] ACPI: APIC 0x000000007FFF0240 000054 (v02 VBOX   VBOXAPIC 00000001 ASL  00000061)
Dec 11 16:39:40 <zoulhafi> kernel: [    0.000000] ACPI: SSDT 0x000000007FFF02A0 0001CC (v01 VBOX   VBOXCPUT 00000002 INTL 20100528)
Dec 11 16:39:40 <zoulhafi> kernel: [    0.000000] ACPI: Reserving FACP table memory at [mem 0x7fff00f0-0x7fff01e3]
Dec 11 16:39:40 <zoulhafi> kernel: [    0.000000] ACPI: Reserving DSDT table memory at [mem 0x7fff0470-0x7fff2794]
Dec 11 16:39:40 <zoulhafi> kernel: [    0.000000] ACPI: Reserving FACS table memory at [mem 0x7fff0200-0x7fff023f]
Dec 11 16:39:40 <zoulhafi> kernel: [    0.000000] ACPI: Reserving FACS table memory at [mem 0x7fff0200-0x7fff023f]
Dec 11 16:39:40 <zoulhafi> kernel: [    0.000000] ACPI: Reserving APIC table memory at [mem 0x7fff0240-0x7fff0293]
Dec 11 16:39:40 <zoulhafi> kernel: [    0.000000] ACPI: Reserving SSDT table memory at [mem 0x7fff02a0-0x7fff046b]
Dec 11 16:39:40 <zoulhafi> kernel: [    0.000000] No NUMA configuration found
Dec 11 16:39:40 <zoulhafi> kernel: [    0.000000] Faking a node at [mem 0x0000000000000000-0x000000007ffeffff]
Dec 11 16:39:40 <zoulhafi> kernel: [    0.000000] NODE_DATA(0) allocated [mem 0x7ffec000-0x7ffeffff]
Dec 11 16:39:40 <zoulhafi> kernel: [    0.000000] Zone ranges:
Dec 11 16:39:40 <zoulhafi> kernel: [    0.000000]   DMA      [mem 0x0000000000001000-0x0000000000ffffff]
Dec 11 16:39:40 <zoulhafi> kernel: [    0.000000]   DMA32    [mem 0x0000000001000000-0x000000007ffeffff]
Dec 11 16:39:40 <zoulhafi> kernel: [    0.000000]   Normal   empty
Dec 11 16:39:40 <zoulhafi> kernel: [    0.000000] Movable zone start for each node
Dec 11 16:39:40 <zoulhafi> kernel: [    0.000000] Early memory node ranges
Dec 11 16:39:40 <zoulhafi> kernel: [    0.000000]   node   0: [mem 0x0000000000001000-0x000000000009efff]
Dec 11 16:39:40 <zoulhafi> kernel: [    0.000000]   node   0: [mem 0x0000000000100000-0x000000007ffeffff]
Dec 11 16:39:40 <zoulhafi> kernel: [    0.000000] Initmem setup node 0 [mem 0x0000000000001000-0x000000007ffeffff]
Dec 11 16:39:40 <zoulhafi> kernel: [    0.000000] On node 0, zone DMA: 1 pages in unavailable ranges
Dec 11 16:39:40 <zoulhafi> kernel: [    0.000000] On node 0, zone DMA: 97 pages in unavailable ranges
Dec 11 16:39:40 <zoulhafi> kernel: [    0.000000] On node 0, zone DMA32: 16 pages in unavailable ranges
Dec 11 16:39:40 <zoulhafi> kernel: [    0.000000] ACPI: PM-Timer IO Port: 0x4008
Dec 11 16:39:40 <zoulhafi> kernel: [    0.000000] IOAPIC[0]: apic_id 1, version 32, address 0xfec00000, GSI 0-23
Dec 11 16:39:40 <zoulhafi> kernel: [    0.000000] ACPI: INT_SRC_OVR (bus 0 bus_irq 0 global_irq 2 dfl dfl)
Dec 11 16:39:40 <zoulhafi> kernel: [    0.000000] ACPI: INT_SRC_OVR (bus 0 bus_irq 9 global_irq 9 low level)
Dec 11 16:39:40 <zoulhafi> kernel: [    0.000000] ACPI: Using ACPI (MADT) for SMP configuration information
Dec 11 16:39:40 <zoulhafi> kernel: [    0.000000] smpboot: Allowing 1 CPUs, 0 hotplug CPUs
Dec 11 16:39:40 <zoulhafi> kernel: [    0.000000] PM: hibernation: Registered nosave memory: [mem 0x00000000-0x00000fff]
Dec 11 16:39:40 <zoulhafi> kernel: [    0.000000] PM: hibernation: Registered nosave memory: [mem 0x0009f000-0x0009ffff]
Dec 11 16:39:40 <zoulhafi> kernel: [    0.000000] PM: hibernation: Registered nosave memory: [mem 0x000a0000-0x000effff]
Dec 11 16:39:40 <zoulhafi> kernel: [    0.000000] PM: hibernation: Registered nosave memory: [mem 0x000f0000-0x000fffff]
Dec 11 16:39:40 <zoulhafi> kernel: [    0.000000] [mem 0x80000000-0xfebfffff] available for PCI devices
Dec 11 16:39:40 <zoulhafi> kernel: [    0.000000] clocksource: refined-jiffies: mask: 0xffffffff max_cycles: 0xffffffff, max_idle_ns: 1910969940391419 ns
Dec 11 16:39:40 <zoulhafi> kernel: [    0.000000] setup_percpu: NR_CPUS:64 nr_cpumask_bits:64 nr_cpu_ids:1 nr_node_ids:1
Dec 11 16:39:40 <zoulhafi> kernel: [    0.000000] percpu: Embedded 52 pages/cpu s174744 r8192 d30056 u2097152
Dec 11 16:39:40 <zoulhafi> kernel: [    0.000000] pcpu-alloc: s174744 r8192 d30056 u2097152 alloc=1*2097152
Dec 11 16:39:40 <zoulhafi> kernel: [    0.000000] pcpu-alloc: [0] 0 
Dec 11 16:39:40 <zoulhafi> kernel: [    0.000000] Fallback order for Node 0: 0 
Dec 11 16:39:40 <zoulhafi> kernel: [    0.000000] Built 1 zonelists, mobility grouping on.  Total pages: 515824
Dec 11 16:39:40 <zoulhafi> kernel: [    0.000000] Policy zone: DMA32
Dec 11 16:39:40 <zoulhafi> kernel: [    0.000000] Kernel command line: BOOT_IMAGE=/vmlinuz-5.16.0-rc4 root=/dev/sda3 ro
Dec 11 16:39:40 <zoulhafi> kernel: [    0.000000] Unknown kernel command line parameters "BOOT_IMAGE=/vmlinuz-5.16.0-rc4", will be passed to user space.
Dec 11 16:39:40 <zoulhafi> kernel: [    0.000000] Dentry cache hash table entries: 262144 (order: 9, 2097152 bytes, linear)
Dec 11 16:39:40 <zoulhafi> kernel: [    0.000000] Inode-cache hash table entries: 131072 (order: 8, 1048576 bytes, linear)
Dec 11 16:39:40 <zoulhafi> kernel: [    0.000000] mem auto-init: stack:off, heap alloc:off, heap free:off
Dec 11 16:39:40 <zoulhafi> kernel: [    0.000000] Memory: 2026856K/2096696K available (16398K kernel code, 2595K rwdata, 3664K rodata, 1248K init, 1476K bss, 69580K reserved, 0K cma-reserved)
Dec 11 16:39:40 <zoulhafi> kernel: [    0.000000] SLUB: HWalign=64, Order=0-3, MinObjects=0, CPUs=1, Nodes=1
Dec 11 16:39:40 <zoulhafi> kernel: [    0.000000] Kernel/User page tables isolation: enabled
Dec 11 16:39:40 <zoulhafi> kernel: [    0.000000] Dynamic Preempt: voluntary
Dec 11 16:39:40 <zoulhafi> kernel: [    0.000000] rcu: Preemptible hierarchical RCU implementation.
Dec 11 16:39:40 <zoulhafi> kernel: [    0.000000] rcu: ^IRCU event tracing is enabled.
Dec 11 16:39:40 <zoulhafi> kernel: [    0.000000] rcu: ^IRCU restricting CPUs from NR_CPUS=64 to nr_cpu_ids=1.
Dec 11 16:39:40 <zoulhafi> kernel: [    0.000000] ^ITrampoline variant of Tasks RCU enabled.
Dec 11 16:39:40 <zoulhafi> kernel: [    0.000000] rcu: RCU calculated value of scheduler-enlistment delay is 100 jiffies.
Dec 11 16:39:40 <zoulhafi> kernel: [    0.000000] rcu: Adjusting geometry for rcu_fanout_leaf=16, nr_cpu_ids=1
Dec 11 16:39:40 <zoulhafi> kernel: [    0.000000] NR_IRQS: 4352, nr_irqs: 256, preallocated irqs: 16
Dec 11 16:39:40 <zoulhafi> kernel: [    0.000000] random: get_random_bytes called from start_kernel+0x492/0x65f with crng_init=0
Dec 11 16:39:40 <zoulhafi> kernel: [    0.000000] Console: colour VGA+ 80x25
Dec 11 16:39:40 <zoulhafi> kernel: [    0.000000] printk: console [tty0] enabled
Dec 11 16:39:40 <zoulhafi> kernel: [    0.000000] ACPI: Core revision 20210930
Dec 11 16:39:40 <zoulhafi> kernel: [    0.000000] APIC: Switch to symmetric I/O mode setup
Dec 11 16:39:40 <zoulhafi> kernel: [    0.000000] ..TIMER: vector=0x30 apic1=0 pin1=2 apic2=-1 pin2=-1
Dec 11 16:39:40 <zoulhafi> kernel: [    0.008000] tsc: Unable to calibrate against PIT
Dec 11 16:39:40 <zoulhafi> kernel: [    0.008000] tsc: using PMTIMER reference calibration
Dec 11 16:39:40 <zoulhafi> kernel: [    0.008000] tsc: Detected 3408.000 MHz processor
Dec 11 16:39:40 <zoulhafi> kernel: [    0.000004] clocksource: tsc-early: mask: 0xffffffffffffffff max_cycles: 0x311fd3cd494, max_idle_ns: 440795223879 ns
Dec 11 16:39:40 <zoulhafi> kernel: [    0.000523] Calibrating delay loop (skipped), value calculated using timer frequency.. 6816.00 BogoMIPS (lpj=3408000)
Dec 11 16:39:40 <zoulhafi> kernel: [    0.001523] pid_max: default: 32768 minimum: 301
Dec 11 16:39:40 <zoulhafi> kernel: [    0.002045] LSM: Security Framework initializing
Dec 11 16:39:40 <zoulhafi> kernel: [    0.002333] SELinux:  Initializing.
Dec 11 16:39:40 <zoulhafi> kernel: [    0.002542] Mount-cache hash table entries: 4096 (order: 3, 32768 bytes, linear)
Dec 11 16:39:40 <zoulhafi> kernel: [    0.002805] Mountpoint-cache hash table entries: 4096 (order: 3, 32768 bytes, linear)
Dec 11 16:39:40 <zoulhafi> kernel: [    0.003275] unchecked MSR access error: WRMSR to 0x3a (tried to write 0x0000000000000001) at rIP: 0xffffffffa7637be3 (init_ia32_feat_ctl+0x83/0x330)
Dec 11 16:39:40 <zoulhafi> kernel: [    0.003521] Call Trace:
Dec 11 16:39:40 <zoulhafi> kernel: [    0.003521]  <TASK>
Dec 11 16:39:40 <zoulhafi> kernel: [    0.003521]  init_intel+0xb0/0x540
Dec 11 16:39:40 <zoulhafi> kernel: [    0.003521]  identify_cpu+0x259/0x5b0
Dec 11 16:39:40 <zoulhafi> kernel: [    0.003521]  identify_boot_cpu+0xc/0x94
Dec 11 16:39:40 <zoulhafi> kernel: [    0.003521]  check_bugs+0x21/0xa97
Dec 11 16:39:40 <zoulhafi> kernel: [    0.003521]  ? __get_locked_pte+0x16b/0x230
Dec 11 16:39:40 <zoulhafi> kernel: [    0.003521]  start_kernel+0x62b/0x65f
Dec 11 16:39:40 <zoulhafi> kernel: [    0.003521]  secondary_startup_64_no_verify+0xc2/0xcb
Dec 11 16:39:40 <zoulhafi> kernel: [    0.003521]  </TASK>
Dec 11 16:39:40 <zoulhafi> kernel: [    0.003521] process: using mwait in idle threads
Dec 11 16:39:40 <zoulhafi> kernel: [    0.003521] Last level iTLB entries: 4KB 128, 2MB 8, 4MB 8
Dec 11 16:39:40 <zoulhafi> kernel: [    0.003521] Last level dTLB entries: 4KB 64, 2MB 0, 4MB 0, 1GB 4
Dec 11 16:39:40 <zoulhafi> kernel: [    0.005909] Spectre V1 : Mitigation: usercopy/swapgs barriers and __user pointer sanitization
Dec 11 16:39:40 <zoulhafi> kernel: [    0.006253] Spectre V2 : Mitigation: Full generic retpoline
Dec 11 16:39:40 <zoulhafi> kernel: [    0.006522] Spectre V2 : Spectre v2 / SpectreRSB mitigation: Filling RSB on context switch
Dec 11 16:39:40 <zoulhafi> kernel: [    0.006798] Speculative Store Bypass: Vulnerable
Dec 11 16:39:40 <zoulhafi> kernel: [    0.006968] SRBDS: Unknown: Dependent on hypervisor status
Dec 11 16:39:40 <zoulhafi> kernel: [    0.007178] MDS: Mitigation: Clear CPU buffers
Dec 11 16:39:40 <zoulhafi> kernel: [    0.015521] Freeing SMP alternatives memory: 44K
Dec 11 16:39:40 <zoulhafi> kernel: [    0.117955] smpboot: CPU0: Intel(R) Core(TM) i5-7500 CPU @ 3.40GHz (family: 0x6, model: 0x9e, stepping: 0x9)
Dec 11 16:39:40 <zoulhafi> kernel: [    0.118368] Performance Events: unsupported p6 CPU model 158 no PMU driver, software events only.
Dec 11 16:39:40 <zoulhafi> kernel: [    0.118521] rcu: Hierarchical SRCU implementation.
Dec 11 16:39:40 <zoulhafi> kernel: [    0.118521] smp: Bringing up secondary CPUs ...
Dec 11 16:39:40 <zoulhafi> kernel: [    0.118521] smp: Brought up 1 node, 1 CPU
Dec 11 16:39:40 <zoulhafi> kernel: [    0.118521] smpboot: Max logical packages: 1
Dec 11 16:39:40 <zoulhafi> kernel: [    0.118538] smpboot: Total of 1 processors activated (6816.00 BogoMIPS)
Dec 11 16:39:40 <zoulhafi> kernel: [    0.119028] devtmpfs: initialized
Dec 11 16:39:40 <zoulhafi> kernel: [    0.119382] clocksource: jiffies: mask: 0xffffffff max_cycles: 0xffffffff, max_idle_ns: 1911260446275000 ns
Dec 11 16:39:40 <zoulhafi> kernel: [    0.119521] futex hash table entries: 256 (order: 2, 16384 bytes, linear)
Dec 11 16:39:40 <zoulhafi> kernel: [    0.119521] PM: RTC time: 15:39:36, date: 2021-12-11
Dec 11 16:39:40 <zoulhafi> kernel: [    0.120560] NET: Registered PF_NETLINK/PF_ROUTE protocol family
Dec 11 16:39:40 <zoulhafi> kernel: [    0.120831] audit: initializing netlink subsys (disabled)
Dec 11 16:39:40 <zoulhafi> kernel: [    0.121121] thermal_sys: Registered thermal governor 'step_wise'
Dec 11 16:39:40 <zoulhafi> kernel: [    0.121122] thermal_sys: Registered thermal governor 'user_space'
Dec 11 16:39:40 <zoulhafi> kernel: [    0.121350] audit: type=2000 audit(1639237176.129:1): state=initialized audit_enabled=0 res=1
Dec 11 16:39:40 <zoulhafi> kernel: [    0.121521] cpuidle: using governor menu
Dec 11 16:39:40 <zoulhafi> kernel: [    0.121521] PCI: Using configuration type 1 for base access
Dec 11 16:39:40 <zoulhafi> kernel: [    0.123748] kprobes: kprobe jump-optimization is enabled. All kprobes are optimized if possible.
Dec 11 16:39:40 <zoulhafi> kernel: [    0.124102] HugeTLB registered 2.00 MiB page size, pre-allocated 0 pages
Dec 11 16:39:40 <zoulhafi> kernel: [    0.124365] ACPI: Added _OSI(Module Device)
Dec 11 16:39:40 <zoulhafi> kernel: [    0.124521] ACPI: Added _OSI(Processor Device)
Dec 11 16:39:40 <zoulhafi> kernel: [    0.124521] ACPI: Added _OSI(3.0 _SCP Extensions)
Dec 11 16:39:40 <zoulhafi> kernel: [    0.124521] ACPI: Added _OSI(Processor Aggregator Device)
Dec 11 16:39:40 <zoulhafi> kernel: [    0.124521] ACPI: Added _OSI(Linux-Dell-Video)
Dec 11 16:39:40 <zoulhafi> kernel: [    0.124521] ACPI: Added _OSI(Linux-Lenovo-NV-HDMI-Audio)
Dec 11 16:39:40 <zoulhafi> kernel: [    0.124521] ACPI: Added _OSI(Linux-HPI-Hybrid-Graphics)
Dec 11 16:39:40 <zoulhafi> kernel: [    0.127521] ACPI: 2 ACPI AML tables successfully acquired and loaded
Dec 11 16:39:40 <zoulhafi> kernel: [    0.128973] ACPI: Interpreter enabled
Dec 11 16:39:40 <zoulhafi> kernel: [    0.129169] ACPI: PM: (supports S0 S5)
Dec 11 16:39:40 <zoulhafi> kernel: [    0.129347] ACPI: Using IOAPIC for interrupt routing
Dec 11 16:39:40 <zoulhafi> kernel: [    0.129521] PCI: Using host bridge windows from ACPI; if necessary, use "pci=nocrs" and report a bug
Dec 11 16:39:40 <zoulhafi> kernel: [    0.129521] ACPI: Enabled 2 GPEs in block 00 to 07
Dec 11 16:39:40 <zoulhafi> kernel: [    0.133810] ACPI: PCI Root Bridge [PCI0] (domain 0000 [bus 00-ff])
Dec 11 16:39:40 <zoulhafi> kernel: [    0.134027] acpi PNP0A03:00: _OSC: OS supports [ASPM ClockPM Segments MSI HPX-Type3]
Dec 11 16:39:40 <zoulhafi> kernel: [    0.134334] acpi PNP0A03:00: _OSC: not requesting OS control; OS requires [ExtendedConfig ASPM ClockPM MSI]
Dec 11 16:39:40 <zoulhafi> kernel: [    0.134521] acpi PNP0A03:00: fail to add MMCONFIG information, can't access extended PCI configuration space under this bridge.
Dec 11 16:39:40 <zoulhafi> kernel: [    0.135623] PCI host bridge to bus 0000:00
Dec 11 16:39:40 <zoulhafi> kernel: [    0.135819] pci_bus 0000:00: root bus resource [io  0x0000-0x0cf7 window]
Dec 11 16:39:40 <zoulhafi> kernel: [    0.136089] pci_bus 0000:00: root bus resource [io  0x0d00-0xffff window]
Dec 11 16:39:40 <zoulhafi> kernel: [    0.136316] pci_bus 0000:00: root bus resource [mem 0x000a0000-0x000bffff window]
Dec 11 16:39:40 <zoulhafi> kernel: [    0.136521] pci_bus 0000:00: root bus resource [mem 0x80000000-0xfdffffff window]
Dec 11 16:39:40 <zoulhafi> kernel: [    0.136802] pci_bus 0000:00: root bus resource [bus 00-ff]
Dec 11 16:39:40 <zoulhafi> kernel: [    0.137289] pci 0000:00:00.0: [8086:1237] type 00 class 0x060000
Dec 11 16:39:40 <zoulhafi> kernel: [    0.138170] pci 0000:00:01.0: [8086:7000] type 00 class 0x060100
Dec 11 16:39:40 <zoulhafi> kernel: [    0.139492] pci 0000:00:01.1: [8086:7111] type 00 class 0x01018a
Dec 11 16:39:40 <zoulhafi> kernel: [    0.139848] pci 0000:00:01.1: reg 0x20: [io  0xd000-0xd00f]
Dec 11 16:39:40 <zoulhafi> kernel: [    0.140262] pci 0000:00:01.1: legacy IDE quirk: reg 0x10: [io  0x01f0-0x01f7]
Dec 11 16:39:40 <zoulhafi> kernel: [    0.140482] pci 0000:00:01.1: legacy IDE quirk: reg 0x14: [io  0x03f6]
Dec 11 16:39:40 <zoulhafi> kernel: [    0.140521] pci 0000:00:01.1: legacy IDE quirk: reg 0x18: [io  0x0170-0x0177]
Dec 11 16:39:40 <zoulhafi> kernel: [    0.140521] pci 0000:00:01.1: legacy IDE quirk: reg 0x1c: [io  0x0376]
Dec 11 16:39:40 <zoulhafi> kernel: [    0.141824] pci 0000:00:02.0: [15ad:0405] type 00 class 0x030000
Dec 11 16:39:40 <zoulhafi> kernel: [    0.143173] pci 0000:00:02.0: reg 0x10: [io  0xd010-0xd01f]
Dec 11 16:39:40 <zoulhafi> kernel: [    0.144798] pci 0000:00:02.0: reg 0x14: [mem 0xf0000000-0xf0ffffff pref]
Dec 11 16:39:40 <zoulhafi> kernel: [    0.147538] pci 0000:00:02.0: reg 0x18: [mem 0xf1000000-0xf11fffff]
Dec 11 16:39:40 <zoulhafi> kernel: [    0.153676] pci 0000:00:03.0: [8086:100e] type 00 class 0x020000
Dec 11 16:39:40 <zoulhafi> kernel: [    0.154628] pci 0000:00:03.0: reg 0x10: [mem 0xf1200000-0xf121ffff]
Dec 11 16:39:40 <zoulhafi> kernel: [    0.156544] pci 0000:00:03.0: reg 0x18: [io  0xd020-0xd027]
Dec 11 16:39:40 <zoulhafi> kernel: [    0.161983] pci 0000:00:04.0: [80ee:cafe] type 00 class 0x088000
Dec 11 16:39:40 <zoulhafi> kernel: [    0.162931] pci 0000:00:04.0: reg 0x10: [io  0xd040-0xd05f]
Dec 11 16:39:40 <zoulhafi> kernel: [    0.164018] pci 0000:00:04.0: reg 0x14: [mem 0xf1400000-0xf17fffff]
Dec 11 16:39:40 <zoulhafi> kernel: [    0.165244] pci 0000:00:04.0: reg 0x18: [mem 0xf1800000-0xf1803fff pref]
Dec 11 16:39:40 <zoulhafi> kernel: [    0.171678] pci 0000:00:05.0: [8086:2415] type 00 class 0x040100
Dec 11 16:39:40 <zoulhafi> kernel: [    0.172092] pci 0000:00:05.0: reg 0x10: [io  0xd100-0xd1ff]
Dec 11 16:39:40 <zoulhafi> kernel: [    0.172391] pci 0000:00:05.0: reg 0x14: [io  0xd200-0xd23f]
Dec 11 16:39:40 <zoulhafi> kernel: [    0.173162] pci 0000:00:06.0: [106b:003f] type 00 class 0x0c0310
Dec 11 16:39:40 <zoulhafi> kernel: [    0.173630] pci 0000:00:06.0: reg 0x10: [mem 0xf1804000-0xf1804fff]
Dec 11 16:39:40 <zoulhafi> kernel: [    0.180626] pci 0000:00:07.0: [8086:7113] type 00 class 0x068000
Dec 11 16:39:40 <zoulhafi> kernel: [    0.181524] pci 0000:00:07.0: quirk: [io  0x4000-0x403f] claimed by PIIX4 ACPI
Dec 11 16:39:40 <zoulhafi> kernel: [    0.181801] pci 0000:00:07.0: quirk: [io  0x4100-0x410f] claimed by PIIX4 SMB
Dec 11 16:39:40 <zoulhafi> kernel: [    0.182479] pci 0000:00:0d.0: [8086:2829] type 00 class 0x010601
Dec 11 16:39:40 <zoulhafi> kernel: [    0.183544] pci 0000:00:0d.0: reg 0x10: [io  0xd240-0xd247]
Dec 11 16:39:40 <zoulhafi> kernel: [    0.184626] pci 0000:00:0d.0: reg 0x14: [io  0xd248-0xd24b]
Dec 11 16:39:40 <zoulhafi> kernel: [    0.185626] pci 0000:00:0d.0: reg 0x18: [io  0xd250-0xd257]
Dec 11 16:39:40 <zoulhafi> kernel: [    0.187538] pci 0000:00:0d.0: reg 0x1c: [io  0xd258-0xd25b]
Dec 11 16:39:40 <zoulhafi> kernel: [    0.188626] pci 0000:00:0d.0: reg 0x20: [io  0xd260-0xd26f]
Dec 11 16:39:40 <zoulhafi> kernel: [    0.189935] pci 0000:00:0d.0: reg 0x24: [mem 0xf1806000-0xf1807fff]
Dec 11 16:39:40 <zoulhafi> kernel: [    0.192439] ACPI: PCI: Interrupt link LNKA configured for IRQ 11
Dec 11 16:39:40 <zoulhafi> kernel: [    0.192521] ACPI: PCI: Interrupt link LNKB configured for IRQ 10
Dec 11 16:39:40 <zoulhafi> kernel: [    0.192656] ACPI: PCI: Interrupt link LNKC configured for IRQ 9
Dec 11 16:39:40 <zoulhafi> kernel: [    0.192939] ACPI: PCI: Interrupt link LNKD configured for IRQ 11
Dec 11 16:39:40 <zoulhafi> kernel: [    0.193271] iommu: Default domain type: Translated 
Dec 11 16:39:40 <zoulhafi> kernel: [    0.193447] iommu: DMA domain TLB invalidation policy: lazy mode 
Dec 11 16:39:40 <zoulhafi> kernel: [    0.193521] pci 0000:00:02.0: vgaarb: setting as boot VGA device
Dec 11 16:39:40 <zoulhafi> kernel: [    0.193521] pci 0000:00:02.0: vgaarb: VGA device added: decodes=io+mem,owns=io+mem,locks=none
Dec 11 16:39:40 <zoulhafi> kernel: [    0.194522] pci 0000:00:02.0: vgaarb: bridge control possible
Dec 11 16:39:40 <zoulhafi> kernel: [    0.194713] vgaarb: loaded
Dec 11 16:39:40 <zoulhafi> kernel: [    0.194906] SCSI subsystem initialized
Dec 11 16:39:40 <zoulhafi> kernel: [    0.195098] libata version 3.00 loaded.
Dec 11 16:39:40 <zoulhafi> kernel: [    0.195124] ACPI: bus type USB registered
Dec 11 16:39:40 <zoulhafi> kernel: [    0.195298] usbcore: registered new interface driver usbfs
Dec 11 16:39:40 <zoulhafi> kernel: [    0.195487] usbcore: registered new interface driver hub
Dec 11 16:39:40 <zoulhafi> kernel: [    0.195521] usbcore: registered new device driver usb
Dec 11 16:39:40 <zoulhafi> kernel: [    0.195521] pps_core: LinuxPPS API ver. 1 registered
Dec 11 16:39:40 <zoulhafi> kernel: [    0.195521] pps_core: Software ver. 5.3.6 - Copyright 2005-2007 Rodolfo Giometti <giometti@linux.it>
Dec 11 16:39:40 <zoulhafi> kernel: [    0.195521] PTP clock support registered
Dec 11 16:39:40 <zoulhafi> kernel: [    0.195521] Advanced Linux Sound Architecture Driver Initialized.
Dec 11 16:39:40 <zoulhafi> kernel: [    0.195521] NetLabel: Initializing
Dec 11 16:39:40 <zoulhafi> kernel: [    0.195521] NetLabel:  domain hash size = 128
Dec 11 16:39:40 <zoulhafi> kernel: [    0.195521] NetLabel:  protocols = UNLABELED CIPSOv4 CALIPSO
Dec 11 16:39:40 <zoulhafi> kernel: [    0.195521] NetLabel:  unlabeled traffic allowed by default
Dec 11 16:39:40 <zoulhafi> kernel: [    0.195521] PCI: Using ACPI for IRQ routing
Dec 11 16:39:40 <zoulhafi> kernel: [    0.195521] PCI: pci_cache_line_size set to 64 bytes
Dec 11 16:39:40 <zoulhafi> kernel: [    0.198562] e820: reserve RAM buffer [mem 0x0009fc00-0x0009ffff]
Dec 11 16:39:40 <zoulhafi> kernel: [    0.198567] e820: reserve RAM buffer [mem 0x7fff0000-0x7fffffff]
Dec 11 16:39:40 <zoulhafi> kernel: [    0.198616] clocksource: Switched to clocksource tsc-early
Dec 11 16:39:40 <zoulhafi> kernel: [    0.203975] VFS: Disk quotas dquot_6.6.0
Dec 11 16:39:40 <zoulhafi> kernel: [    0.204147] VFS: Dquot-cache hash table entries: 512 (order 0, 4096 bytes)
Dec 11 16:39:40 <zoulhafi> kernel: [    0.204398] pnp: PnP ACPI init
Dec 11 16:39:40 <zoulhafi> kernel: [    0.205313] pnp: PnP ACPI: found 3 devices
Dec 11 16:39:40 <zoulhafi> kernel: [    0.211122] clocksource: acpi_pm: mask: 0xffffff max_cycles: 0xffffff, max_idle_ns: 2085701024 ns
Dec 11 16:39:40 <zoulhafi> kernel: [    0.283417] NET: Registered PF_INET protocol family
Dec 11 16:39:40 <zoulhafi> kernel: [    0.283417] IP idents hash table entries: 32768 (order: 6, 262144 bytes, linear)
Dec 11 16:39:40 <zoulhafi> kernel: [    0.285024] tcp_listen_portaddr_hash hash table entries: 1024 (order: 2, 16384 bytes, linear)
Dec 11 16:39:40 <zoulhafi> kernel: [    0.285298] TCP established hash table entries: 16384 (order: 5, 131072 bytes, linear)
Dec 11 16:39:40 <zoulhafi> kernel: [    0.285582] TCP bind hash table entries: 16384 (order: 6, 262144 bytes, linear)
Dec 11 16:39:40 <zoulhafi> kernel: [    0.285825] TCP: Hash tables configured (established 16384 bind 16384)
Dec 11 16:39:40 <zoulhafi> kernel: [    0.285825] UDP hash table entries: 1024 (order: 3, 32768 bytes, linear)
Dec 11 16:39:40 <zoulhafi> kernel: [    0.285825] UDP-Lite hash table entries: 1024 (order: 3, 32768 bytes, linear)
Dec 11 16:39:40 <zoulhafi> kernel: [    0.285825] NET: Registered PF_UNIX/PF_LOCAL protocol family
Dec 11 16:39:40 <zoulhafi> kernel: [    0.287342] RPC: Registered named UNIX socket transport module.
Dec 11 16:39:40 <zoulhafi> kernel: [    0.287414] RPC: Registered udp transport module.
Dec 11 16:39:40 <zoulhafi> kernel: [    0.287584] RPC: Registered tcp transport module.
Dec 11 16:39:40 <zoulhafi> kernel: [    0.287751] RPC: Registered tcp NFSv4.1 backchannel transport module.
Dec 11 16:39:40 <zoulhafi> kernel: [    0.288186] pci_bus 0000:00: resource 4 [io  0x0000-0x0cf7 window]
Dec 11 16:39:40 <zoulhafi> kernel: [    0.288389] pci_bus 0000:00: resource 5 [io  0x0d00-0xffff window]
Dec 11 16:39:40 <zoulhafi> kernel: [    0.288414] pci_bus 0000:00: resource 6 [mem 0x000a0000-0x000bffff window]
Dec 11 16:39:40 <zoulhafi> kernel: [    0.288414] pci_bus 0000:00: resource 7 [mem 0x80000000-0xfdffffff window]
Dec 11 16:39:40 <zoulhafi> kernel: [    0.288902] pci 0000:00:00.0: Limiting direct PCI/PCI transfers
Dec 11 16:39:40 <zoulhafi> kernel: [    0.288951] pci 0000:00:01.0: Activating ISA DMA hang workarounds
Dec 11 16:39:40 <zoulhafi> kernel: [    0.289221] pci 0000:00:02.0: Video device with shadowed ROM at [mem 0x000c0000-0x000dffff]
Dec 11 16:39:40 <zoulhafi> kernel: [    0.291366] PCI: CLS 0 bytes, default 64
Dec 11 16:39:40 <zoulhafi> kernel: [    0.291572] RAPL PMU: API unit is 2^-32 Joules, 0 fixed counters, 10737418240 ms ovfl timer
Dec 11 16:39:40 <zoulhafi> kernel: [    0.291879] platform rtc_cmos: registered platform RTC device (no PNP device found)
Dec 11 16:39:40 <zoulhafi> kernel: [    0.292328] Initialise system trusted keyrings
Dec 11 16:39:40 <zoulhafi> kernel: [    0.292539] workingset: timestamp_bits=56 max_order=19 bucket_order=0
Dec 11 16:39:40 <zoulhafi> kernel: [    0.293668] NFS: Registering the id_resolver key type
Dec 11 16:39:40 <zoulhafi> kernel: [    0.293852] Key type id_resolver registered
Dec 11 16:39:40 <zoulhafi> kernel: [    0.294038] Key type id_legacy registered
Dec 11 16:39:40 <zoulhafi> kernel: [    0.302064] Key type asymmetric registered
Dec 11 16:39:40 <zoulhafi> kernel: [    0.302233] Asymmetric key parser 'x509' registered
Dec 11 16:39:40 <zoulhafi> kernel: [    0.302508] Block layer SCSI generic (bsg) driver version 0.4 loaded (major 251)
Dec 11 16:39:40 <zoulhafi> kernel: [    0.302648] io scheduler mq-deadline registered
Dec 11 16:39:40 <zoulhafi> kernel: [    0.302648] io scheduler kyber registered
Dec 11 16:39:40 <zoulhafi> kernel: [    0.303296] ACPI: AC: AC Adapter [AC] (on-line)
Dec 11 16:39:40 <zoulhafi> kernel: [    0.303434] input: Power Button as /devices/LNXSYSTM:00/LNXPWRBN:00/input/input0
Dec 11 16:39:40 <zoulhafi> kernel: [    0.303715] ACPI: button: Power Button [PWRF]
Dec 11 16:39:40 <zoulhafi> kernel: [    0.303952] input: Sleep Button as /devices/LNXSYSTM:00/LNXSLPBN:00/input/input1
Dec 11 16:39:40 <zoulhafi> kernel: [    0.304222] ACPI: button: Sleep Button [SLPF]
Dec 11 16:39:40 <zoulhafi> kernel: [    0.304474] ACPI: video: Video Device [GFX0] (multi-head: yes  rom: no  post: no)
Dec 11 16:39:40 <zoulhafi> kernel: [    0.304769] input: Video Bus as /devices/LNXSYSTM:00/LNXSYBUS:00/PNP0A03:00/LNXVIDEO:00/input/input2
Dec 11 16:39:40 <zoulhafi> kernel: [    0.305182] Serial: 8250/16550 driver, 4 ports, IRQ sharing enabled
Dec 11 16:39:40 <zoulhafi> kernel: [    0.305502] 00:02: ttyS0 at I/O 0x3f8 (irq = 4, base_baud = 115200) is a 16550A
Dec 11 16:39:40 <zoulhafi> kernel: [    0.305930] Non-volatile memory driver v1.3
Dec 11 16:39:40 <zoulhafi> kernel: [    0.306101] Linux agpgart interface v0.103
Dec 11 16:39:40 <zoulhafi> kernel: [    0.306319] ACPI: bus type drm_connector registered
Dec 11 16:39:40 <zoulhafi> kernel: [    0.307592] loop: module loaded
Dec 11 16:39:40 <zoulhafi> kernel: [    0.307766] ahci 0000:00:0d.0: version 3.0
Dec 11 16:39:40 <zoulhafi> kernel: [    0.308211] ahci 0000:00:0d.0: SSS flag set, parallel bus scan disabled
Dec 11 16:39:40 <zoulhafi> kernel: [    0.308484] ahci 0000:00:0d.0: AHCI 0001.0100 32 slots 1 ports 3 Gbps 0x1 impl SATA mode
Dec 11 16:39:40 <zoulhafi> kernel: [    0.308759] ahci 0000:00:0d.0: flags: 64bit ncq stag only ccc 
Dec 11 16:39:40 <zoulhafi> kernel: [    0.309124] scsi host0: ahci
Dec 11 16:39:40 <zoulhafi> kernel: [    0.309296] ata1: SATA max UDMA/133 abar m8192@0xf1806000 port 0xf1806100 irq 21
Dec 11 16:39:40 <zoulhafi> kernel: [    0.309428] ata_piix 0000:00:01.1: version 2.13
Dec 11 16:39:40 <zoulhafi> kernel: [    0.309745] scsi host1: ata_piix
Dec 11 16:39:40 <zoulhafi> kernel: [    0.309931] scsi host2: ata_piix
Dec 11 16:39:40 <zoulhafi> kernel: [    0.310086] ata2: PATA max UDMA/33 cmd 0x1f0 ctl 0x3f6 bmdma 0xd000 irq 14
Dec 11 16:39:40 <zoulhafi> kernel: [    0.310300] ata3: PATA max UDMA/33 cmd 0x170 ctl 0x376 bmdma 0xd008 irq 15
Dec 11 16:39:40 <zoulhafi> kernel: [    0.310574] libphy: Fixed MDIO Bus: probed
Dec 11 16:39:40 <zoulhafi> kernel: [    0.310574] e100: Intel(R) PRO/100 Network Driver
Dec 11 16:39:40 <zoulhafi> kernel: [    0.310574] e100: Copyright(c) 1999-2006 Intel Corporation
Dec 11 16:39:40 <zoulhafi> kernel: [    0.310574] e1000: Intel(R) PRO/1000 Network Driver
Dec 11 16:39:40 <zoulhafi> kernel: [    0.310574] e1000: Copyright (c) 1999-2006 Intel Corporation.
Dec 11 16:39:40 <zoulhafi> kernel: [    0.487827] ata3.00: ATAPI: VBOX CD-ROM, 1.0, max UDMA/133
Dec 11 16:39:40 <zoulhafi> kernel: [    0.633991] ata1: SATA link up 3.0 Gbps (SStatus 123 SControl 300)
Dec 11 16:39:40 <zoulhafi> kernel: [    0.634418] ata1.00: ATA-6: VBOX HARDDISK, 1.0, max UDMA/133
Dec 11 16:39:40 <zoulhafi> kernel: [    0.634567] ata1.00: 104857600 sectors, multi 128: LBA48 NCQ (depth 32)
Dec 11 16:39:40 <zoulhafi> kernel: [    0.639243] ata1.00: Read log 0x00 page 0x00 failed, Emask 0x1
Dec 11 16:39:40 <zoulhafi> kernel: [    0.644799] ata1.00: configured for UDMA/133
Dec 11 16:39:40 <zoulhafi> kernel: [    0.645018] scsi 0:0:0:0: Direct-Access     ATA      VBOX HARDDISK    1.0  PQ: 0 ANSI: 5
Dec 11 16:39:40 <zoulhafi> kernel: [    0.645390] sd 0:0:0:0: [sda] 104857600 512-byte logical blocks: (53.7 GB/50.0 GiB)
Dec 11 16:39:40 <zoulhafi> kernel: [    0.645390] sd 0:0:0:0: [sda] Write Protect is off
Dec 11 16:39:40 <zoulhafi> kernel: [    0.645390] sd 0:0:0:0: [sda] Mode Sense: 00 3a 00 00
Dec 11 16:39:40 <zoulhafi> kernel: [    0.645390] sd 0:0:0:0: [sda] Write cache: enabled, read cache: enabled, doesn't support DPO or FUA
Dec 11 16:39:40 <zoulhafi> kernel: [    0.645390] sd 0:0:0:0: Attached scsi generic sg0 type 0
Dec 11 16:39:40 <zoulhafi> kernel: [    0.647420] scsi 2:0:0:0: CD-ROM            VBOX     CD-ROM           1.0  PQ: 0 ANSI: 5
Dec 11 16:39:40 <zoulhafi> kernel: [    0.652783]  sda: sda1 sda2 sda3
Dec 11 16:39:40 <zoulhafi> kernel: [    0.653174] sd 0:0:0:0: [sda] Attached SCSI disk
Dec 11 16:39:40 <zoulhafi> kernel: [    0.678622] sr 2:0:0:0: [sr0] scsi3-mmc drive: 32x/32x xa/form2 tray
Dec 11 16:39:40 <zoulhafi> kernel: [    0.678835] cdrom: Uniform CD-ROM driver Revision: 3.20
Dec 11 16:39:40 <zoulhafi> kernel: [    0.692789] sr 2:0:0:0: Attached scsi CD-ROM sr0
Dec 11 16:39:40 <zoulhafi> kernel: [    0.692926] sr 2:0:0:0: Attached scsi generic sg1 type 5
Dec 11 16:39:40 <zoulhafi> kernel: [    0.709774] e1000 0000:00:03.0 eth0: (PCI:33MHz:32-bit) 08:00:27:44:6c:46
Dec 11 16:39:40 <zoulhafi> kernel: [    0.710003] e1000 0000:00:03.0 eth0: Intel(R) PRO/1000 Network Connection
Dec 11 16:39:40 <zoulhafi> kernel: [    0.710237] e1000e: Intel(R) PRO/1000 Network Driver
Dec 11 16:39:40 <zoulhafi> kernel: [    0.710411] e1000e: Copyright(c) 1999 - 2015 Intel Corporation.
Dec 11 16:39:40 <zoulhafi> kernel: [    0.710431] sky2: driver version 1.30
Dec 11 16:39:40 <zoulhafi> kernel: [    0.710431] ehci_hcd: USB 2.0 'Enhanced' Host Controller (EHCI) Driver
Dec 11 16:39:40 <zoulhafi> kernel: [    0.710431] ehci-pci: EHCI PCI platform driver
Dec 11 16:39:40 <zoulhafi> kernel: [    0.710431] ohci_hcd: USB 1.1 'Open' Host Controller (OHCI) Driver
Dec 11 16:39:40 <zoulhafi> kernel: [    0.710431] ohci-pci: OHCI PCI platform driver
Dec 11 16:39:40 <zoulhafi> kernel: [    0.712473] ohci-pci 0000:00:06.0: OHCI PCI host controller
Dec 11 16:39:40 <zoulhafi> kernel: [    0.712700] ohci-pci 0000:00:06.0: new USB bus registered, assigned bus number 1
Dec 11 16:39:40 <zoulhafi> kernel: [    0.713005] ohci-pci 0000:00:06.0: irq 22, io mem 0xf1804000
Dec 11 16:39:40 <zoulhafi> kernel: [    0.764809] usb usb1: New USB device found, idVendor=1d6b, idProduct=0001, bcdDevice= 5.16
Dec 11 16:39:40 <zoulhafi> kernel: [    0.765178] usb usb1: New USB device strings: Mfr=3, Product=2, SerialNumber=1
Dec 11 16:39:40 <zoulhafi> kernel: [    0.765419] usb usb1: Product: OHCI PCI host controller
Dec 11 16:39:40 <zoulhafi> kernel: [    0.765419] usb usb1: Manufacturer: Linux 5.16.0-rc4-zoulhafi-00260-g6f513529296f ohci_hcd
Dec 11 16:39:40 <zoulhafi> kernel: [    0.765419] usb usb1: SerialNumber: 0000:00:06.0
Dec 11 16:39:40 <zoulhafi> kernel: [    0.765419] hub 1-0:1.0: USB hub found
Dec 11 16:39:40 <zoulhafi> kernel: [    0.765419] hub 1-0:1.0: 12 ports detected
Dec 11 16:39:40 <zoulhafi> kernel: [    0.767625] uhci_hcd: USB Universal Host Controller Interface driver
Dec 11 16:39:40 <zoulhafi> kernel: [    0.767859] usbcore: registered new interface driver usblp
Dec 11 16:39:40 <zoulhafi> kernel: [    0.768109] usbcore: registered new interface driver usb-storage
Dec 11 16:39:40 <zoulhafi> kernel: [    0.768334] i8042: PNP: PS/2 Controller [PNP0303:PS2K,PNP0f03:PS2M] at 0x60,0x64 irq 1,12
Dec 11 16:39:40 <zoulhafi> kernel: [    0.769194] serio: i8042 KBD port at 0x60,0x64 irq 1
Dec 11 16:39:40 <zoulhafi> kernel: [    0.769395] serio: i8042 AUX port at 0x60,0x64 irq 12
Dec 11 16:39:40 <zoulhafi> kernel: [    0.769715] input: AT Translated Set 2 keyboard as /devices/platform/i8042/serio0/input/input3
Dec 11 16:39:40 <zoulhafi> kernel: [    0.772186] rtc_cmos rtc_cmos: registered as rtc0
Dec 11 16:39:40 <zoulhafi> kernel: [    0.772622] rtc_cmos rtc_cmos: alarms up to one day, 114 bytes nvram
Dec 11 16:39:40 <zoulhafi> kernel: [    0.772924] device-mapper: ioctl: 4.45.0-ioctl (2021-03-22) initialised: dm-devel@redhat.com
Dec 11 16:39:40 <zoulhafi> kernel: [    0.773216] intel_pstate: CPU model not supported
Dec 11 16:39:40 <zoulhafi> kernel: [    0.773414] hid: raw HID events driver (C) Jiri Kosina
Dec 11 16:39:40 <zoulhafi> kernel: [    0.773622] usbcore: registered new interface driver usbhid
Dec 11 16:39:40 <zoulhafi> kernel: [    0.773622] usbhid: USB HID core driver
Dec 11 16:39:40 <zoulhafi> kernel: [    0.773622] Initializing XFRM netlink socket
Dec 11 16:39:40 <zoulhafi> kernel: [    0.773622] NET: Registered PF_INET6 protocol family
Dec 11 16:39:40 <zoulhafi> kernel: [    0.775084] Segment Routing with IPv6
Dec 11 16:39:40 <zoulhafi> kernel: [    0.775228] In-situ OAM (IOAM) with IPv6
Dec 11 16:39:40 <zoulhafi> kernel: [    0.775440] sit: IPv6, IPv4 and MPLS over IPv4 tunneling driver
Dec 11 16:39:40 <zoulhafi> kernel: [    0.775714] NET: Registered PF_PACKET protocol family
Dec 11 16:39:40 <zoulhafi> kernel: [    0.775810] Key type dns_resolver registered
Dec 11 16:39:40 <zoulhafi> kernel: [    0.775810] IPI shorthand broadcast: enabled
Dec 11 16:39:40 <zoulhafi> kernel: [    0.775810] sched_clock: Marking stable (783289660, -8478967)->(777752991, -2942298)
Dec 11 16:39:40 <zoulhafi> kernel: [    0.776620] registered taskstats version 1
Dec 11 16:39:40 <zoulhafi> kernel: [    0.776778] Loading compiled-in X.509 certificates
Dec 11 16:39:40 <zoulhafi> kernel: [    0.777010] cryptomgr_test (45) used greatest stack depth: 15664 bytes left
Dec 11 16:39:40 <zoulhafi> kernel: [    0.777396] cryptomgr_test (55) used greatest stack depth: 15400 bytes left
Dec 11 16:39:40 <zoulhafi> kernel: [    0.777843] PM:   Magic number: 1:587:689
Dec 11 16:39:40 <zoulhafi> kernel: [    0.778035] printk: console [netcon0] enabled
Dec 11 16:39:40 <zoulhafi> kernel: [    0.778197] netconsole: network logging started
Dec 11 16:39:40 <zoulhafi> kernel: [    0.778400] cfg80211: Loading compiled-in X.509 certificates for regulatory database
Dec 11 16:39:40 <zoulhafi> kernel: [    0.778727] kworker/u2:3 (67) used greatest stack depth: 14712 bytes left
Dec 11 16:39:40 <zoulhafi> kernel: [    0.779141] cfg80211: Loaded X.509 cert 'sforshee: 00b28ddf47aef9cea7'
Dec 11 16:39:40 <zoulhafi> kernel: [    0.779145] ALSA device list:
Dec 11 16:39:40 <zoulhafi> kernel: [    0.779176]   No soundcards found.
Dec 11 16:39:40 <zoulhafi> kernel: [    0.779387] platform regulatory.0: Direct firmware load for regulatory.db failed with error -2
Dec 11 16:39:40 <zoulhafi> kernel: [    0.779674] cfg80211: failed to load regulatory.db
Dec 11 16:39:40 <zoulhafi> kernel: [    0.976827] random: fast init done
Dec 11 16:39:40 <zoulhafi> kernel: [    0.977388] input: ImExPS/2 Generic Explorer Mouse as /devices/platform/i8042/serio1/input/input5
Dec 11 16:39:40 <zoulhafi> kernel: [    0.978093] md: Waiting for all devices to be available before autodetect
Dec 11 16:39:40 <zoulhafi> kernel: [    0.978320] md: If you don't use raid, use raid=noautodetect
Dec 11 16:39:40 <zoulhafi> kernel: [    0.978357] md: Autodetecting RAID arrays.
Dec 11 16:39:40 <zoulhafi> kernel: [    0.978515] md: autorun ...
Dec 11 16:39:40 <zoulhafi> kernel: [    0.978648] md: ... autorun DONE.
Dec 11 16:39:40 <zoulhafi> kernel: [    0.986724] EXT4-fs (sda3): mounted filesystem with ordered data mode. Opts: (null). Quota mode: none.
Dec 11 16:39:40 <zoulhafi> kernel: [    0.987042] VFS: Mounted root (ext4 filesystem) readonly on device 8:3.
Dec 11 16:39:40 <zoulhafi> kernel: [    0.989116] devtmpfs: mounted
Dec 11 16:39:40 <zoulhafi> kernel: [    0.989380] Freeing unused kernel image (initmem) memory: 1248K
Dec 11 16:39:40 <zoulhafi> kernel: [    0.989614] Write protecting the kernel read-only data: 22528k
Dec 11 16:39:40 <zoulhafi> kernel: [    0.990069] Freeing unused kernel image (text/rodata gap) memory: 2032K
Dec 11 16:39:40 <zoulhafi> kernel: [    0.990331] Freeing unused kernel image (rodata/data gap) memory: 432K
Dec 11 16:39:40 <zoulhafi> kernel: [    0.990331] Run /sbin/init as init process
Dec 11 16:39:40 <zoulhafi> kernel: [    0.990338]   with arguments:
Dec 11 16:39:40 <zoulhafi> kernel: [    0.990555]     /sbin/init
Dec 11 16:39:40 <zoulhafi> kernel: [    0.990600]   with environment:
Dec 11 16:39:40 <zoulhafi> kernel: [    0.990641]     HOME=/
Dec 11 16:39:40 <zoulhafi> kernel: [    0.990677]     TERM=linux
Dec 11 16:39:40 <zoulhafi> kernel: [    0.990711]     BOOT_IMAGE=/vmlinuz-5.16.0-rc4
Dec 11 16:39:40 <zoulhafi> kernel: [    1.029576] usb 1-1: new full-speed USB device number 2 using ohci-pci
Dec 11 16:39:40 <zoulhafi> kernel: [    1.107067] stty (77) used greatest stack depth: 13680 bytes left
Dec 11 16:39:40 <zoulhafi> kernel: [    1.210706] mountpoint (102) used greatest stack depth: 13640 bytes left
Dec 11 16:39:40 <zoulhafi> kernel: [    1.261455] ip (129) used greatest stack depth: 12232 bytes left
Dec 11 16:39:40 <zoulhafi> kernel: [    1.269495] usb 1-1: New USB device found, idVendor=80ee, idProduct=0021, bcdDevice= 1.00
Dec 11 16:39:40 <zoulhafi> kernel: [    1.269775] usb 1-1: New USB device strings: Mfr=1, Product=3, SerialNumber=0
Dec 11 16:39:40 <zoulhafi> kernel: [    1.269993] usb 1-1: Product: USB Tablet
Dec 11 16:39:40 <zoulhafi> kernel: [    1.270146] usb 1-1: Manufacturer: VirtualBox
Dec 11 16:39:40 <zoulhafi> kernel: [    1.281832] input: VirtualBox USB Tablet as /devices/pci0000:00/0000:00:06.0/usb1/1-1/1-1:1.0/0003:80EE:0021.0001/input/input6
Dec 11 16:39:40 <zoulhafi> kernel: [    1.282259] hid-generic 0003:80EE:0021.0001: input,hidraw0: USB HID v1.10 Mouse [VirtualBox USB Tablet] on usb-0000:00:06.0-1/input0
Dec 11 16:39:40 <zoulhafi> kernel: [    1.303565] tsc: Refined TSC clocksource calibration: 3407.999 MHz
Dec 11 16:39:40 <zoulhafi> kernel: [    1.303780] clocksource: tsc: mask: 0xffffffffffffffff max_cycles: 0x311fd336761, max_idle_ns: 440795243819 ns
Dec 11 16:39:40 <zoulhafi> kernel: [    1.304197] clocksource: Switched to clocksource tsc
Dec 11 16:39:40 <zoulhafi> kernel: <30>[    1.305172] udevd[154]: starting version 3.2.10
Dec 11 16:39:40 <zoulhafi> kernel: [    1.352165] random: udevd: uninitialized urandom read (16 bytes read)
Dec 11 16:39:40 <zoulhafi> kernel: [    1.353060] random: udevd: uninitialized urandom read (16 bytes read)
Dec 11 16:39:40 <zoulhafi> kernel: [    1.354100] random: udevd: uninitialized urandom read (16 bytes read)
Dec 11 16:39:40 <zoulhafi> kernel: <30>[    1.381191] udevd[155]: starting eudev-3.2.10
Dec 11 16:39:40 <zoulhafi> kernel: [    1.516975] e1000 0000:00:03.0 enp0s3: renamed from eth0
Dec 11 16:39:40 <zoulhafi> kernel: [    2.469461] Adding 2097148k swap on /dev/sda2.  Priority:1 extents:1 across:2097148k 
Dec 11 16:39:40 <zoulhafi> kernel: [    2.479694] EXT4-fs (sda3): re-mounted. Opts: (null). Quota mode: none.
Dec 11 16:39:40 <zoulhafi> kernel: [    2.532501] EXT4-fs (sda3): re-mounted. Opts: (null). Quota mode: none.
Dec 11 16:39:40 <zoulhafi> kernel: [    2.545699] EXT4-fs (sda1): mounting ext2 file system using the ext4 subsystem
Dec 11 16:39:40 <zoulhafi> kernel: [    2.557369] EXT4-fs (sda1): mounted filesystem without journal. Opts: (null). Quota mode: none.
Dec 11 16:39:40 <zoulhafi> kernel: [    2.586962] random: crng init done
Dec 11 16:39:40 <zoulhafi> kernel: [    2.587115] random: 3 urandom warning(s) missed due to ratelimiting
Dec 11 16:39:40 <zoulhafi> kernel: [    3.588907] e1000: enp0s3 NIC Link is Up 1000 Mbps Full Duplex, Flow Control: RX
Dec 11 16:39:40 <zoulhafi> kernel: [    3.589415] IPv6: ADDRCONF(NETDEV_CHANGE): enp0s3: link becomes ready
Dec 11 16:40:22 <zoulhafi> kernel: [   45.504770] clocksource: timekeeping watchdog on CPU0: acpi_pm retried 2 times before success
