Dec 12 10:59:27 <zoulhafi> kernel: klogd 1.5.1, log source = /proc/kmsg started.
Dec 12 10:59:27 <zoulhafi> kernel: Cannot find map file.
Dec 12 10:59:27 <zoulhafi> kernel: Loaded 56691 symbols from 1 module.
Dec 12 10:59:27 <zoulhafi> kernel: [    0.000000] Linux version 5.16.0-thor_kernel-zoulhafi-00339-gf5de19c4be67 (root@<zoulhafi>) (gcc (GCC) 11.2.0, GNU ld (GNU Binutils) 2.37) #1 SMP PREEMPT Sun Dec 12 10:30:36 +01 2021
Dec 12 10:59:27 <zoulhafi> kernel: [    0.000000] Command line: BOOT_IMAGE=/vmlinuz-5.16.0-thor_kernel root=/dev/sda3 ro
Dec 12 10:59:27 <zoulhafi> kernel: [    0.000000] x86/fpu: Supporting XSAVE feature 0x001: 'x87 floating point registers'
Dec 12 10:59:27 <zoulhafi> kernel: [    0.000000] x86/fpu: Supporting XSAVE feature 0x002: 'SSE registers'
Dec 12 10:59:27 <zoulhafi> kernel: [    0.000000] x86/fpu: Supporting XSAVE feature 0x004: 'AVX registers'
Dec 12 10:59:27 <zoulhafi> kernel: [    0.000000] x86/fpu: xstate_offset[2]:  576, xstate_sizes[2]:  256
Dec 12 10:59:27 <zoulhafi> kernel: [    0.000000] x86/fpu: Enabled xstate features 0x7, context size is 832 bytes, using 'standard' format.
Dec 12 10:59:27 <zoulhafi> kernel: [    0.000000] signal: max sigframe size: 1776
Dec 12 10:59:27 <zoulhafi> kernel: [    0.000000] BIOS-provided physical RAM map:
Dec 12 10:59:27 <zoulhafi> kernel: [    0.000000] BIOS-e820: [mem 0x0000000000000000-0x000000000009fbff] usable
Dec 12 10:59:27 <zoulhafi> kernel: [    0.000000] BIOS-e820: [mem 0x000000000009fc00-0x000000000009ffff] reserved
Dec 12 10:59:27 <zoulhafi> kernel: [    0.000000] BIOS-e820: [mem 0x00000000000f0000-0x00000000000fffff] reserved
Dec 12 10:59:27 <zoulhafi> kernel: [    0.000000] BIOS-e820: [mem 0x0000000000100000-0x000000007ffeffff] usable
Dec 12 10:59:27 <zoulhafi> kernel: [    0.000000] BIOS-e820: [mem 0x000000007fff0000-0x000000007fffffff] ACPI data
Dec 12 10:59:27 <zoulhafi> kernel: [    0.000000] BIOS-e820: [mem 0x00000000fec00000-0x00000000fec00fff] reserved
Dec 12 10:59:27 <zoulhafi> kernel: [    0.000000] BIOS-e820: [mem 0x00000000fee00000-0x00000000fee00fff] reserved
Dec 12 10:59:27 <zoulhafi> kernel: [    0.000000] BIOS-e820: [mem 0x00000000fffc0000-0x00000000ffffffff] reserved
Dec 12 10:59:27 <zoulhafi> kernel: [    0.000000] NX (Execute Disable) protection: active
Dec 12 10:59:27 <zoulhafi> kernel: [    0.000000] SMBIOS 2.5 present.
Dec 12 10:59:27 <zoulhafi> kernel: [    0.000000] DMI: innotek GmbH VirtualBox/VirtualBox, BIOS VirtualBox 12/01/2006
Dec 12 10:59:27 <zoulhafi> kernel: [    0.000000] e820: update [mem 0x00000000-0x00000fff] usable ==> reserved
Dec 12 10:59:27 <zoulhafi> kernel: [    0.000000] e820: remove [mem 0x000a0000-0x000fffff] usable
Dec 12 10:59:27 <zoulhafi> kernel: [    0.000000] last_pfn = 0x7fff0 max_arch_pfn = 0x400000000
Dec 12 10:59:27 <zoulhafi> kernel: [    0.000000] Disabled
Dec 12 10:59:27 <zoulhafi> kernel: [    0.000000] x86/PAT: MTRRs disabled, skipping PAT initialization too.
Dec 12 10:59:27 <zoulhafi> kernel: [    0.000000] CPU MTRRs all blank - virtualized system.
Dec 12 10:59:27 <zoulhafi> kernel: [    0.000000] x86/PAT: Configuration [0-7]: WB  WT  UC- UC  WB  WT  UC- UC  
Dec 12 10:59:27 <zoulhafi> kernel: [    0.000000] found SMP MP-table at [mem 0x0009fff0-0x0009ffff]
Dec 12 10:59:27 <zoulhafi> kernel: [    0.000000] ACPI: Early table checksum verification disabled
Dec 12 10:59:27 <zoulhafi> kernel: [    0.000000] ACPI: RSDP 0x00000000000E0000 000024 (v02 VBOX  )
Dec 12 10:59:27 <zoulhafi> kernel: [    0.000000] ACPI: XSDT 0x000000007FFF0030 00003C (v01 VBOX   VBOXXSDT 00000001 ASL  00000061)
Dec 12 10:59:27 <zoulhafi> kernel: [    0.000000] ACPI: FACP 0x000000007FFF00F0 0000F4 (v04 VBOX   VBOXFACP 00000001 ASL  00000061)
Dec 12 10:59:27 <zoulhafi> kernel: [    0.000000] ACPI: DSDT 0x000000007FFF0470 002325 (v02 VBOX   VBOXBIOS 00000002 INTL 20100528)
Dec 12 10:59:27 <zoulhafi> kernel: [    0.000000] ACPI: FACS 0x000000007FFF0200 000040
Dec 12 10:59:27 <zoulhafi> kernel: [    0.000000] ACPI: FACS 0x000000007FFF0200 000040
Dec 12 10:59:27 <zoulhafi> kernel: [    0.000000] ACPI: APIC 0x000000007FFF0240 000054 (v02 VBOX   VBOXAPIC 00000001 ASL  00000061)
Dec 12 10:59:27 <zoulhafi> kernel: [    0.000000] ACPI: SSDT 0x000000007FFF02A0 0001CC (v01 VBOX   VBOXCPUT 00000002 INTL 20100528)
Dec 12 10:59:27 <zoulhafi> kernel: [    0.000000] ACPI: Reserving FACP table memory at [mem 0x7fff00f0-0x7fff01e3]
Dec 12 10:59:27 <zoulhafi> kernel: [    0.000000] ACPI: Reserving DSDT table memory at [mem 0x7fff0470-0x7fff2794]
Dec 12 10:59:27 <zoulhafi> kernel: [    0.000000] ACPI: Reserving FACS table memory at [mem 0x7fff0200-0x7fff023f]
Dec 12 10:59:27 <zoulhafi> kernel: [    0.000000] ACPI: Reserving FACS table memory at [mem 0x7fff0200-0x7fff023f]
Dec 12 10:59:27 <zoulhafi> kernel: [    0.000000] ACPI: Reserving APIC table memory at [mem 0x7fff0240-0x7fff0293]
Dec 12 10:59:27 <zoulhafi> kernel: [    0.000000] ACPI: Reserving SSDT table memory at [mem 0x7fff02a0-0x7fff046b]
Dec 12 10:59:27 <zoulhafi> kernel: [    0.000000] No NUMA configuration found
Dec 12 10:59:27 <zoulhafi> kernel: [    0.000000] Faking a node at [mem 0x0000000000000000-0x000000007ffeffff]
Dec 12 10:59:27 <zoulhafi> kernel: [    0.000000] NODE_DATA(0) allocated [mem 0x7ffec000-0x7ffeffff]
Dec 12 10:59:27 <zoulhafi> kernel: [    0.000000] Zone ranges:
Dec 12 10:59:27 <zoulhafi> kernel: [    0.000000]   DMA      [mem 0x0000000000001000-0x0000000000ffffff]
Dec 12 10:59:27 <zoulhafi> kernel: [    0.000000]   DMA32    [mem 0x0000000001000000-0x000000007ffeffff]
Dec 12 10:59:27 <zoulhafi> kernel: [    0.000000]   Normal   empty
Dec 12 10:59:27 <zoulhafi> kernel: [    0.000000] Movable zone start for each node
Dec 12 10:59:27 <zoulhafi> kernel: [    0.000000] Early memory node ranges
Dec 12 10:59:27 <zoulhafi> kernel: [    0.000000]   node   0: [mem 0x0000000000001000-0x000000000009efff]
Dec 12 10:59:27 <zoulhafi> kernel: [    0.000000]   node   0: [mem 0x0000000000100000-0x000000007ffeffff]
Dec 12 10:59:27 <zoulhafi> kernel: [    0.000000] Initmem setup node 0 [mem 0x0000000000001000-0x000000007ffeffff]
Dec 12 10:59:27 <zoulhafi> kernel: [    0.000000] On node 0, zone DMA: 1 pages in unavailable ranges
Dec 12 10:59:27 <zoulhafi> kernel: [    0.000000] On node 0, zone DMA: 97 pages in unavailable ranges
Dec 12 10:59:27 <zoulhafi> kernel: [    0.000000] On node 0, zone DMA32: 16 pages in unavailable ranges
Dec 12 10:59:27 <zoulhafi> kernel: [    0.000000] ACPI: PM-Timer IO Port: 0x4008
Dec 12 10:59:27 <zoulhafi> kernel: [    0.000000] IOAPIC[0]: apic_id 1, version 32, address 0xfec00000, GSI 0-23
Dec 12 10:59:27 <zoulhafi> kernel: [    0.000000] ACPI: INT_SRC_OVR (bus 0 bus_irq 0 global_irq 2 dfl dfl)
Dec 12 10:59:27 <zoulhafi> kernel: [    0.000000] ACPI: INT_SRC_OVR (bus 0 bus_irq 9 global_irq 9 low level)
Dec 12 10:59:27 <zoulhafi> kernel: [    0.000000] ACPI: Using ACPI (MADT) for SMP configuration information
Dec 12 10:59:27 <zoulhafi> kernel: [    0.000000] smpboot: Allowing 1 CPUs, 0 hotplug CPUs
Dec 12 10:59:27 <zoulhafi> kernel: [    0.000000] PM: hibernation: Registered nosave memory: [mem 0x00000000-0x00000fff]
Dec 12 10:59:27 <zoulhafi> kernel: [    0.000000] PM: hibernation: Registered nosave memory: [mem 0x0009f000-0x0009ffff]
Dec 12 10:59:27 <zoulhafi> kernel: [    0.000000] PM: hibernation: Registered nosave memory: [mem 0x000a0000-0x000effff]
Dec 12 10:59:27 <zoulhafi> kernel: [    0.000000] PM: hibernation: Registered nosave memory: [mem 0x000f0000-0x000fffff]
Dec 12 10:59:27 <zoulhafi> kernel: [    0.000000] [mem 0x80000000-0xfebfffff] available for PCI devices
Dec 12 10:59:27 <zoulhafi> kernel: [    0.000000] clocksource: refined-jiffies: mask: 0xffffffff max_cycles: 0xffffffff, max_idle_ns: 1910969940391419 ns
Dec 12 10:59:27 <zoulhafi> kernel: [    0.000000] setup_percpu: NR_CPUS:64 nr_cpumask_bits:64 nr_cpu_ids:1 nr_node_ids:1
Dec 12 10:59:27 <zoulhafi> kernel: [    0.000000] percpu: Embedded 52 pages/cpu s174744 r8192 d30056 u2097152
Dec 12 10:59:27 <zoulhafi> kernel: [    0.000000] pcpu-alloc: s174744 r8192 d30056 u2097152 alloc=1*2097152
Dec 12 10:59:27 <zoulhafi> kernel: [    0.000000] pcpu-alloc: [0] 0 
Dec 12 10:59:27 <zoulhafi> kernel: [    0.000000] Fallback order for Node 0: 0 
Dec 12 10:59:27 <zoulhafi> kernel: [    0.000000] Built 1 zonelists, mobility grouping on.  Total pages: 515824
Dec 12 10:59:27 <zoulhafi> kernel: [    0.000000] Policy zone: DMA32
Dec 12 10:59:27 <zoulhafi> kernel: [    0.000000] Kernel command line: BOOT_IMAGE=/vmlinuz-5.16.0-thor_kernel root=/dev/sda3 ro
Dec 12 10:59:27 <zoulhafi> kernel: [    0.000000] Unknown kernel command line parameters "BOOT_IMAGE=/vmlinuz-5.16.0-thor_kernel", will be passed to user space.
Dec 12 10:59:27 <zoulhafi> kernel: [    0.000000] Dentry cache hash table entries: 262144 (order: 9, 2097152 bytes, linear)
Dec 12 10:59:27 <zoulhafi> kernel: [    0.000000] Inode-cache hash table entries: 131072 (order: 8, 1048576 bytes, linear)
Dec 12 10:59:27 <zoulhafi> kernel: [    0.000000] mem auto-init: stack:off, heap alloc:off, heap free:off
Dec 12 10:59:27 <zoulhafi> kernel: [    0.000000] Memory: 2026856K/2096696K available (16398K kernel code, 2595K rwdata, 3664K rodata, 1248K init, 1476K bss, 69580K reserved, 0K cma-reserved)
Dec 12 10:59:27 <zoulhafi> kernel: [    0.000000] SLUB: HWalign=64, Order=0-3, MinObjects=0, CPUs=1, Nodes=1
Dec 12 10:59:27 <zoulhafi> kernel: [    0.000000] Kernel/User page tables isolation: enabled
Dec 12 10:59:27 <zoulhafi> kernel: [    0.000000] Dynamic Preempt: voluntary
Dec 12 10:59:27 <zoulhafi> kernel: [    0.000000] rcu: Preemptible hierarchical RCU implementation.
Dec 12 10:59:27 <zoulhafi> kernel: [    0.000000] rcu: ^IRCU event tracing is enabled.
Dec 12 10:59:27 <zoulhafi> kernel: [    0.000000] rcu: ^IRCU restricting CPUs from NR_CPUS=64 to nr_cpu_ids=1.
Dec 12 10:59:27 <zoulhafi> kernel: [    0.000000] ^ITrampoline variant of Tasks RCU enabled.
Dec 12 10:59:27 <zoulhafi> kernel: [    0.000000] rcu: RCU calculated value of scheduler-enlistment delay is 100 jiffies.
Dec 12 10:59:27 <zoulhafi> kernel: [    0.000000] rcu: Adjusting geometry for rcu_fanout_leaf=16, nr_cpu_ids=1
Dec 12 10:59:27 <zoulhafi> kernel: [    0.000000] NR_IRQS: 4352, nr_irqs: 256, preallocated irqs: 16
Dec 12 10:59:27 <zoulhafi> kernel: [    0.000000] random: get_random_bytes called from start_kernel+0x492/0x65f with crng_init=0
Dec 12 10:59:27 <zoulhafi> kernel: [    0.000000] Console: colour VGA+ 80x25
Dec 12 10:59:27 <zoulhafi> kernel: [    0.000000] printk: console [tty0] enabled
Dec 12 10:59:27 <zoulhafi> kernel: [    0.000000] ACPI: Core revision 20210930
Dec 12 10:59:27 <zoulhafi> kernel: [    0.000000] APIC: Switch to symmetric I/O mode setup
Dec 12 10:59:27 <zoulhafi> kernel: [    0.000000] ..TIMER: vector=0x30 apic1=0 pin1=2 apic2=-1 pin2=-1
Dec 12 10:59:27 <zoulhafi> kernel: [    0.008000] tsc: Unable to calibrate against PIT
Dec 12 10:59:27 <zoulhafi> kernel: [    0.008000] tsc: using PMTIMER reference calibration
Dec 12 10:59:27 <zoulhafi> kernel: [    0.008000] tsc: Detected 3408.007 MHz processor
Dec 12 10:59:27 <zoulhafi> kernel: [    0.000005] clocksource: tsc-early: mask: 0xffffffffffffffff max_cycles: 0x311fda485d3, max_idle_ns: 440795205751 ns
Dec 12 10:59:27 <zoulhafi> kernel: [    0.000330] Calibrating delay loop (skipped), value calculated using timer frequency.. 6816.01 BogoMIPS (lpj=3408007)
Dec 12 10:59:27 <zoulhafi> kernel: [    0.000654] pid_max: default: 32768 minimum: 301
Dec 12 10:59:27 <zoulhafi> kernel: [    0.000838] LSM: Security Framework initializing
Dec 12 10:59:27 <zoulhafi> kernel: [    0.001009] SELinux:  Initializing.
Dec 12 10:59:27 <zoulhafi> kernel: [    0.001168] Mount-cache hash table entries: 4096 (order: 3, 32768 bytes, linear)
Dec 12 10:59:27 <zoulhafi> kernel: [    0.001328] Mountpoint-cache hash table entries: 4096 (order: 3, 32768 bytes, linear)
Dec 12 10:59:27 <zoulhafi> kernel: [    0.001328] unchecked MSR access error: WRMSR to 0x3a (tried to write 0x0000000000000001) at rIP: 0xffffffffa5637be3 (init_ia32_feat_ctl+0x83/0x330)
Dec 12 10:59:27 <zoulhafi> kernel: [    0.001328] Call Trace:
Dec 12 10:59:27 <zoulhafi> kernel: [    0.001328]  <TASK>
Dec 12 10:59:27 <zoulhafi> kernel: [    0.001328]  init_intel+0xb0/0x540
Dec 12 10:59:27 <zoulhafi> kernel: [    0.001328]  identify_cpu+0x259/0x5b0
Dec 12 10:59:27 <zoulhafi> kernel: [    0.001328]  identify_boot_cpu+0xc/0x94
Dec 12 10:59:27 <zoulhafi> kernel: [    0.001328]  check_bugs+0x21/0xa97
Dec 12 10:59:27 <zoulhafi> kernel: [    0.001328]  ? __get_locked_pte+0x16b/0x230
Dec 12 10:59:27 <zoulhafi> kernel: [    0.001328]  start_kernel+0x62b/0x65f
Dec 12 10:59:27 <zoulhafi> kernel: [    0.001328]  secondary_startup_64_no_verify+0xc2/0xcb
Dec 12 10:59:27 <zoulhafi> kernel: [    0.001328]  </TASK>
Dec 12 10:59:27 <zoulhafi> kernel: [    0.001328] process: using mwait in idle threads
Dec 12 10:59:27 <zoulhafi> kernel: [    0.001328] Last level iTLB entries: 4KB 128, 2MB 8, 4MB 8
Dec 12 10:59:27 <zoulhafi> kernel: [    0.001328] Last level dTLB entries: 4KB 64, 2MB 0, 4MB 0, 1GB 4
Dec 12 10:59:27 <zoulhafi> kernel: [    0.001328] Spectre V1 : Mitigation: usercopy/swapgs barriers and __user pointer sanitization
Dec 12 10:59:27 <zoulhafi> kernel: [    0.001328] Spectre V2 : Mitigation: Full generic retpoline
Dec 12 10:59:27 <zoulhafi> kernel: [    0.001328] Spectre V2 : Spectre v2 / SpectreRSB mitigation: Filling RSB on context switch
Dec 12 10:59:27 <zoulhafi> kernel: [    0.001328] Speculative Store Bypass: Vulnerable
Dec 12 10:59:27 <zoulhafi> kernel: [    0.001328] SRBDS: Unknown: Dependent on hypervisor status
Dec 12 10:59:27 <zoulhafi> kernel: [    0.001328] MDS: Mitigation: Clear CPU buffers
Dec 12 10:59:27 <zoulhafi> kernel: [    0.011585] Freeing SMP alternatives memory: 44K
Dec 12 10:59:27 <zoulhafi> kernel: [    0.112939] smpboot: CPU0: Intel(R) Core(TM) i5-7500 CPU @ 3.40GHz (family: 0x6, model: 0x9e, stepping: 0x9)
Dec 12 10:59:27 <zoulhafi> kernel: [    0.113328] Performance Events: unsupported p6 CPU model 158 no PMU driver, software events only.
Dec 12 10:59:27 <zoulhafi> kernel: [    0.113328] rcu: Hierarchical SRCU implementation.
Dec 12 10:59:27 <zoulhafi> kernel: [    0.113328] smp: Bringing up secondary CPUs ...
Dec 12 10:59:27 <zoulhafi> kernel: [    0.113328] smp: Brought up 1 node, 1 CPU
Dec 12 10:59:27 <zoulhafi> kernel: [    0.113328] smpboot: Max logical packages: 1
Dec 12 10:59:27 <zoulhafi> kernel: [    0.113328] smpboot: Total of 1 processors activated (6816.01 BogoMIPS)
Dec 12 10:59:27 <zoulhafi> kernel: [    0.113328] devtmpfs: initialized
Dec 12 10:59:27 <zoulhafi> kernel: [    0.113328] clocksource: jiffies: mask: 0xffffffff max_cycles: 0xffffffff, max_idle_ns: 1911260446275000 ns
Dec 12 10:59:27 <zoulhafi> kernel: [    0.113328] futex hash table entries: 256 (order: 2, 16384 bytes, linear)
Dec 12 10:59:27 <zoulhafi> kernel: [    0.115329] PM: RTC time: 09:59:23, date: 2021-12-12
Dec 12 10:59:27 <zoulhafi> kernel: [    0.115637] NET: Registered PF_NETLINK/PF_ROUTE protocol family
Dec 12 10:59:27 <zoulhafi> kernel: [    0.115881] audit: initializing netlink subsys (disabled)
Dec 12 10:59:27 <zoulhafi> kernel: [    0.116255] thermal_sys: Registered thermal governor 'step_wise'
Dec 12 10:59:27 <zoulhafi> kernel: [    0.116257] thermal_sys: Registered thermal governor 'user_space'
Dec 12 10:59:27 <zoulhafi> kernel: [    0.116328] audit: type=2000 audit(1639303163.123:1): state=initialized audit_enabled=0 res=1
Dec 12 10:59:27 <zoulhafi> kernel: [    0.116328] cpuidle: using governor menu
Dec 12 10:59:27 <zoulhafi> kernel: [    0.116328] PCI: Using configuration type 1 for base access
Dec 12 10:59:27 <zoulhafi> kernel: [    0.119047] kprobes: kprobe jump-optimization is enabled. All kprobes are optimized if possible.
Dec 12 10:59:27 <zoulhafi> kernel: [    0.119328] HugeTLB registered 2.00 MiB page size, pre-allocated 0 pages
Dec 12 10:59:27 <zoulhafi> kernel: [    0.119328] ACPI: Added _OSI(Module Device)
Dec 12 10:59:27 <zoulhafi> kernel: [    0.119328] ACPI: Added _OSI(Processor Device)
Dec 12 10:59:27 <zoulhafi> kernel: [    0.119328] ACPI: Added _OSI(3.0 _SCP Extensions)
Dec 12 10:59:27 <zoulhafi> kernel: [    0.119328] ACPI: Added _OSI(Processor Aggregator Device)
Dec 12 10:59:27 <zoulhafi> kernel: [    0.119328] ACPI: Added _OSI(Linux-Dell-Video)
Dec 12 10:59:27 <zoulhafi> kernel: [    0.119328] ACPI: Added _OSI(Linux-Lenovo-NV-HDMI-Audio)
Dec 12 10:59:27 <zoulhafi> kernel: [    0.119328] ACPI: Added _OSI(Linux-HPI-Hybrid-Graphics)
Dec 12 10:59:27 <zoulhafi> kernel: [    0.121894] ACPI: 2 ACPI AML tables successfully acquired and loaded
Dec 12 10:59:27 <zoulhafi> kernel: [    0.123539] ACPI: Interpreter enabled
Dec 12 10:59:27 <zoulhafi> kernel: [    0.123697] ACPI: PM: (supports S0 S5)
Dec 12 10:59:27 <zoulhafi> kernel: [    0.123846] ACPI: Using IOAPIC for interrupt routing
Dec 12 10:59:27 <zoulhafi> kernel: [    0.124119] PCI: Using host bridge windows from ACPI; if necessary, use "pci=nocrs" and report a bug
Dec 12 10:59:27 <zoulhafi> kernel: [    0.124328] ACPI: Enabled 2 GPEs in block 00 to 07
Dec 12 10:59:27 <zoulhafi> kernel: [    0.129385] ACPI: PCI Root Bridge [PCI0] (domain 0000 [bus 00-ff])
Dec 12 10:59:27 <zoulhafi> kernel: [    0.129605] acpi PNP0A03:00: _OSC: OS supports [ASPM ClockPM Segments MSI HPX-Type3]
Dec 12 10:59:27 <zoulhafi> kernel: [    0.129870] acpi PNP0A03:00: _OSC: not requesting OS control; OS requires [ExtendedConfig ASPM ClockPM MSI]
Dec 12 10:59:27 <zoulhafi> kernel: [    0.130328] acpi PNP0A03:00: fail to add MMCONFIG information, can't access extended PCI configuration space under this bridge.
Dec 12 10:59:27 <zoulhafi> kernel: [    0.130696] PCI host bridge to bus 0000:00
Dec 12 10:59:27 <zoulhafi> kernel: [    0.131328] pci_bus 0000:00: root bus resource [io  0x0000-0x0cf7 window]
Dec 12 10:59:27 <zoulhafi> kernel: [    0.131541] pci_bus 0000:00: root bus resource [io  0x0d00-0xffff window]
Dec 12 10:59:27 <zoulhafi> kernel: [    0.131751] pci_bus 0000:00: root bus resource [mem 0x000a0000-0x000bffff window]
Dec 12 10:59:27 <zoulhafi> kernel: [    0.132009] pci_bus 0000:00: root bus resource [mem 0x80000000-0xfdffffff window]
Dec 12 10:59:27 <zoulhafi> kernel: [    0.132268] pci_bus 0000:00: root bus resource [bus 00-ff]
Dec 12 10:59:27 <zoulhafi> kernel: [    0.132436] pci 0000:00:00.0: [8086:1237] type 00 class 0x060000
Dec 12 10:59:27 <zoulhafi> kernel: [    0.133439] pci 0000:00:01.0: [8086:7000] type 00 class 0x060100
Dec 12 10:59:27 <zoulhafi> kernel: [    0.134619] pci 0000:00:01.1: [8086:7111] type 00 class 0x01018a
Dec 12 10:59:27 <zoulhafi> kernel: [    0.135357] pci 0000:00:01.1: reg 0x20: [io  0xd000-0xd00f]
Dec 12 10:59:27 <zoulhafi> kernel: [    0.135769] pci 0000:00:01.1: legacy IDE quirk: reg 0x10: [io  0x01f0-0x01f7]
Dec 12 10:59:27 <zoulhafi> kernel: [    0.135989] pci 0000:00:01.1: legacy IDE quirk: reg 0x14: [io  0x03f6]
Dec 12 10:59:27 <zoulhafi> kernel: [    0.136193] pci 0000:00:01.1: legacy IDE quirk: reg 0x18: [io  0x0170-0x0177]
Dec 12 10:59:27 <zoulhafi> kernel: [    0.136328] pci 0000:00:01.1: legacy IDE quirk: reg 0x1c: [io  0x0376]
Dec 12 10:59:27 <zoulhafi> kernel: [    0.136890] pci 0000:00:02.0: [15ad:0405] type 00 class 0x030000
Dec 12 10:59:27 <zoulhafi> kernel: [    0.138347] pci 0000:00:02.0: reg 0x10: [io  0xd010-0xd01f]
Dec 12 10:59:27 <zoulhafi> kernel: [    0.139572] pci 0000:00:02.0: reg 0x14: [mem 0xf0000000-0xf0ffffff pref]
Dec 12 10:59:27 <zoulhafi> kernel: [    0.140918] pci 0000:00:02.0: reg 0x18: [mem 0xf1000000-0xf11fffff]
Dec 12 10:59:27 <zoulhafi> kernel: [    0.146689] pci 0000:00:03.0: [8086:100e] type 00 class 0x020000
Dec 12 10:59:27 <zoulhafi> kernel: [    0.147829] pci 0000:00:03.0: reg 0x10: [mem 0xf1200000-0xf121ffff]
Dec 12 10:59:27 <zoulhafi> kernel: [    0.150346] pci 0000:00:03.0: reg 0x18: [io  0xd020-0xd027]
Dec 12 10:59:27 <zoulhafi> kernel: [    0.154785] pci 0000:00:04.0: [80ee:cafe] type 00 class 0x088000
Dec 12 10:59:27 <zoulhafi> kernel: [    0.155725] pci 0000:00:04.0: reg 0x10: [io  0xd040-0xd05f]
Dec 12 10:59:27 <zoulhafi> kernel: [    0.156795] pci 0000:00:04.0: reg 0x14: [mem 0xf1400000-0xf17fffff]
Dec 12 10:59:27 <zoulhafi> kernel: [    0.157828] pci 0000:00:04.0: reg 0x18: [mem 0xf1800000-0xf1803fff pref]
Dec 12 10:59:27 <zoulhafi> kernel: [    0.162335] pci 0000:00:05.0: [8086:2415] type 00 class 0x040100
Dec 12 10:59:27 <zoulhafi> kernel: [    0.162719] pci 0000:00:05.0: reg 0x10: [io  0xd100-0xd1ff]
Dec 12 10:59:27 <zoulhafi> kernel: [    0.162999] pci 0000:00:05.0: reg 0x14: [io  0xd200-0xd23f]
Dec 12 10:59:27 <zoulhafi> kernel: [    0.163926] pci 0000:00:06.0: [106b:003f] type 00 class 0x0c0310
Dec 12 10:59:27 <zoulhafi> kernel: [    0.164822] pci 0000:00:06.0: reg 0x10: [mem 0xf1804000-0xf1804fff]
Dec 12 10:59:27 <zoulhafi> kernel: [    0.171819] pci 0000:00:07.0: [8086:7113] type 00 class 0x068000
Dec 12 10:59:27 <zoulhafi> kernel: [    0.172659] pci 0000:00:07.0: quirk: [io  0x4000-0x403f] claimed by PIIX4 ACPI
Dec 12 10:59:27 <zoulhafi> kernel: [    0.172930] pci 0000:00:07.0: quirk: [io  0x4100-0x410f] claimed by PIIX4 SMB
Dec 12 10:59:27 <zoulhafi> kernel: [    0.173557] pci 0000:00:0d.0: [8086:2829] type 00 class 0x010601
Dec 12 10:59:27 <zoulhafi> kernel: [    0.174655] pci 0000:00:0d.0: reg 0x10: [io  0xd240-0xd247]
Dec 12 10:59:27 <zoulhafi> kernel: [    0.175809] pci 0000:00:0d.0: reg 0x14: [io  0xd248-0xd24b]
Dec 12 10:59:27 <zoulhafi> kernel: [    0.176933] pci 0000:00:0d.0: reg 0x18: [io  0xd250-0xd257]
Dec 12 10:59:27 <zoulhafi> kernel: [    0.178420] pci 0000:00:0d.0: reg 0x1c: [io  0xd258-0xd25b]
Dec 12 10:59:27 <zoulhafi> kernel: [    0.179423] pci 0000:00:0d.0: reg 0x20: [io  0xd260-0xd26f]
Dec 12 10:59:27 <zoulhafi> kernel: [    0.180421] pci 0000:00:0d.0: reg 0x24: [mem 0xf1806000-0xf1807fff]
Dec 12 10:59:27 <zoulhafi> kernel: [    0.183669] ACPI: PCI: Interrupt link LNKA configured for IRQ 11
Dec 12 10:59:27 <zoulhafi> kernel: [    0.184080] ACPI: PCI: Interrupt link LNKB configured for IRQ 10
Dec 12 10:59:27 <zoulhafi> kernel: [    0.184365] ACPI: PCI: Interrupt link LNKC configured for IRQ 9
Dec 12 10:59:27 <zoulhafi> kernel: [    0.184648] ACPI: PCI: Interrupt link LNKD configured for IRQ 11
Dec 12 10:59:27 <zoulhafi> kernel: [    0.185026] iommu: Default domain type: Translated 
Dec 12 10:59:27 <zoulhafi> kernel: [    0.185201] iommu: DMA domain TLB invalidation policy: lazy mode 
Dec 12 10:59:27 <zoulhafi> kernel: [    0.185328] pci 0000:00:02.0: vgaarb: setting as boot VGA device
Dec 12 10:59:27 <zoulhafi> kernel: [    0.185328] pci 0000:00:02.0: vgaarb: VGA device added: decodes=io+mem,owns=io+mem,locks=none
Dec 12 10:59:27 <zoulhafi> kernel: [    0.185331] pci 0000:00:02.0: vgaarb: bridge control possible
Dec 12 10:59:27 <zoulhafi> kernel: [    0.185520] vgaarb: loaded
Dec 12 10:59:27 <zoulhafi> kernel: [    0.185705] SCSI subsystem initialized
Dec 12 10:59:27 <zoulhafi> kernel: [    0.185893] libata version 3.00 loaded.
Dec 12 10:59:27 <zoulhafi> kernel: [    0.185917] ACPI: bus type USB registered
Dec 12 10:59:27 <zoulhafi> kernel: [    0.186087] usbcore: registered new interface driver usbfs
Dec 12 10:59:27 <zoulhafi> kernel: [    0.186275] usbcore: registered new interface driver hub
Dec 12 10:59:27 <zoulhafi> kernel: [    0.186328] usbcore: registered new device driver usb
Dec 12 10:59:27 <zoulhafi> kernel: [    0.186328] pps_core: LinuxPPS API ver. 1 registered
Dec 12 10:59:27 <zoulhafi> kernel: [    0.186328] pps_core: Software ver. 5.3.6 - Copyright 2005-2007 Rodolfo Giometti <giometti@linux.it>
Dec 12 10:59:27 <zoulhafi> kernel: [    0.186328] PTP clock support registered
Dec 12 10:59:27 <zoulhafi> kernel: [    0.187524] Advanced Linux Sound Architecture Driver Initialized.
Dec 12 10:59:27 <zoulhafi> kernel: [    0.188367] NetLabel: Initializing
Dec 12 10:59:27 <zoulhafi> kernel: [    0.188510] NetLabel:  domain hash size = 128
Dec 12 10:59:27 <zoulhafi> kernel: [    0.188670] NetLabel:  protocols = UNLABELED CIPSOv4 CALIPSO
Dec 12 10:59:27 <zoulhafi> kernel: [    0.188869] NetLabel:  unlabeled traffic allowed by default
Dec 12 10:59:27 <zoulhafi> kernel: [    0.189078] PCI: Using ACPI for IRQ routing
Dec 12 10:59:27 <zoulhafi> kernel: [    0.189236] PCI: pci_cache_line_size set to 64 bytes
Dec 12 10:59:27 <zoulhafi> kernel: [    0.189517] e820: reserve RAM buffer [mem 0x0009fc00-0x0009ffff]
Dec 12 10:59:27 <zoulhafi> kernel: [    0.189521] e820: reserve RAM buffer [mem 0x7fff0000-0x7fffffff]
Dec 12 10:59:27 <zoulhafi> kernel: [    0.189559] clocksource: Switched to clocksource tsc-early
Dec 12 10:59:27 <zoulhafi> kernel: [    0.195638] VFS: Disk quotas dquot_6.6.0
Dec 12 10:59:27 <zoulhafi> kernel: [    0.195810] VFS: Dquot-cache hash table entries: 512 (order 0, 4096 bytes)
Dec 12 10:59:27 <zoulhafi> kernel: [    0.196058] pnp: PnP ACPI init
Dec 12 10:59:27 <zoulhafi> kernel: [    0.196977] pnp: PnP ACPI: found 3 devices
Dec 12 10:59:27 <zoulhafi> kernel: [    0.202546] clocksource: acpi_pm: mask: 0xffffff max_cycles: 0xffffff, max_idle_ns: 2085701024 ns
Dec 12 10:59:27 <zoulhafi> kernel: [    0.282764] NET: Registered PF_INET protocol family
Dec 12 10:59:27 <zoulhafi> kernel: [    0.282990] IP idents hash table entries: 32768 (order: 6, 262144 bytes, linear)
Dec 12 10:59:27 <zoulhafi> kernel: [    0.283378] tcp_listen_portaddr_hash hash table entries: 1024 (order: 2, 16384 bytes, linear)
Dec 12 10:59:27 <zoulhafi> kernel: [    0.283664] TCP established hash table entries: 16384 (order: 5, 131072 bytes, linear)
Dec 12 10:59:27 <zoulhafi> kernel: [    0.283942] TCP bind hash table entries: 16384 (order: 6, 262144 bytes, linear)
Dec 12 10:59:27 <zoulhafi> kernel: [    0.284215] TCP: Hash tables configured (established 16384 bind 16384)
Dec 12 10:59:27 <zoulhafi> kernel: [    0.284264] UDP hash table entries: 1024 (order: 3, 32768 bytes, linear)
Dec 12 10:59:27 <zoulhafi> kernel: [    0.284264] UDP-Lite hash table entries: 1024 (order: 3, 32768 bytes, linear)
Dec 12 10:59:27 <zoulhafi> kernel: [    0.284264] NET: Registered PF_UNIX/PF_LOCAL protocol family
Dec 12 10:59:27 <zoulhafi> kernel: [    0.284264] RPC: Registered named UNIX socket transport module.
Dec 12 10:59:27 <zoulhafi> kernel: [    0.284264] RPC: Registered udp transport module.
Dec 12 10:59:27 <zoulhafi> kernel: [    0.284264] RPC: Registered tcp transport module.
Dec 12 10:59:27 <zoulhafi> kernel: [    0.284264] RPC: Registered tcp NFSv4.1 backchannel transport module.
Dec 12 10:59:27 <zoulhafi> kernel: [    0.284264] pci_bus 0000:00: resource 4 [io  0x0000-0x0cf7 window]
Dec 12 10:59:27 <zoulhafi> kernel: [    0.284264] pci_bus 0000:00: resource 5 [io  0x0d00-0xffff window]
Dec 12 10:59:27 <zoulhafi> kernel: [    0.284264] pci_bus 0000:00: resource 6 [mem 0x000a0000-0x000bffff window]
Dec 12 10:59:27 <zoulhafi> kernel: [    0.284264] pci_bus 0000:00: resource 7 [mem 0x80000000-0xfdffffff window]
Dec 12 10:59:27 <zoulhafi> kernel: [    0.287093] pci 0000:00:00.0: Limiting direct PCI/PCI transfers
Dec 12 10:59:27 <zoulhafi> kernel: [    0.287306] pci 0000:00:01.0: Activating ISA DMA hang workarounds
Dec 12 10:59:27 <zoulhafi> kernel: [    0.287574] pci 0000:00:02.0: Video device with shadowed ROM at [mem 0x000c0000-0x000dffff]
Dec 12 10:59:27 <zoulhafi> kernel: [    0.288763] PCI: CLS 0 bytes, default 64
Dec 12 10:59:27 <zoulhafi> kernel: [    0.288970] RAPL PMU: API unit is 2^-32 Joules, 0 fixed counters, 10737418240 ms ovfl timer
Dec 12 10:59:27 <zoulhafi> kernel: [    0.289259] platform rtc_cmos: registered platform RTC device (no PNP device found)
Dec 12 10:59:27 <zoulhafi> kernel: [    0.289539] Initialise system trusted keyrings
Dec 12 10:59:27 <zoulhafi> kernel: [    0.289747] workingset: timestamp_bits=56 max_order=19 bucket_order=0
Dec 12 10:59:27 <zoulhafi> kernel: [    0.291428] NFS: Registering the id_resolver key type
Dec 12 10:59:27 <zoulhafi> kernel: [    0.291609] Key type id_resolver registered
Dec 12 10:59:27 <zoulhafi> kernel: [    0.291766] Key type id_legacy registered
Dec 12 10:59:27 <zoulhafi> kernel: [    0.292537] jitterentropy: Initialization failed with host not compliant with requirements: 10
Dec 12 10:59:27 <zoulhafi> kernel: [    0.292645] Key type asymmetric registered
Dec 12 10:59:27 <zoulhafi> kernel: [    0.292801] Asymmetric key parser 'x509' registered
Dec 12 10:59:27 <zoulhafi> kernel: [    0.292991] Block layer SCSI generic (bsg) driver version 0.4 loaded (major 251)
Dec 12 10:59:27 <zoulhafi> kernel: [    0.293250] io scheduler mq-deadline registered
Dec 12 10:59:27 <zoulhafi> kernel: [    0.293413] io scheduler kyber registered
Dec 12 10:59:27 <zoulhafi> kernel: [    0.294049] ACPI: AC: AC Adapter [AC] (on-line)
Dec 12 10:59:27 <zoulhafi> kernel: [    0.294342] input: Power Button as /devices/LNXSYSTM:00/LNXPWRBN:00/input/input0
Dec 12 10:59:27 <zoulhafi> kernel: [    0.294748] ACPI: button: Power Button [PWRF]
Dec 12 10:59:27 <zoulhafi> kernel: [    0.295016] input: Sleep Button as /devices/LNXSYSTM:00/LNXSLPBN:00/input/input1
Dec 12 10:59:27 <zoulhafi> kernel: [    0.295093] ACPI: button: Sleep Button [SLPF]
Dec 12 10:59:27 <zoulhafi> kernel: [    0.295342] ACPI: video: Video Device [GFX0] (multi-head: yes  rom: no  post: no)
Dec 12 10:59:27 <zoulhafi> kernel: [    0.295635] input: Video Bus as /devices/LNXSYSTM:00/LNXSYBUS:00/PNP0A03:00/LNXVIDEO:00/input/input2
Dec 12 10:59:27 <zoulhafi> kernel: [    0.296041] Serial: 8250/16550 driver, 4 ports, IRQ sharing enabled
Dec 12 10:59:27 <zoulhafi> kernel: [    0.296271] 00:02: ttyS0 at I/O 0x3f8 (irq = 4, base_baud = 115200) is a 16550A
Dec 12 10:59:27 <zoulhafi> kernel: [    0.296583] Non-volatile memory driver v1.3
Dec 12 10:59:27 <zoulhafi> kernel: [    0.296753] Linux agpgart interface v0.103
Dec 12 10:59:27 <zoulhafi> kernel: [    0.296969] ACPI: bus type drm_connector registered
Dec 12 10:59:27 <zoulhafi> kernel: [    0.298189] loop: module loaded
Dec 12 10:59:27 <zoulhafi> kernel: [    0.298361] ahci 0000:00:0d.0: version 3.0
Dec 12 10:59:27 <zoulhafi> kernel: [    0.298803] ahci 0000:00:0d.0: SSS flag set, parallel bus scan disabled
Dec 12 10:59:27 <zoulhafi> kernel: [    0.299351] ahci 0000:00:0d.0: AHCI 0001.0100 32 slots 1 ports 3 Gbps 0x1 impl SATA mode
Dec 12 10:59:27 <zoulhafi> kernel: [    0.299626] ahci 0000:00:0d.0: flags: 64bit ncq stag only ccc 
Dec 12 10:59:27 <zoulhafi> kernel: [    0.299980] scsi host0: ahci
Dec 12 10:59:27 <zoulhafi> kernel: [    0.300152] ata1: SATA max UDMA/133 abar m8192@0xf1806000 port 0xf1806100 irq 21
Dec 12 10:59:27 <zoulhafi> kernel: [    0.300431] ata_piix 0000:00:01.1: version 2.13
Dec 12 10:59:27 <zoulhafi> kernel: [    0.300441] scsi host1: ata_piix
Dec 12 10:59:27 <zoulhafi> kernel: [    0.300623] scsi host2: ata_piix
Dec 12 10:59:27 <zoulhafi> kernel: [    0.300778] ata2: PATA max UDMA/33 cmd 0x1f0 ctl 0x3f6 bmdma 0xd000 irq 14
Dec 12 10:59:27 <zoulhafi> kernel: [    0.301048] ata3: PATA max UDMA/33 cmd 0x170 ctl 0x376 bmdma 0xd008 irq 15
Dec 12 10:59:27 <zoulhafi> kernel: [    0.301377] libphy: Fixed MDIO Bus: probed
Dec 12 10:59:27 <zoulhafi> kernel: [    0.301431] e100: Intel(R) PRO/100 Network Driver
Dec 12 10:59:27 <zoulhafi> kernel: [    0.301431] e100: Copyright(c) 1999-2006 Intel Corporation
Dec 12 10:59:27 <zoulhafi> kernel: [    0.301431] e1000: Intel(R) PRO/1000 Network Driver
Dec 12 10:59:27 <zoulhafi> kernel: [    0.301431] e1000: Copyright (c) 1999-2006 Intel Corporation.
Dec 12 10:59:27 <zoulhafi> kernel: [    0.474320] ata3.00: ATAPI: VBOX CD-ROM, 1.0, max UDMA/133
Dec 12 10:59:27 <zoulhafi> kernel: [    0.629255] ata1: SATA link up 3.0 Gbps (SStatus 123 SControl 300)
Dec 12 10:59:27 <zoulhafi> kernel: [    0.629677] ata1.00: ATA-6: VBOX HARDDISK, 1.0, max UDMA/133
Dec 12 10:59:27 <zoulhafi> kernel: [    0.629868] ata1.00: 104857600 sectors, multi 128: LBA48 NCQ (depth 32)
Dec 12 10:59:27 <zoulhafi> kernel: [    0.634519] ata1.00: Read log 0x00 page 0x00 failed, Emask 0x1
Dec 12 10:59:27 <zoulhafi> kernel: [    0.639357] ata1.00: configured for UDMA/133
Dec 12 10:59:27 <zoulhafi> kernel: [    0.639577] scsi 0:0:0:0: Direct-Access     ATA      VBOX HARDDISK    1.0  PQ: 0 ANSI: 5
Dec 12 10:59:27 <zoulhafi> kernel: [    0.639963] sd 0:0:0:0: [sda] 104857600 512-byte logical blocks: (53.7 GB/50.0 GiB)
Dec 12 10:59:27 <zoulhafi> kernel: [    0.640094] sd 0:0:0:0: [sda] Write Protect is off
Dec 12 10:59:27 <zoulhafi> kernel: [    0.640094] sd 0:0:0:0: [sda] Mode Sense: 00 3a 00 00
Dec 12 10:59:27 <zoulhafi> kernel: [    0.640094] sd 0:0:0:0: [sda] Write cache: enabled, read cache: enabled, doesn't support DPO or FUA
Dec 12 10:59:27 <zoulhafi> kernel: [    0.640094] sd 0:0:0:0: Attached scsi generic sg0 type 0
Dec 12 10:59:27 <zoulhafi> kernel: [    0.642394] scsi 2:0:0:0: CD-ROM            VBOX     CD-ROM           1.0  PQ: 0 ANSI: 5
Dec 12 10:59:27 <zoulhafi> kernel: [    0.647856]  sda: sda1 sda2 sda3
Dec 12 10:59:27 <zoulhafi> kernel: [    0.648097] sd 0:0:0:0: [sda] Attached SCSI disk
Dec 12 10:59:27 <zoulhafi> kernel: [    0.678134] sr 2:0:0:0: [sr0] scsi3-mmc drive: 32x/32x xa/form2 tray
Dec 12 10:59:27 <zoulhafi> kernel: [    0.678348] cdrom: Uniform CD-ROM driver Revision: 3.20
Dec 12 10:59:27 <zoulhafi> kernel: [    0.693255] sr 2:0:0:0: Attached scsi CD-ROM sr0
Dec 12 10:59:27 <zoulhafi> kernel: [    0.693389] sr 2:0:0:0: Attached scsi generic sg1 type 5
Dec 12 10:59:27 <zoulhafi> kernel: [    0.708730] e1000 0000:00:03.0 eth0: (PCI:33MHz:32-bit) 08:00:27:44:6c:46
Dec 12 10:59:27 <zoulhafi> kernel: [    0.708960] e1000 0000:00:03.0 eth0: Intel(R) PRO/1000 Network Connection
Dec 12 10:59:27 <zoulhafi> kernel: [    0.709153] e1000e: Intel(R) PRO/1000 Network Driver
Dec 12 10:59:27 <zoulhafi> kernel: [    0.709153] e1000e: Copyright(c) 1999 - 2015 Intel Corporation.
Dec 12 10:59:27 <zoulhafi> kernel: [    0.709153] sky2: driver version 1.30
Dec 12 10:59:27 <zoulhafi> kernel: [    0.709153] ehci_hcd: USB 2.0 'Enhanced' Host Controller (EHCI) Driver
Dec 12 10:59:27 <zoulhafi> kernel: [    0.710334] ehci-pci: EHCI PCI platform driver
Dec 12 10:59:27 <zoulhafi> kernel: [    0.710571] ohci_hcd: USB 1.1 'Open' Host Controller (OHCI) Driver
Dec 12 10:59:27 <zoulhafi> kernel: [    0.710774] ohci-pci: OHCI PCI platform driver
Dec 12 10:59:27 <zoulhafi> kernel: [    0.711457] ohci-pci 0000:00:06.0: OHCI PCI host controller
Dec 12 10:59:27 <zoulhafi> kernel: [    0.711675] ohci-pci 0000:00:06.0: new USB bus registered, assigned bus number 1
Dec 12 10:59:27 <zoulhafi> kernel: [    0.711979] ohci-pci 0000:00:06.0: irq 22, io mem 0xf1804000
Dec 12 10:59:27 <zoulhafi> kernel: [    0.766123] usb usb1: New USB device found, idVendor=1d6b, idProduct=0001, bcdDevice= 5.16
Dec 12 10:59:27 <zoulhafi> kernel: [    0.766410] usb usb1: New USB device strings: Mfr=3, Product=2, SerialNumber=1
Dec 12 10:59:27 <zoulhafi> kernel: [    0.766663] usb usb1: Product: OHCI PCI host controller
Dec 12 10:59:27 <zoulhafi> kernel: [    0.766842] usb usb1: Manufacturer: Linux 5.16.0-thor_kernel-zoulhafi-00339-gf5de19c4be67 ohci_hcd
Dec 12 10:59:27 <zoulhafi> kernel: [    0.767102] usb usb1: SerialNumber: 0000:00:06.0
Dec 12 10:59:27 <zoulhafi> kernel: [    0.767102] hub 1-0:1.0: USB hub found
Dec 12 10:59:27 <zoulhafi> kernel: [    0.767102] hub 1-0:1.0: 12 ports detected
Dec 12 10:59:27 <zoulhafi> kernel: [    0.768245] uhci_hcd: USB Universal Host Controller Interface driver
Dec 12 10:59:27 <zoulhafi> kernel: [    0.768478] usbcore: registered new interface driver usblp
Dec 12 10:59:27 <zoulhafi> kernel: [    0.768669] usbcore: registered new interface driver usb-storage
Dec 12 10:59:27 <zoulhafi> kernel: [    0.768879] i8042: PNP: PS/2 Controller [PNP0303:PS2K,PNP0f03:PS2M] at 0x60,0x64 irq 1,12
Dec 12 10:59:27 <zoulhafi> kernel: [    0.769521] serio: i8042 KBD port at 0x60,0x64 irq 1
Dec 12 10:59:27 <zoulhafi> kernel: [    0.769700] serio: i8042 AUX port at 0x60,0x64 irq 12
Dec 12 10:59:27 <zoulhafi> kernel: [    0.770159] input: AT Translated Set 2 keyboard as /devices/platform/i8042/serio0/input/input3
Dec 12 10:59:27 <zoulhafi> kernel: [    0.770846] rtc_cmos rtc_cmos: registered as rtc0
Dec 12 10:59:27 <zoulhafi> kernel: [    0.771025] rtc_cmos rtc_cmos: alarms up to one day, 114 bytes nvram
Dec 12 10:59:27 <zoulhafi> kernel: [    0.771287] device-mapper: ioctl: 4.45.0-ioctl (2021-03-22) initialised: dm-devel@redhat.com
Dec 12 10:59:27 <zoulhafi> kernel: [    0.771569] intel_pstate: CPU model not supported
Dec 12 10:59:27 <zoulhafi> kernel: [    0.771604] hid: raw HID events driver (C) Jiri Kosina
Dec 12 10:59:27 <zoulhafi> kernel: [    0.771604] usbcore: registered new interface driver usbhid
Dec 12 10:59:27 <zoulhafi> kernel: [    0.771604] usbhid: USB HID core driver
Dec 12 10:59:27 <zoulhafi> kernel: [    0.773196] Initializing XFRM netlink socket
Dec 12 10:59:27 <zoulhafi> kernel: [    0.773411] NET: Registered PF_INET6 protocol family
Dec 12 10:59:27 <zoulhafi> kernel: [    0.773739] Segment Routing with IPv6
Dec 12 10:59:27 <zoulhafi> kernel: [    0.773893] In-situ OAM (IOAM) with IPv6
Dec 12 10:59:27 <zoulhafi> kernel: [    0.774065] sit: IPv6, IPv4 and MPLS over IPv4 tunneling driver
Dec 12 10:59:27 <zoulhafi> kernel: [    0.774098] NET: Registered PF_PACKET protocol family
Dec 12 10:59:27 <zoulhafi> kernel: [    0.774098] Key type dns_resolver registered
Dec 12 10:59:27 <zoulhafi> kernel: [    0.774098] IPI shorthand broadcast: enabled
Dec 12 10:59:27 <zoulhafi> kernel: [    0.774098] sched_clock: Marking stable (780770038, -7671335)->(775927616, -2828913)
Dec 12 10:59:27 <zoulhafi> kernel: [    0.775245] registered taskstats version 1
Dec 12 10:59:27 <zoulhafi> kernel: [    0.775404] Loading compiled-in X.509 certificates
Dec 12 10:59:27 <zoulhafi> kernel: [    0.775629] cryptomgr_test (45) used greatest stack depth: 15664 bytes left
Dec 12 10:59:27 <zoulhafi> kernel: [    0.776161] cryptomgr_test (55) used greatest stack depth: 15400 bytes left
Dec 12 10:59:27 <zoulhafi> kernel: [    0.776593] PM:   Magic number: 1:335:980
Dec 12 10:59:27 <zoulhafi> kernel: [    0.776891] printk: console [netcon0] enabled
Dec 12 10:59:27 <zoulhafi> kernel: [    0.777054] netconsole: network logging started
Dec 12 10:59:27 <zoulhafi> kernel: [    0.777277] cfg80211: Loading compiled-in X.509 certificates for regulatory database
Dec 12 10:59:27 <zoulhafi> kernel: [    0.777617] kworker/u2:3 (66) used greatest stack depth: 14712 bytes left
Dec 12 10:59:27 <zoulhafi> kernel: [    0.778000] cfg80211: Loaded X.509 cert 'sforshee: 00b28ddf47aef9cea7'
Dec 12 10:59:27 <zoulhafi> kernel: [    0.778212] ALSA device list:
Dec 12 10:59:27 <zoulhafi> kernel: [    0.778344]   No soundcards found.
Dec 12 10:59:27 <zoulhafi> kernel: [    0.778516] platform regulatory.0: Direct firmware load for regulatory.db failed with error -2
Dec 12 10:59:27 <zoulhafi> kernel: [    0.778800] cfg80211: failed to load regulatory.db
Dec 12 10:59:27 <zoulhafi> kernel: [    0.979513] random: fast init done
Dec 12 10:59:27 <zoulhafi> kernel: [    0.980013] input: ImExPS/2 Generic Explorer Mouse as /devices/platform/i8042/serio1/input/input5
Dec 12 10:59:27 <zoulhafi> kernel: [    0.980336] md: Waiting for all devices to be available before autodetect
Dec 12 10:59:27 <zoulhafi> kernel: [    0.980336] md: If you don't use raid, use raid=noautodetect
Dec 12 10:59:27 <zoulhafi> kernel: [    0.980483] md: Autodetecting RAID arrays.
Dec 12 10:59:27 <zoulhafi> kernel: [    0.980638] md: autorun ...
Dec 12 10:59:27 <zoulhafi> kernel: [    0.980766] md: ... autorun DONE.
Dec 12 10:59:27 <zoulhafi> kernel: [    0.988818] EXT4-fs (sda3): mounted filesystem with ordered data mode. Opts: (null). Quota mode: none.
Dec 12 10:59:27 <zoulhafi> kernel: [    0.989143] VFS: Mounted root (ext4 filesystem) readonly on device 8:3.
Dec 12 10:59:27 <zoulhafi> kernel: [    0.990944] devtmpfs: mounted
Dec 12 10:59:27 <zoulhafi> kernel: [    0.991216] Freeing unused kernel image (initmem) memory: 1248K
Dec 12 10:59:27 <zoulhafi> kernel: [    0.991422] Write protecting the kernel read-only data: 22528k
Dec 12 10:59:27 <zoulhafi> kernel: [    0.991881] Freeing unused kernel image (text/rodata gap) memory: 2032K
Dec 12 10:59:27 <zoulhafi> kernel: [    0.992153] Freeing unused kernel image (rodata/data gap) memory: 432K
Dec 12 10:59:27 <zoulhafi> kernel: [    0.992367] Run /sbin/init as init process
Dec 12 10:59:27 <zoulhafi> kernel: [    0.992525]   with arguments:
Dec 12 10:59:27 <zoulhafi> kernel: [    0.992525]     /sbin/init
Dec 12 10:59:27 <zoulhafi> kernel: [    0.992526]   with environment:
Dec 12 10:59:27 <zoulhafi> kernel: [    0.992526]     HOME=/
Dec 12 10:59:27 <zoulhafi> kernel: [    0.992526]     TERM=linux
Dec 12 10:59:27 <zoulhafi> kernel: [    0.992527]     BOOT_IMAGE=/vmlinuz-5.16.0-thor_kernel
Dec 12 10:59:27 <zoulhafi> kernel: [    1.030385] usb 1-1: new full-speed USB device number 2 using ohci-pci
Dec 12 10:59:27 <zoulhafi> kernel: [    1.099539] stty (76) used greatest stack depth: 13680 bytes left
Dec 12 10:59:27 <zoulhafi> kernel: [    1.203417] mountpoint (101) used greatest stack depth: 13640 bytes left
Dec 12 10:59:27 <zoulhafi> kernel: [    1.260518] ip (128) used greatest stack depth: 12168 bytes left
Dec 12 10:59:27 <zoulhafi> kernel: [    1.272649] usb 1-1: New USB device found, idVendor=80ee, idProduct=0021, bcdDevice= 1.00
Dec 12 10:59:27 <zoulhafi> kernel: [    1.272677] usb 1-1: New USB device strings: Mfr=1, Product=3, SerialNumber=0
Dec 12 10:59:27 <zoulhafi> kernel: [    1.272896] usb 1-1: Product: USB Tablet
Dec 12 10:59:27 <zoulhafi> kernel: [    1.273049] usb 1-1: Manufacturer: VirtualBox
Dec 12 10:59:27 <zoulhafi> kernel: [    1.286107] input: VirtualBox USB Tablet as /devices/pci0000:00/0000:00:06.0/usb1/1-1/1-1:1.0/0003:80EE:0021.0001/input/input6
Dec 12 10:59:27 <zoulhafi> kernel: [    1.286533] hid-generic 0003:80EE:0021.0001: input,hidraw0: USB HID v1.10 Mouse [VirtualBox USB Tablet] on usb-0000:00:06.0-1/input0
Dec 12 10:59:27 <zoulhafi> kernel: [    1.305259] tsc: Refined TSC clocksource calibration: 3407.517 MHz
Dec 12 10:59:27 <zoulhafi> kernel: [    1.305430] clocksource: tsc: mask: 0xffffffffffffffff max_cycles: 0x311e0bdb4cc, max_idle_ns: 440795365249 ns
Dec 12 10:59:27 <zoulhafi> kernel: [    1.305973] clocksource: Switched to clocksource tsc
Dec 12 10:59:27 <zoulhafi> kernel: <30>[    1.308782] udevd[153]: starting version 3.2.10
Dec 12 10:59:27 <zoulhafi> kernel: [    1.344736] random: udevd: uninitialized urandom read (16 bytes read)
Dec 12 10:59:27 <zoulhafi> kernel: [    1.345454] random: udevd: uninitialized urandom read (16 bytes read)
Dec 12 10:59:27 <zoulhafi> kernel: [    1.346149] random: udevd: uninitialized urandom read (16 bytes read)
Dec 12 10:59:27 <zoulhafi> kernel: <30>[    1.371077] udevd[154]: starting eudev-3.2.10
Dec 12 10:59:27 <zoulhafi> kernel: [    1.516612] e1000 0000:00:03.0 enp0s3: renamed from eth0
Dec 12 10:59:27 <zoulhafi> kernel: [    2.320009] Adding 2097148k swap on /dev/sda2.  Priority:1 extents:1 across:2097148k 
Dec 12 10:59:27 <zoulhafi> kernel: [    2.332750] EXT4-fs (sda3): re-mounted. Opts: (null). Quota mode: none.
Dec 12 10:59:27 <zoulhafi> kernel: [    2.391228] EXT4-fs (sda3): re-mounted. Opts: (null). Quota mode: none.
Dec 12 10:59:27 <zoulhafi> kernel: [    2.402149] EXT4-fs (sda1): mounting ext2 file system using the ext4 subsystem
Dec 12 10:59:27 <zoulhafi> kernel: [    2.404442] EXT4-fs (sda1): mounted filesystem without journal. Opts: (null). Quota mode: none.
Dec 12 10:59:27 <zoulhafi> kernel: [    2.431838] random: crng init done
Dec 12 10:59:27 <zoulhafi> kernel: [    2.431991] random: 3 urandom warning(s) missed due to ratelimiting
Dec 12 10:59:27 <zoulhafi> kernel: [    3.528451] e1000: enp0s3 NIC Link is Up 1000 Mbps Full Duplex, Flow Control: RX
Dec 12 10:59:27 <zoulhafi> kernel: [    3.528954] IPv6: ADDRCONF(NETDEV_CHANGE): enp0s3: link becomes ready
