Dec 19 12:12:38 <zoulhafi> kernel: klogd 1.5.1, log source = /proc/kmsg started.
Dec 19 12:12:38 <zoulhafi> kernel: Cannot find map file.
Dec 19 12:12:38 <zoulhafi> kernel: Loaded 56691 symbols from 1 module.
Dec 19 12:12:38 <zoulhafi> kernel: [    0.000000] Linux version 5.16.0-thor_kernel-zoulhafi-00339-gf5de19c4be67 (root@<zoulhafi>) (gcc (GCC) 11.2.0, GNU ld (GNU Binutils) 2.37) #1 SMP PREEMPT Sun Dec 12 10:30:36 +01 2021
Dec 19 12:12:38 <zoulhafi> kernel: [    0.000000] Command line: BOOT_IMAGE=/vmlinuz-5.16.0-thor_kernel root=/dev/sda3 ro
Dec 19 12:12:38 <zoulhafi> kernel: [    0.000000] x86/fpu: Supporting XSAVE feature 0x001: 'x87 floating point registers'
Dec 19 12:12:38 <zoulhafi> kernel: [    0.000000] x86/fpu: Supporting XSAVE feature 0x002: 'SSE registers'
Dec 19 12:12:38 <zoulhafi> kernel: [    0.000000] x86/fpu: Supporting XSAVE feature 0x004: 'AVX registers'
Dec 19 12:12:38 <zoulhafi> kernel: [    0.000000] x86/fpu: xstate_offset[2]:  576, xstate_sizes[2]:  256
Dec 19 12:12:38 <zoulhafi> kernel: [    0.000000] x86/fpu: Enabled xstate features 0x7, context size is 832 bytes, using 'standard' format.
Dec 19 12:12:38 <zoulhafi> kernel: [    0.000000] signal: max sigframe size: 1776
Dec 19 12:12:38 <zoulhafi> kernel: [    0.000000] BIOS-provided physical RAM map:
Dec 19 12:12:38 <zoulhafi> kernel: [    0.000000] BIOS-e820: [mem 0x0000000000000000-0x000000000009fbff] usable
Dec 19 12:12:38 <zoulhafi> kernel: [    0.000000] BIOS-e820: [mem 0x000000000009fc00-0x000000000009ffff] reserved
Dec 19 12:12:38 <zoulhafi> kernel: [    0.000000] BIOS-e820: [mem 0x00000000000f0000-0x00000000000fffff] reserved
Dec 19 12:12:38 <zoulhafi> kernel: [    0.000000] BIOS-e820: [mem 0x0000000000100000-0x000000007ffeffff] usable
Dec 19 12:12:38 <zoulhafi> kernel: [    0.000000] BIOS-e820: [mem 0x000000007fff0000-0x000000007fffffff] ACPI data
Dec 19 12:12:38 <zoulhafi> kernel: [    0.000000] BIOS-e820: [mem 0x00000000fec00000-0x00000000fec00fff] reserved
Dec 19 12:12:38 <zoulhafi> kernel: [    0.000000] BIOS-e820: [mem 0x00000000fee00000-0x00000000fee00fff] reserved
Dec 19 12:12:38 <zoulhafi> kernel: [    0.000000] BIOS-e820: [mem 0x00000000fffc0000-0x00000000ffffffff] reserved
Dec 19 12:12:38 <zoulhafi> kernel: [    0.000000] NX (Execute Disable) protection: active
Dec 19 12:12:38 <zoulhafi> kernel: [    0.000000] SMBIOS 2.5 present.
Dec 19 12:12:38 <zoulhafi> kernel: [    0.000000] DMI: innotek GmbH VirtualBox/VirtualBox, BIOS VirtualBox 12/01/2006
Dec 19 12:12:38 <zoulhafi> kernel: [    0.000000] tsc: Fast TSC calibration failed
Dec 19 12:12:38 <zoulhafi> kernel: [    0.000000] e820: update [mem 0x00000000-0x00000fff] usable ==> reserved
Dec 19 12:12:38 <zoulhafi> kernel: [    0.000000] e820: remove [mem 0x000a0000-0x000fffff] usable
Dec 19 12:12:38 <zoulhafi> kernel: [    0.000000] last_pfn = 0x7fff0 max_arch_pfn = 0x400000000
Dec 19 12:12:38 <zoulhafi> kernel: [    0.000000] Disabled
Dec 19 12:12:38 <zoulhafi> kernel: [    0.000000] x86/PAT: MTRRs disabled, skipping PAT initialization too.
Dec 19 12:12:38 <zoulhafi> kernel: [    0.000000] CPU MTRRs all blank - virtualized system.
Dec 19 12:12:38 <zoulhafi> kernel: [    0.000000] x86/PAT: Configuration [0-7]: WB  WT  UC- UC  WB  WT  UC- UC  
Dec 19 12:12:38 <zoulhafi> kernel: [    0.000000] found SMP MP-table at [mem 0x0009fff0-0x0009ffff]
Dec 19 12:12:38 <zoulhafi> kernel: [    0.000000] ACPI: Early table checksum verification disabled
Dec 19 12:12:38 <zoulhafi> kernel: [    0.000000] ACPI: RSDP 0x00000000000E0000 000024 (v02 VBOX  )
Dec 19 12:12:38 <zoulhafi> kernel: [    0.000000] ACPI: XSDT 0x000000007FFF0030 00003C (v01 VBOX   VBOXXSDT 00000001 ASL  00000061)
Dec 19 12:12:38 <zoulhafi> kernel: [    0.000000] ACPI: FACP 0x000000007FFF00F0 0000F4 (v04 VBOX   VBOXFACP 00000001 ASL  00000061)
Dec 19 12:12:38 <zoulhafi> kernel: [    0.000000] ACPI: DSDT 0x000000007FFF0470 002325 (v02 VBOX   VBOXBIOS 00000002 INTL 20100528)
Dec 19 12:12:38 <zoulhafi> kernel: [    0.000000] ACPI: FACS 0x000000007FFF0200 000040
Dec 19 12:12:38 <zoulhafi> kernel: [    0.000000] ACPI: FACS 0x000000007FFF0200 000040
Dec 19 12:12:38 <zoulhafi> kernel: [    0.000000] ACPI: APIC 0x000000007FFF0240 000054 (v02 VBOX   VBOXAPIC 00000001 ASL  00000061)
Dec 19 12:12:38 <zoulhafi> kernel: [    0.000000] ACPI: SSDT 0x000000007FFF02A0 0001CC (v01 VBOX   VBOXCPUT 00000002 INTL 20100528)
Dec 19 12:12:38 <zoulhafi> kernel: [    0.000000] ACPI: Reserving FACP table memory at [mem 0x7fff00f0-0x7fff01e3]
Dec 19 12:12:38 <zoulhafi> kernel: [    0.000000] ACPI: Reserving DSDT table memory at [mem 0x7fff0470-0x7fff2794]
Dec 19 12:12:38 <zoulhafi> kernel: [    0.000000] ACPI: Reserving FACS table memory at [mem 0x7fff0200-0x7fff023f]
Dec 19 12:12:38 <zoulhafi> kernel: [    0.000000] ACPI: Reserving FACS table memory at [mem 0x7fff0200-0x7fff023f]
Dec 19 12:12:38 <zoulhafi> kernel: [    0.000000] ACPI: Reserving APIC table memory at [mem 0x7fff0240-0x7fff0293]
Dec 19 12:12:38 <zoulhafi> kernel: [    0.000000] ACPI: Reserving SSDT table memory at [mem 0x7fff02a0-0x7fff046b]
Dec 19 12:12:38 <zoulhafi> kernel: [    0.000000] No NUMA configuration found
Dec 19 12:12:38 <zoulhafi> kernel: [    0.000000] Faking a node at [mem 0x0000000000000000-0x000000007ffeffff]
Dec 19 12:12:38 <zoulhafi> kernel: [    0.000000] NODE_DATA(0) allocated [mem 0x7ffec000-0x7ffeffff]
Dec 19 12:12:38 <zoulhafi> kernel: [    0.000000] Zone ranges:
Dec 19 12:12:38 <zoulhafi> kernel: [    0.000000]   DMA      [mem 0x0000000000001000-0x0000000000ffffff]
Dec 19 12:12:38 <zoulhafi> kernel: [    0.000000]   DMA32    [mem 0x0000000001000000-0x000000007ffeffff]
Dec 19 12:12:38 <zoulhafi> kernel: [    0.000000]   Normal   empty
Dec 19 12:12:38 <zoulhafi> kernel: [    0.000000] Movable zone start for each node
Dec 19 12:12:38 <zoulhafi> kernel: [    0.000000] Early memory node ranges
Dec 19 12:12:38 <zoulhafi> kernel: [    0.000000]   node   0: [mem 0x0000000000001000-0x000000000009efff]
Dec 19 12:12:38 <zoulhafi> kernel: [    0.000000]   node   0: [mem 0x0000000000100000-0x000000007ffeffff]
Dec 19 12:12:38 <zoulhafi> kernel: [    0.000000] Initmem setup node 0 [mem 0x0000000000001000-0x000000007ffeffff]
Dec 19 12:12:38 <zoulhafi> kernel: [    0.000000] On node 0, zone DMA: 1 pages in unavailable ranges
Dec 19 12:12:38 <zoulhafi> kernel: [    0.000000] On node 0, zone DMA: 97 pages in unavailable ranges
Dec 19 12:12:38 <zoulhafi> kernel: [    0.000000] On node 0, zone DMA32: 16 pages in unavailable ranges
Dec 19 12:12:38 <zoulhafi> kernel: [    0.000000] ACPI: PM-Timer IO Port: 0x4008
Dec 19 12:12:38 <zoulhafi> kernel: [    0.000000] IOAPIC[0]: apic_id 1, version 32, address 0xfec00000, GSI 0-23
Dec 19 12:12:38 <zoulhafi> kernel: [    0.000000] ACPI: INT_SRC_OVR (bus 0 bus_irq 0 global_irq 2 dfl dfl)
Dec 19 12:12:38 <zoulhafi> kernel: [    0.000000] ACPI: INT_SRC_OVR (bus 0 bus_irq 9 global_irq 9 low level)
Dec 19 12:12:38 <zoulhafi> kernel: [    0.000000] ACPI: Using ACPI (MADT) for SMP configuration information
Dec 19 12:12:38 <zoulhafi> kernel: [    0.000000] smpboot: Allowing 1 CPUs, 0 hotplug CPUs
Dec 19 12:12:38 <zoulhafi> kernel: [    0.000000] PM: hibernation: Registered nosave memory: [mem 0x00000000-0x00000fff]
Dec 19 12:12:38 <zoulhafi> kernel: [    0.000000] PM: hibernation: Registered nosave memory: [mem 0x0009f000-0x0009ffff]
Dec 19 12:12:38 <zoulhafi> kernel: [    0.000000] PM: hibernation: Registered nosave memory: [mem 0x000a0000-0x000effff]
Dec 19 12:12:38 <zoulhafi> kernel: [    0.000000] PM: hibernation: Registered nosave memory: [mem 0x000f0000-0x000fffff]
Dec 19 12:12:38 <zoulhafi> kernel: [    0.000000] [mem 0x80000000-0xfebfffff] available for PCI devices
Dec 19 12:12:38 <zoulhafi> kernel: [    0.000000] clocksource: refined-jiffies: mask: 0xffffffff max_cycles: 0xffffffff, max_idle_ns: 1910969940391419 ns
Dec 19 12:12:38 <zoulhafi> kernel: [    0.000000] setup_percpu: NR_CPUS:64 nr_cpumask_bits:64 nr_cpu_ids:1 nr_node_ids:1
Dec 19 12:12:38 <zoulhafi> kernel: [    0.000000] percpu: Embedded 52 pages/cpu s174744 r8192 d30056 u2097152
Dec 19 12:12:38 <zoulhafi> kernel: [    0.000000] pcpu-alloc: s174744 r8192 d30056 u2097152 alloc=1*2097152
Dec 19 12:12:38 <zoulhafi> kernel: [    0.000000] pcpu-alloc: [0] 0 
Dec 19 12:12:38 <zoulhafi> kernel: [    0.000000] Fallback order for Node 0: 0 
Dec 19 12:12:38 <zoulhafi> kernel: [    0.000000] Built 1 zonelists, mobility grouping on.  Total pages: 515824
Dec 19 12:12:38 <zoulhafi> kernel: [    0.000000] Policy zone: DMA32
Dec 19 12:12:38 <zoulhafi> kernel: [    0.000000] Kernel command line: BOOT_IMAGE=/vmlinuz-5.16.0-thor_kernel root=/dev/sda3 ro
Dec 19 12:12:38 <zoulhafi> kernel: [    0.000000] Unknown kernel command line parameters "BOOT_IMAGE=/vmlinuz-5.16.0-thor_kernel", will be passed to user space.
Dec 19 12:12:38 <zoulhafi> kernel: [    0.000000] Dentry cache hash table entries: 262144 (order: 9, 2097152 bytes, linear)
Dec 19 12:12:38 <zoulhafi> kernel: [    0.000000] Inode-cache hash table entries: 131072 (order: 8, 1048576 bytes, linear)
Dec 19 12:12:38 <zoulhafi> kernel: [    0.000000] mem auto-init: stack:off, heap alloc:off, heap free:off
Dec 19 12:12:38 <zoulhafi> kernel: [    0.000000] Memory: 2026856K/2096696K available (16398K kernel code, 2595K rwdata, 3664K rodata, 1248K init, 1476K bss, 69580K reserved, 0K cma-reserved)
Dec 19 12:12:38 <zoulhafi> kernel: [    0.000000] SLUB: HWalign=64, Order=0-3, MinObjects=0, CPUs=1, Nodes=1
Dec 19 12:12:38 <zoulhafi> kernel: [    0.000000] Kernel/User page tables isolation: enabled
Dec 19 12:12:38 <zoulhafi> kernel: [    0.000000] Dynamic Preempt: voluntary
Dec 19 12:12:38 <zoulhafi> kernel: [    0.000000] rcu: Preemptible hierarchical RCU implementation.
Dec 19 12:12:38 <zoulhafi> kernel: [    0.000000] rcu: ^IRCU event tracing is enabled.
Dec 19 12:12:38 <zoulhafi> kernel: [    0.000000] rcu: ^IRCU restricting CPUs from NR_CPUS=64 to nr_cpu_ids=1.
Dec 19 12:12:38 <zoulhafi> kernel: [    0.000000] ^ITrampoline variant of Tasks RCU enabled.
Dec 19 12:12:38 <zoulhafi> kernel: [    0.000000] rcu: RCU calculated value of scheduler-enlistment delay is 100 jiffies.
Dec 19 12:12:38 <zoulhafi> kernel: [    0.000000] rcu: Adjusting geometry for rcu_fanout_leaf=16, nr_cpu_ids=1
Dec 19 12:12:38 <zoulhafi> kernel: [    0.000000] NR_IRQS: 4352, nr_irqs: 256, preallocated irqs: 16
Dec 19 12:12:38 <zoulhafi> kernel: [    0.000000] random: get_random_bytes called from start_kernel+0x492/0x65f with crng_init=0
Dec 19 12:12:38 <zoulhafi> kernel: [    0.000000] Console: colour VGA+ 80x25
Dec 19 12:12:38 <zoulhafi> kernel: [    0.000000] printk: console [tty0] enabled
Dec 19 12:12:38 <zoulhafi> kernel: [    0.000000] ACPI: Core revision 20210930
Dec 19 12:12:38 <zoulhafi> kernel: [    0.000000] APIC: Switch to symmetric I/O mode setup
Dec 19 12:12:38 <zoulhafi> kernel: [    0.000000] ..TIMER: vector=0x30 apic1=0 pin1=2 apic2=-1 pin2=-1
Dec 19 12:12:38 <zoulhafi> kernel: [    0.008000] tsc: Unable to calibrate against PIT
Dec 19 12:12:38 <zoulhafi> kernel: [    0.008000] tsc: using PMTIMER reference calibration
Dec 19 12:12:38 <zoulhafi> kernel: [    0.008000] tsc: Detected 3251.153 MHz processor
Dec 19 12:12:38 <zoulhafi> kernel: [    0.000005] clocksource: tsc-early: mask: 0xffffffffffffffff max_cycles: 0x2edd0c5f4fc, max_idle_ns: 440795357763 ns
Dec 19 12:12:38 <zoulhafi> kernel: [    0.000348] Calibrating delay loop (skipped), value calculated using timer frequency.. 6502.30 BogoMIPS (lpj=3251153)
Dec 19 12:12:38 <zoulhafi> kernel: [    0.000688] pid_max: default: 32768 minimum: 301
Dec 19 12:12:38 <zoulhafi> kernel: [    0.000880] LSM: Security Framework initializing
Dec 19 12:12:38 <zoulhafi> kernel: [    0.001061] SELinux:  Initializing.
Dec 19 12:12:38 <zoulhafi> kernel: [    0.001232] Mount-cache hash table entries: 4096 (order: 3, 32768 bytes, linear)
Dec 19 12:12:38 <zoulhafi> kernel: [    0.001347] Mountpoint-cache hash table entries: 4096 (order: 3, 32768 bytes, linear)
Dec 19 12:12:38 <zoulhafi> kernel: [    0.001347] unchecked MSR access error: WRMSR to 0x3a (tried to write 0x0000000000000001) at rIP: 0xffffffff91837be3 (init_ia32_feat_ctl+0x83/0x330)
Dec 19 12:12:38 <zoulhafi> kernel: [    0.001481] Call Trace:
Dec 19 12:12:38 <zoulhafi> kernel: [    0.002347]  <TASK>
Dec 19 12:12:38 <zoulhafi> kernel: [    0.002469]  init_intel+0xb0/0x540
Dec 19 12:12:38 <zoulhafi> kernel: [    0.002620]  identify_cpu+0x259/0x5b0
Dec 19 12:12:38 <zoulhafi> kernel: [    0.002775]  identify_boot_cpu+0xc/0x94
Dec 19 12:12:38 <zoulhafi> kernel: [    0.002934]  check_bugs+0x21/0xa97
Dec 19 12:12:38 <zoulhafi> kernel: [    0.003083]  ? __get_locked_pte+0x16b/0x230
Dec 19 12:12:38 <zoulhafi> kernel: [    0.003250]  start_kernel+0x62b/0x65f
Dec 19 12:12:38 <zoulhafi> kernel: [    0.003347]  secondary_startup_64_no_verify+0xc2/0xcb
Dec 19 12:12:38 <zoulhafi> kernel: [    0.003347]  </TASK>
Dec 19 12:12:38 <zoulhafi> kernel: [    0.003347] process: using mwait in idle threads
Dec 19 12:12:38 <zoulhafi> kernel: [    0.003347] Last level iTLB entries: 4KB 128, 2MB 8, 4MB 8
Dec 19 12:12:38 <zoulhafi> kernel: [    0.003347] Last level dTLB entries: 4KB 64, 2MB 0, 4MB 0, 1GB 4
Dec 19 12:12:38 <zoulhafi> kernel: [    0.003347] Spectre V1 : Mitigation: usercopy/swapgs barriers and __user pointer sanitization
Dec 19 12:12:38 <zoulhafi> kernel: [    0.003347] Spectre V2 : Mitigation: Full generic retpoline
Dec 19 12:12:38 <zoulhafi> kernel: [    0.003347] Spectre V2 : Spectre v2 / SpectreRSB mitigation: Filling RSB on context switch
Dec 19 12:12:38 <zoulhafi> kernel: [    0.003347] Speculative Store Bypass: Vulnerable
Dec 19 12:12:38 <zoulhafi> kernel: [    0.003347] SRBDS: Unknown: Dependent on hypervisor status
Dec 19 12:12:38 <zoulhafi> kernel: [    0.003347] MDS: Mitigation: Clear CPU buffers
Dec 19 12:12:38 <zoulhafi> kernel: [    0.012957] Freeing SMP alternatives memory: 44K
Dec 19 12:12:38 <zoulhafi> kernel: [    0.108007] APIC calibration not consistent with PM-Timer: 89ms instead of 100ms
Dec 19 12:12:38 <zoulhafi> kernel: [    0.108318] APIC delta adjusted to PM-Timer: 6251611 (5610372)
Dec 19 12:12:38 <zoulhafi> kernel: [    0.108522] smpboot: CPU0: Intel(R) Core(TM) i5-7500 CPU @ 3.40GHz (family: 0x6, model: 0x9e, stepping: 0x9)
Dec 19 12:12:38 <zoulhafi> kernel: [    0.108995] Performance Events: unsupported p6 CPU model 158 no PMU driver, software events only.
Dec 19 12:12:38 <zoulhafi> kernel: [    0.109347] rcu: Hierarchical SRCU implementation.
Dec 19 12:12:38 <zoulhafi> kernel: [    0.109347] smp: Bringing up secondary CPUs ...
Dec 19 12:12:38 <zoulhafi> kernel: [    0.109347] smp: Brought up 1 node, 1 CPU
Dec 19 12:12:38 <zoulhafi> kernel: [    0.109347] smpboot: Max logical packages: 1
Dec 19 12:12:38 <zoulhafi> kernel: [    0.109347] smpboot: Total of 1 processors activated (6502.30 BogoMIPS)
Dec 19 12:12:38 <zoulhafi> kernel: [    0.110985] devtmpfs: initialized
Dec 19 12:12:38 <zoulhafi> kernel: [    0.111275] clocksource: jiffies: mask: 0xffffffff max_cycles: 0xffffffff, max_idle_ns: 1911260446275000 ns
Dec 19 12:12:38 <zoulhafi> kernel: [    0.111347] futex hash table entries: 256 (order: 2, 16384 bytes, linear)
Dec 19 12:12:38 <zoulhafi> kernel: [    0.111347] PM: RTC time: 11:12:35, date: 2021-12-19
Dec 19 12:12:38 <zoulhafi> kernel: [    0.111531] NET: Registered PF_NETLINK/PF_ROUTE protocol family
Dec 19 12:12:38 <zoulhafi> kernel: [    0.112419] audit: initializing netlink subsys (disabled)
Dec 19 12:12:38 <zoulhafi> kernel: [    0.112732] thermal_sys: Registered thermal governor 'step_wise'
Dec 19 12:12:38 <zoulhafi> kernel: [    0.112733] thermal_sys: Registered thermal governor 'user_space'
Dec 19 12:12:38 <zoulhafi> kernel: [    0.113108] audit: type=2000 audit(1639912354.120:1): state=initialized audit_enabled=0 res=1
Dec 19 12:12:38 <zoulhafi> kernel: [    0.113347] cpuidle: using governor menu
Dec 19 12:12:38 <zoulhafi> kernel: [    0.113347] PCI: Using configuration type 1 for base access
Dec 19 12:12:38 <zoulhafi> kernel: [    0.115815] kprobes: kprobe jump-optimization is enabled. All kprobes are optimized if possible.
Dec 19 12:12:38 <zoulhafi> kernel: [    0.116187] HugeTLB registered 2.00 MiB page size, pre-allocated 0 pages
Dec 19 12:12:38 <zoulhafi> kernel: [    0.116347] ACPI: Added _OSI(Module Device)
Dec 19 12:12:38 <zoulhafi> kernel: [    0.116347] ACPI: Added _OSI(Processor Device)
Dec 19 12:12:38 <zoulhafi> kernel: [    0.116347] ACPI: Added _OSI(3.0 _SCP Extensions)
Dec 19 12:12:38 <zoulhafi> kernel: [    0.116347] ACPI: Added _OSI(Processor Aggregator Device)
Dec 19 12:12:38 <zoulhafi> kernel: [    0.116347] ACPI: Added _OSI(Linux-Dell-Video)
Dec 19 12:12:38 <zoulhafi> kernel: [    0.116347] ACPI: Added _OSI(Linux-Lenovo-NV-HDMI-Audio)
Dec 19 12:12:38 <zoulhafi> kernel: [    0.116347] ACPI: Added _OSI(Linux-HPI-Hybrid-Graphics)
Dec 19 12:12:38 <zoulhafi> kernel: [    0.120340] ACPI: 2 ACPI AML tables successfully acquired and loaded
Dec 19 12:12:38 <zoulhafi> kernel: [    0.122169] ACPI: Interpreter enabled
Dec 19 12:12:38 <zoulhafi> kernel: [    0.122347] ACPI: PM: (supports S0 S5)
Dec 19 12:12:38 <zoulhafi> kernel: [    0.122506] ACPI: Using IOAPIC for interrupt routing
Dec 19 12:12:38 <zoulhafi> kernel: [    0.122855] PCI: Using host bridge windows from ACPI; if necessary, use "pci=nocrs" and report a bug
Dec 19 12:12:38 <zoulhafi> kernel: [    0.123347] ACPI: Enabled 2 GPEs in block 00 to 07
Dec 19 12:12:38 <zoulhafi> kernel: [    0.127427] ACPI: PCI Root Bridge [PCI0] (domain 0000 [bus 00-ff])
Dec 19 12:12:38 <zoulhafi> kernel: [    0.127664] acpi PNP0A03:00: _OSC: OS supports [ASPM ClockPM Segments MSI HPX-Type3]
Dec 19 12:12:38 <zoulhafi> kernel: [    0.127952] acpi PNP0A03:00: _OSC: not requesting OS control; OS requires [ExtendedConfig ASPM ClockPM MSI]
Dec 19 12:12:38 <zoulhafi> kernel: [    0.128370] acpi PNP0A03:00: fail to add MMCONFIG information, can't access extended PCI configuration space under this bridge.
Dec 19 12:12:38 <zoulhafi> kernel: [    0.128917] PCI host bridge to bus 0000:00
Dec 19 12:12:38 <zoulhafi> kernel: [    0.129350] pci_bus 0000:00: root bus resource [io  0x0000-0x0cf7 window]
Dec 19 12:12:38 <zoulhafi> kernel: [    0.129574] pci_bus 0000:00: root bus resource [io  0x0d00-0xffff window]
Dec 19 12:12:38 <zoulhafi> kernel: [    0.129824] pci_bus 0000:00: root bus resource [mem 0x000a0000-0x000bffff window]
Dec 19 12:12:38 <zoulhafi> kernel: [    0.130099] pci_bus 0000:00: root bus resource [mem 0x80000000-0xfdffffff window]
Dec 19 12:12:38 <zoulhafi> kernel: [    0.130347] pci_bus 0000:00: root bus resource [bus 00-ff]
Dec 19 12:12:38 <zoulhafi> kernel: [    0.131350] pci 0000:00:00.0: [8086:1237] type 00 class 0x060000
Dec 19 12:12:38 <zoulhafi> kernel: [    0.132297] pci 0000:00:01.0: [8086:7000] type 00 class 0x060100
Dec 19 12:12:38 <zoulhafi> kernel: [    0.133187] pci 0000:00:01.1: [8086:7111] type 00 class 0x01018a
Dec 19 12:12:38 <zoulhafi> kernel: [    0.133900] pci 0000:00:01.1: reg 0x20: [io  0xd000-0xd00f]
Dec 19 12:12:38 <zoulhafi> kernel: [    0.134553] pci 0000:00:01.1: legacy IDE quirk: reg 0x10: [io  0x01f0-0x01f7]
Dec 19 12:12:38 <zoulhafi> kernel: [    0.134785] pci 0000:00:01.1: legacy IDE quirk: reg 0x14: [io  0x03f6]
Dec 19 12:12:38 <zoulhafi> kernel: [    0.135003] pci 0000:00:01.1: legacy IDE quirk: reg 0x18: [io  0x0170-0x0177]
Dec 19 12:12:38 <zoulhafi> kernel: [    0.135232] pci 0000:00:01.1: legacy IDE quirk: reg 0x1c: [io  0x0376]
Dec 19 12:12:38 <zoulhafi> kernel: [    0.135487] pci 0000:00:02.0: [15ad:0405] type 00 class 0x030000
Dec 19 12:12:38 <zoulhafi> kernel: [    0.138987] pci 0000:00:02.0: reg 0x10: [io  0xd010-0xd01f]
Dec 19 12:12:38 <zoulhafi> kernel: [    0.141990] pci 0000:00:02.0: reg 0x14: [mem 0xf0000000-0xf7ffffff pref]
Dec 19 12:12:38 <zoulhafi> kernel: [    0.144962] pci 0000:00:02.0: reg 0x18: [mem 0xf8000000-0xf81fffff]
Dec 19 12:12:38 <zoulhafi> kernel: [    0.156696] pci 0000:00:03.0: [8086:100e] type 00 class 0x020000
Dec 19 12:12:38 <zoulhafi> kernel: [    0.157759] pci 0000:00:03.0: reg 0x10: [mem 0xf8200000-0xf821ffff]
Dec 19 12:12:38 <zoulhafi> kernel: [    0.159954] pci 0000:00:03.0: reg 0x18: [io  0xd020-0xd027]
Dec 19 12:12:38 <zoulhafi> kernel: [    0.164860] pci 0000:00:04.0: [80ee:cafe] type 00 class 0x088000
Dec 19 12:12:38 <zoulhafi> kernel: [    0.165941] pci 0000:00:04.0: reg 0x10: [io  0xd040-0xd05f]
Dec 19 12:12:38 <zoulhafi> kernel: [    0.167742] pci 0000:00:04.0: reg 0x14: [mem 0xf8400000-0xf87fffff]
Dec 19 12:12:38 <zoulhafi> kernel: [    0.168967] pci 0000:00:04.0: reg 0x18: [mem 0xf8800000-0xf8803fff pref]
Dec 19 12:12:38 <zoulhafi> kernel: [    0.175614] pci 0000:00:05.0: [8086:2415] type 00 class 0x040100
Dec 19 12:12:38 <zoulhafi> kernel: [    0.176045] pci 0000:00:05.0: reg 0x10: [io  0xd100-0xd1ff]
Dec 19 12:12:38 <zoulhafi> kernel: [    0.176341] pci 0000:00:05.0: reg 0x14: [io  0xd200-0xd23f]
Dec 19 12:12:38 <zoulhafi> kernel: [    0.176927] pci 0000:00:06.0: [106b:003f] type 00 class 0x0c0310
Dec 19 12:12:38 <zoulhafi> kernel: [    0.177457] pci 0000:00:06.0: reg 0x10: [mem 0xf8804000-0xf8804fff]
Dec 19 12:12:38 <zoulhafi> kernel: [    0.184696] pci 0000:00:07.0: [8086:7113] type 00 class 0x068000
Dec 19 12:12:38 <zoulhafi> kernel: [    0.186788] pci 0000:00:07.0: quirk: [io  0x4000-0x403f] claimed by PIIX4 ACPI
Dec 19 12:12:38 <zoulhafi> kernel: [    0.187207] pci 0000:00:07.0: quirk: [io  0x4100-0x410f] claimed by PIIX4 SMB
Dec 19 12:12:38 <zoulhafi> kernel: [    0.187678] pci 0000:00:0d.0: [8086:2829] type 00 class 0x010601
Dec 19 12:12:38 <zoulhafi> kernel: [    0.189467] pci 0000:00:0d.0: reg 0x10: [io  0xd240-0xd247]
Dec 19 12:12:38 <zoulhafi> kernel: [    0.190808] pci 0000:00:0d.0: reg 0x14: [io  0xd248-0xd24b]
Dec 19 12:12:38 <zoulhafi> kernel: [    0.191946] pci 0000:00:0d.0: reg 0x18: [io  0xd250-0xd257]
Dec 19 12:12:38 <zoulhafi> kernel: [    0.193074] pci 0000:00:0d.0: reg 0x1c: [io  0xd258-0xd25b]
Dec 19 12:12:38 <zoulhafi> kernel: [    0.194740] pci 0000:00:0d.0: reg 0x20: [io  0xd260-0xd26f]
Dec 19 12:12:38 <zoulhafi> kernel: [    0.195923] pci 0000:00:0d.0: reg 0x24: [mem 0xf8806000-0xf8807fff]
Dec 19 12:12:38 <zoulhafi> kernel: [    0.199347] ACPI: PCI: Interrupt link LNKA configured for IRQ 11
Dec 19 12:12:38 <zoulhafi> kernel: [    0.199705] ACPI: PCI: Interrupt link LNKB configured for IRQ 10
Dec 19 12:12:38 <zoulhafi> kernel: [    0.200062] ACPI: PCI: Interrupt link LNKC configured for IRQ 9
Dec 19 12:12:38 <zoulhafi> kernel: [    0.200358] ACPI: PCI: Interrupt link LNKD configured for IRQ 11
Dec 19 12:12:38 <zoulhafi> kernel: [    0.200734] iommu: Default domain type: Translated 
Dec 19 12:12:38 <zoulhafi> kernel: [    0.200926] iommu: DMA domain TLB invalidation policy: lazy mode 
Dec 19 12:12:38 <zoulhafi> kernel: [    0.201232] pci 0000:00:02.0: vgaarb: setting as boot VGA device
Dec 19 12:12:38 <zoulhafi> kernel: [    0.201347] pci 0000:00:02.0: vgaarb: VGA device added: decodes=io+mem,owns=io+mem,locks=none
Dec 19 12:12:38 <zoulhafi> kernel: [    0.201353] pci 0000:00:02.0: vgaarb: bridge control possible
Dec 19 12:12:38 <zoulhafi> kernel: [    0.201573] vgaarb: loaded
Dec 19 12:12:38 <zoulhafi> kernel: [    0.201845] SCSI subsystem initialized
Dec 19 12:12:38 <zoulhafi> kernel: [    0.202045] libata version 3.00 loaded.
Dec 19 12:12:38 <zoulhafi> kernel: [    0.202072] ACPI: bus type USB registered
Dec 19 12:12:38 <zoulhafi> kernel: [    0.202273] usbcore: registered new interface driver usbfs
Dec 19 12:12:38 <zoulhafi> kernel: [    0.202532] usbcore: registered new interface driver hub
Dec 19 12:12:38 <zoulhafi> kernel: [    0.202763] usbcore: registered new device driver usb
Dec 19 12:12:38 <zoulhafi> kernel: [    0.203441] pps_core: LinuxPPS API ver. 1 registered
Dec 19 12:12:38 <zoulhafi> kernel: [    0.203720] pps_core: Software ver. 5.3.6 - Copyright 2005-2007 Rodolfo Giometti <giometti@linux.it>
Dec 19 12:12:38 <zoulhafi> kernel: [    0.204361] PTP clock support registered
Dec 19 12:12:38 <zoulhafi> kernel: [    0.204611] Advanced Linux Sound Architecture Driver Initialized.
Dec 19 12:12:38 <zoulhafi> kernel: [    0.204982] NetLabel: Initializing
Dec 19 12:12:38 <zoulhafi> kernel: [    0.205134] NetLabel:  domain hash size = 128
Dec 19 12:12:38 <zoulhafi> kernel: [    0.205304] NetLabel:  protocols = UNLABELED CIPSOv4 CALIPSO
Dec 19 12:12:38 <zoulhafi> kernel: [    0.205347] NetLabel:  unlabeled traffic allowed by default
Dec 19 12:12:38 <zoulhafi> kernel: [    0.205347] PCI: Using ACPI for IRQ routing
Dec 19 12:12:38 <zoulhafi> kernel: [    0.205347] PCI: pci_cache_line_size set to 64 bytes
Dec 19 12:12:38 <zoulhafi> kernel: [    0.206407] e820: reserve RAM buffer [mem 0x0009fc00-0x0009ffff]
Dec 19 12:12:38 <zoulhafi> kernel: [    0.206414] e820: reserve RAM buffer [mem 0x7fff0000-0x7fffffff]
Dec 19 12:12:38 <zoulhafi> kernel: [    0.206466] clocksource: Switched to clocksource tsc-early
Dec 19 12:12:38 <zoulhafi> kernel: [    0.212751] VFS: Disk quotas dquot_6.6.0
Dec 19 12:12:38 <zoulhafi> kernel: [    0.212930] VFS: Dquot-cache hash table entries: 512 (order 0, 4096 bytes)
Dec 19 12:12:38 <zoulhafi> kernel: [    0.213193] pnp: PnP ACPI init
Dec 19 12:12:38 <zoulhafi> kernel: [    0.214417] pnp: PnP ACPI: found 3 devices
Dec 19 12:12:38 <zoulhafi> kernel: [    0.299608] clocksource: acpi_pm: mask: 0xffffff max_cycles: 0xffffff, max_idle_ns: 2085701024 ns
Dec 19 12:12:38 <zoulhafi> kernel: [    0.299963] NET: Registered PF_INET protocol family
Dec 19 12:12:38 <zoulhafi> kernel: [    0.300193] IP idents hash table entries: 32768 (order: 6, 262144 bytes, linear)
Dec 19 12:12:38 <zoulhafi> kernel: [    0.300519] tcp_listen_portaddr_hash hash table entries: 1024 (order: 2, 16384 bytes, linear)
Dec 19 12:12:38 <zoulhafi> kernel: [    0.300519] TCP established hash table entries: 16384 (order: 5, 131072 bytes, linear)
Dec 19 12:12:38 <zoulhafi> kernel: [    0.302176] TCP bind hash table entries: 16384 (order: 6, 262144 bytes, linear)
Dec 19 12:12:38 <zoulhafi> kernel: [    0.302466] TCP: Hash tables configured (established 16384 bind 16384)
Dec 19 12:12:38 <zoulhafi> kernel: [    0.302681] UDP hash table entries: 1024 (order: 3, 32768 bytes, linear)
Dec 19 12:12:38 <zoulhafi> kernel: [    0.302906] UDP-Lite hash table entries: 1024 (order: 3, 32768 bytes, linear)
Dec 19 12:12:38 <zoulhafi> kernel: [    0.303163] NET: Registered PF_UNIX/PF_LOCAL protocol family
Dec 19 12:12:38 <zoulhafi> kernel: [    0.303437] RPC: Registered named UNIX socket transport module.
Dec 19 12:12:38 <zoulhafi> kernel: [    0.303641] RPC: Registered udp transport module.
Dec 19 12:12:38 <zoulhafi> kernel: [    0.303664] RPC: Registered tcp transport module.
Dec 19 12:12:38 <zoulhafi> kernel: [    0.303664] RPC: Registered tcp NFSv4.1 backchannel transport module.
Dec 19 12:12:38 <zoulhafi> kernel: [    0.303664] pci_bus 0000:00: resource 4 [io  0x0000-0x0cf7 window]
Dec 19 12:12:38 <zoulhafi> kernel: [    0.303664] pci_bus 0000:00: resource 5 [io  0x0d00-0xffff window]
Dec 19 12:12:38 <zoulhafi> kernel: [    0.303664] pci_bus 0000:00: resource 6 [mem 0x000a0000-0x000bffff window]
Dec 19 12:12:38 <zoulhafi> kernel: [    0.303664] pci_bus 0000:00: resource 7 [mem 0x80000000-0xfdffffff window]
Dec 19 12:12:38 <zoulhafi> kernel: [    0.305508] pci 0000:00:00.0: Limiting direct PCI/PCI transfers
Dec 19 12:12:38 <zoulhafi> kernel: [    0.305807] pci 0000:00:01.0: Activating ISA DMA hang workarounds
Dec 19 12:12:38 <zoulhafi> kernel: [    0.306090] pci 0000:00:02.0: Video device with shadowed ROM at [mem 0x000c0000-0x000dffff]
Dec 19 12:12:38 <zoulhafi> kernel: [    0.307774] PCI: CLS 0 bytes, default 64
Dec 19 12:12:38 <zoulhafi> kernel: [    0.307903] RAPL PMU: API unit is 2^-32 Joules, 0 fixed counters, 10737418240 ms ovfl timer
Dec 19 12:12:38 <zoulhafi> kernel: [    0.308332] platform rtc_cmos: registered platform RTC device (no PNP device found)
Dec 19 12:12:38 <zoulhafi> kernel: [    0.308448] Initialise system trusted keyrings
Dec 19 12:12:38 <zoulhafi> kernel: [    0.308984] workingset: timestamp_bits=56 max_order=19 bucket_order=0
Dec 19 12:12:38 <zoulhafi> kernel: [    0.310544] NFS: Registering the id_resolver key type
Dec 19 12:12:38 <zoulhafi> kernel: [    0.310739] Key type id_resolver registered
Dec 19 12:12:38 <zoulhafi> kernel: [    0.310921] Key type id_legacy registered
Dec 19 12:12:38 <zoulhafi> kernel: [    0.318039] Key type asymmetric registered
Dec 19 12:12:38 <zoulhafi> kernel: [    0.318218] Asymmetric key parser 'x509' registered
Dec 19 12:12:38 <zoulhafi> kernel: [    0.318345] Block layer SCSI generic (bsg) driver version 0.4 loaded (major 251)
Dec 19 12:12:38 <zoulhafi> kernel: [    0.318345] io scheduler mq-deadline registered
Dec 19 12:12:38 <zoulhafi> kernel: [    0.318345] io scheduler kyber registered
Dec 19 12:12:38 <zoulhafi> kernel: [    0.319244] ACPI: AC: AC Adapter [AC] (on-line)
Dec 19 12:12:38 <zoulhafi> kernel: [    0.319460] input: Power Button as /devices/LNXSYSTM:00/LNXPWRBN:00/input/input0
Dec 19 12:12:38 <zoulhafi> kernel: [    0.319757] ACPI: button: Power Button [PWRF]
Dec 19 12:12:38 <zoulhafi> kernel: [    0.320004] input: Sleep Button as /devices/LNXSYSTM:00/LNXSLPBN:00/input/input1
Dec 19 12:12:38 <zoulhafi> kernel: [    0.320286] ACPI: button: Sleep Button [SLPF]
Dec 19 12:12:38 <zoulhafi> kernel: [    0.320552] ACPI: video: Video Device [GFX0] (multi-head: yes  rom: no  post: no)
Dec 19 12:12:38 <zoulhafi> kernel: [    0.320862] input: Video Bus as /devices/LNXSYSTM:00/LNXSYBUS:00/PNP0A03:00/LNXVIDEO:00/input/input2
Dec 19 12:12:38 <zoulhafi> kernel: [    0.321286] Serial: 8250/16550 driver, 4 ports, IRQ sharing enabled
Dec 19 12:12:38 <zoulhafi> kernel: [    0.321627] 00:02: ttyS0 at I/O 0x3f8 (irq = 4, base_baud = 115200) is a 16550A
Dec 19 12:12:38 <zoulhafi> kernel: [    0.322072] Non-volatile memory driver v1.3
Dec 19 12:12:38 <zoulhafi> kernel: [    0.322338] Linux agpgart interface v0.103
Dec 19 12:12:38 <zoulhafi> kernel: [    0.322696] ACPI: bus type drm_connector registered
Dec 19 12:12:38 <zoulhafi> kernel: [    0.323884] loop: module loaded
Dec 19 12:12:38 <zoulhafi> kernel: [    0.324197] ahci 0000:00:0d.0: version 3.0
Dec 19 12:12:38 <zoulhafi> kernel: [    0.324664] ahci 0000:00:0d.0: SSS flag set, parallel bus scan disabled
Dec 19 12:12:38 <zoulhafi> kernel: [    0.325053] ahci 0000:00:0d.0: AHCI 0001.0100 32 slots 1 ports 3 Gbps 0x1 impl SATA mode
Dec 19 12:12:38 <zoulhafi> kernel: [    0.325393] ahci 0000:00:0d.0: flags: 64bit ncq stag only ccc 
Dec 19 12:12:38 <zoulhafi> kernel: [    0.326216] scsi host0: ahci
Dec 19 12:12:38 <zoulhafi> kernel: [    0.326406] ata1: SATA max UDMA/133 abar m8192@0xf8806000 port 0xf8806100 irq 21
Dec 19 12:12:38 <zoulhafi> kernel: [    0.326701] ata_piix 0000:00:01.1: version 2.13
Dec 19 12:12:38 <zoulhafi> kernel: [    0.327117] scsi host1: ata_piix
Dec 19 12:12:38 <zoulhafi> kernel: [    0.327373] scsi host2: ata_piix
Dec 19 12:12:38 <zoulhafi> kernel: [    0.327551] ata2: PATA max UDMA/33 cmd 0x1f0 ctl 0x3f6 bmdma 0xd000 irq 14
Dec 19 12:12:38 <zoulhafi> kernel: [    0.327786] ata3: PATA max UDMA/33 cmd 0x170 ctl 0x376 bmdma 0xd008 irq 15
Dec 19 12:12:38 <zoulhafi> kernel: [    0.327791] libphy: Fixed MDIO Bus: probed
Dec 19 12:12:38 <zoulhafi> kernel: [    0.327791] e100: Intel(R) PRO/100 Network Driver
Dec 19 12:12:38 <zoulhafi> kernel: [    0.327791] e100: Copyright(c) 1999-2006 Intel Corporation
Dec 19 12:12:38 <zoulhafi> kernel: [    0.328972] e1000: Intel(R) PRO/1000 Network Driver
Dec 19 12:12:38 <zoulhafi> kernel: [    0.329162] e1000: Copyright (c) 1999-2006 Intel Corporation.
Dec 19 12:12:38 <zoulhafi> kernel: [    0.511524] ata3.00: ATAPI: VBOX CD-ROM, 1.0, max UDMA/133
Dec 19 12:12:38 <zoulhafi> kernel: [    0.670663] ata1: SATA link up 3.0 Gbps (SStatus 123 SControl 300)
Dec 19 12:12:38 <zoulhafi> kernel: [    0.671930] ata1.00: ATA-6: VBOX HARDDISK, 1.0, max UDMA/133
Dec 19 12:12:38 <zoulhafi> kernel: [    0.672131] ata1.00: 104857600 sectors, multi 128: LBA48 NCQ (depth 32)
Dec 19 12:12:38 <zoulhafi> kernel: [    0.677266] ata1.00: Read log 0x00 page 0x00 failed, Emask 0x1
Dec 19 12:12:38 <zoulhafi> kernel: [    0.682194] ata1.00: configured for UDMA/133
Dec 19 12:12:38 <zoulhafi> kernel: [    0.682203] scsi 0:0:0:0: Direct-Access     ATA      VBOX HARDDISK    1.0  PQ: 0 ANSI: 5
Dec 19 12:12:38 <zoulhafi> kernel: [    0.682203] sd 0:0:0:0: Attached scsi generic sg0 type 0
Dec 19 12:12:38 <zoulhafi> kernel: [    0.683315] sd 0:0:0:0: [sda] 104857600 512-byte logical blocks: (53.7 GB/50.0 GiB)
Dec 19 12:12:38 <zoulhafi> kernel: [    0.684232] sd 0:0:0:0: [sda] Write Protect is off
Dec 19 12:12:38 <zoulhafi> kernel: [    0.684274] sd 0:0:0:0: [sda] Mode Sense: 00 3a 00 00
Dec 19 12:12:38 <zoulhafi> kernel: [    0.684274] sd 0:0:0:0: [sda] Write cache: enabled, read cache: enabled, doesn't support DPO or FUA
Dec 19 12:12:38 <zoulhafi> kernel: [    0.684274] scsi 2:0:0:0: CD-ROM            VBOX     CD-ROM           1.0  PQ: 0 ANSI: 5
Dec 19 12:12:38 <zoulhafi> kernel: [    0.690983]  sda: sda1 sda2 sda3
Dec 19 12:12:38 <zoulhafi> kernel: [    0.691299] sd 0:0:0:0: [sda] Attached SCSI disk
Dec 19 12:12:38 <zoulhafi> kernel: [    0.717822] sr 2:0:0:0: [sr0] scsi3-mmc drive: 32x/32x xa/form2 tray
Dec 19 12:12:38 <zoulhafi> kernel: [    0.717822] cdrom: Uniform CD-ROM driver Revision: 3.20
Dec 19 12:12:38 <zoulhafi> kernel: [    0.734116] sr 2:0:0:0: Attached scsi CD-ROM sr0
Dec 19 12:12:38 <zoulhafi> kernel: [    0.734270] sr 2:0:0:0: Attached scsi generic sg1 type 5
Dec 19 12:12:38 <zoulhafi> kernel: [    0.756906] e1000 0000:00:03.0 eth0: (PCI:33MHz:32-bit) 08:00:27:44:6c:46
Dec 19 12:12:38 <zoulhafi> kernel: [    0.757145] e1000 0000:00:03.0 eth0: Intel(R) PRO/1000 Network Connection
Dec 19 12:12:38 <zoulhafi> kernel: [    0.757390] e1000e: Intel(R) PRO/1000 Network Driver
Dec 19 12:12:38 <zoulhafi> kernel: [    0.757574] e1000e: Copyright(c) 1999 - 2015 Intel Corporation.
Dec 19 12:12:38 <zoulhafi> kernel: [    0.757674] sky2: driver version 1.30
Dec 19 12:12:38 <zoulhafi> kernel: [    0.757674] ehci_hcd: USB 2.0 'Enhanced' Host Controller (EHCI) Driver
Dec 19 12:12:38 <zoulhafi> kernel: [    0.757674] ehci-pci: EHCI PCI platform driver
Dec 19 12:12:38 <zoulhafi> kernel: [    0.757674] ohci_hcd: USB 1.1 'Open' Host Controller (OHCI) Driver
Dec 19 12:12:38 <zoulhafi> kernel: [    0.757674] ohci-pci: OHCI PCI platform driver
Dec 19 12:12:38 <zoulhafi> kernel: [    0.758997] ohci-pci 0000:00:06.0: OHCI PCI host controller
Dec 19 12:12:38 <zoulhafi> kernel: [    0.759283] ohci-pci 0000:00:06.0: new USB bus registered, assigned bus number 1
Dec 19 12:12:38 <zoulhafi> kernel: [    0.759645] ohci-pci 0000:00:06.0: irq 22, io mem 0xf8804000
Dec 19 12:12:38 <zoulhafi> kernel: [    0.815842] usb usb1: New USB device found, idVendor=1d6b, idProduct=0001, bcdDevice= 5.16
Dec 19 12:12:38 <zoulhafi> kernel: [    0.816159] usb usb1: New USB device strings: Mfr=3, Product=2, SerialNumber=1
Dec 19 12:12:38 <zoulhafi> kernel: [    0.816454] usb usb1: Product: OHCI PCI host controller
Dec 19 12:12:38 <zoulhafi> kernel: [    0.816674] usb usb1: Manufacturer: Linux 5.16.0-thor_kernel-zoulhafi-00339-gf5de19c4be67 ohci_hcd
Dec 19 12:12:38 <zoulhafi> kernel: [    0.817254] usb usb1: SerialNumber: 0000:00:06.0
Dec 19 12:12:38 <zoulhafi> kernel: [    0.817525] hub 1-0:1.0: USB hub found
Dec 19 12:12:38 <zoulhafi> kernel: [    0.817670] hub 1-0:1.0: 12 ports detected
Dec 19 12:12:38 <zoulhafi> kernel: [    0.818782] uhci_hcd: USB Universal Host Controller Interface driver
Dec 19 12:12:38 <zoulhafi> kernel: [    0.819025] usbcore: registered new interface driver usblp
Dec 19 12:12:38 <zoulhafi> kernel: [    0.819225] usbcore: registered new interface driver usb-storage
Dec 19 12:12:38 <zoulhafi> kernel: [    0.819445] i8042: PNP: PS/2 Controller [PNP0303:PS2K,PNP0f03:PS2M] at 0x60,0x64 irq 1,12
Dec 19 12:12:38 <zoulhafi> kernel: [    0.820110] serio: i8042 KBD port at 0x60,0x64 irq 1
Dec 19 12:12:38 <zoulhafi> kernel: [    0.820352] serio: i8042 AUX port at 0x60,0x64 irq 12
Dec 19 12:12:38 <zoulhafi> kernel: [    0.820741] input: AT Translated Set 2 keyboard as /devices/platform/i8042/serio0/input/input3
Dec 19 12:12:38 <zoulhafi> kernel: [    0.821949] rtc_cmos rtc_cmos: registered as rtc0
Dec 19 12:12:38 <zoulhafi> kernel: [    0.822139] rtc_cmos rtc_cmos: alarms up to one day, 114 bytes nvram
Dec 19 12:12:38 <zoulhafi> kernel: [    0.822414] device-mapper: ioctl: 4.45.0-ioctl (2021-03-22) initialised: dm-devel@redhat.com
Dec 19 12:12:38 <zoulhafi> kernel: [    0.822713] intel_pstate: CPU model not supported
Dec 19 12:12:38 <zoulhafi> kernel: [    0.822809] hid: raw HID events driver (C) Jiri Kosina
Dec 19 12:12:38 <zoulhafi> kernel: [    0.823814] usbcore: registered new interface driver usbhid
Dec 19 12:12:38 <zoulhafi> kernel: [    0.824014] usbhid: USB HID core driver
Dec 19 12:12:38 <zoulhafi> kernel: [    0.824420] Initializing XFRM netlink socket
Dec 19 12:12:38 <zoulhafi> kernel: [    0.824643] NET: Registered PF_INET6 protocol family
Dec 19 12:12:38 <zoulhafi> kernel: [    0.824999] Segment Routing with IPv6
Dec 19 12:12:38 <zoulhafi> kernel: [    0.825161] In-situ OAM (IOAM) with IPv6
Dec 19 12:12:38 <zoulhafi> kernel: [    0.825341] sit: IPv6, IPv4 and MPLS over IPv4 tunneling driver
Dec 19 12:12:38 <zoulhafi> kernel: [    0.825626] NET: Registered PF_PACKET protocol family
Dec 19 12:12:38 <zoulhafi> kernel: [    0.825823] Key type dns_resolver registered
Dec 19 12:12:38 <zoulhafi> kernel: [    0.825832] IPI shorthand broadcast: enabled
Dec 19 12:12:38 <zoulhafi> kernel: [    0.826200] sched_clock: Marking stable (833852959, -7652987)->(841937301, -15737329)
Dec 19 12:12:38 <zoulhafi> kernel: [    0.826215] registered taskstats version 1
Dec 19 12:12:38 <zoulhafi> kernel: [    0.826381] Loading compiled-in X.509 certificates
Dec 19 12:12:38 <zoulhafi> kernel: [    0.826645] cryptomgr_test (45) used greatest stack depth: 15664 bytes left
Dec 19 12:12:38 <zoulhafi> kernel: [    0.826962] cryptomgr_test (55) used greatest stack depth: 15400 bytes left
Dec 19 12:12:38 <zoulhafi> kernel: [    0.827416] PM:   Magic number: 1:798:226
Dec 19 12:12:38 <zoulhafi> kernel: [    0.827615] printk: console [netcon0] enabled
Dec 19 12:12:38 <zoulhafi> kernel: [    0.827786] netconsole: network logging started
Dec 19 12:12:38 <zoulhafi> kernel: [    0.827995] cfg80211: Loading compiled-in X.509 certificates for regulatory database
Dec 19 12:12:38 <zoulhafi> kernel: [    0.828337] kworker/u2:3 (67) used greatest stack depth: 14712 bytes left
Dec 19 12:12:38 <zoulhafi> kernel: [    0.829224] cfg80211: Loaded X.509 cert 'sforshee: 00b28ddf47aef9cea7'
Dec 19 12:12:38 <zoulhafi> kernel: [    0.829621] ALSA device list:
Dec 19 12:12:38 <zoulhafi> kernel: [    0.829766]   No soundcards found.
Dec 19 12:12:38 <zoulhafi> kernel: [    0.830022] platform regulatory.0: Direct firmware load for regulatory.db failed with error -2
Dec 19 12:12:38 <zoulhafi> kernel: [    0.830348] cfg80211: failed to load regulatory.db
Dec 19 12:12:38 <zoulhafi> kernel: [    1.032050] random: fast init done
Dec 19 12:12:38 <zoulhafi> kernel: [    1.032482] input: ImExPS/2 Generic Explorer Mouse as /devices/platform/i8042/serio1/input/input5
Dec 19 12:12:38 <zoulhafi> kernel: [    1.033010] md: Waiting for all devices to be available before autodetect
Dec 19 12:12:38 <zoulhafi> kernel: [    1.033275] md: If you don't use raid, use raid=noautodetect
Dec 19 12:12:38 <zoulhafi> kernel: [    1.033477] md: Autodetecting RAID arrays.
Dec 19 12:12:38 <zoulhafi> kernel: [    1.033642] md: autorun ...
Dec 19 12:12:38 <zoulhafi> kernel: [    1.033777] md: ... autorun DONE.
Dec 19 12:12:38 <zoulhafi> kernel: [    1.043007] EXT4-fs (sda3): mounted filesystem with ordered data mode. Opts: (null). Quota mode: none.
Dec 19 12:12:38 <zoulhafi> kernel: [    1.043353] VFS: Mounted root (ext4 filesystem) readonly on device 8:3.
Dec 19 12:12:38 <zoulhafi> kernel: [    1.045073] devtmpfs: mounted
Dec 19 12:12:38 <zoulhafi> kernel: [    1.045416] Freeing unused kernel image (initmem) memory: 1248K
Dec 19 12:12:38 <zoulhafi> kernel: [    1.045730] Write protecting the kernel read-only data: 22528k
Dec 19 12:12:38 <zoulhafi> kernel: [    1.046313] Freeing unused kernel image (text/rodata gap) memory: 2032K
Dec 19 12:12:38 <zoulhafi> kernel: [    1.046348] Freeing unused kernel image (rodata/data gap) memory: 432K
Dec 19 12:12:38 <zoulhafi> kernel: [    1.046580] Run /sbin/init as init process
Dec 19 12:12:38 <zoulhafi> kernel: [    1.046751]   with arguments:
Dec 19 12:12:38 <zoulhafi> kernel: [    1.046751]     /sbin/init
Dec 19 12:12:38 <zoulhafi> kernel: [    1.046752]   with environment:
Dec 19 12:12:38 <zoulhafi> kernel: [    1.046752]     HOME=/
Dec 19 12:12:38 <zoulhafi> kernel: [    1.046753]     TERM=linux
Dec 19 12:12:38 <zoulhafi> kernel: [    1.046753]     BOOT_IMAGE=/vmlinuz-5.16.0-thor_kernel
Dec 19 12:12:38 <zoulhafi> kernel: [    1.066107] usb 1-1: new full-speed USB device number 2 using ohci-pci
Dec 19 12:12:38 <zoulhafi> kernel: [    1.165902] stty (77) used greatest stack depth: 13680 bytes left
Dec 19 12:12:38 <zoulhafi> kernel: [    1.296843] usb 1-1: New USB device found, idVendor=80ee, idProduct=0021, bcdDevice= 1.00
Dec 19 12:12:38 <zoulhafi> kernel: [    1.297146] usb 1-1: New USB device strings: Mfr=1, Product=3, SerialNumber=0
Dec 19 12:12:38 <zoulhafi> kernel: [    1.297406] usb 1-1: Product: USB Tablet
Dec 19 12:12:38 <zoulhafi> kernel: [    1.297566] usb 1-1: Manufacturer: VirtualBox
Dec 19 12:12:38 <zoulhafi> kernel: [    1.305961] clocksource: tsc: mask: 0xffffffffffffffff max_cycles: 0x2edd0c5f4fc, max_idle_ns: 440795357763 ns
Dec 19 12:12:38 <zoulhafi> kernel: [    1.306307] clocksource: Switched to clocksource tsc
Dec 19 12:12:38 <zoulhafi> kernel: [    1.310360] input: VirtualBox USB Tablet as /devices/pci0000:00/0000:00:06.0/usb1/1-1/1-1:1.0/0003:80EE:0021.0001/input/input6
Dec 19 12:12:38 <zoulhafi> kernel: [    1.310770] hid-generic 0003:80EE:0021.0001: input,hidraw0: USB HID v1.10 Mouse [VirtualBox USB Tablet] on usb-0000:00:06.0-1/input0
Dec 19 12:12:38 <zoulhafi> kernel: [    1.399307] mountpoint (102) used greatest stack depth: 13672 bytes left
Dec 19 12:12:38 <zoulhafi> kernel: [    1.462997] ip (129) used greatest stack depth: 12336 bytes left
Dec 19 12:12:38 <zoulhafi> kernel: <30>[    1.510215] udevd[154]: starting version 3.2.10
Dec 19 12:12:38 <zoulhafi> kernel: [    1.549470] random: udevd: uninitialized urandom read (16 bytes read)
Dec 19 12:12:38 <zoulhafi> kernel: [    1.550311] random: udevd: uninitialized urandom read (16 bytes read)
Dec 19 12:12:38 <zoulhafi> kernel: [    1.550874] random: udevd: uninitialized urandom read (16 bytes read)
Dec 19 12:12:38 <zoulhafi> kernel: <30>[    1.614085] udevd[155]: starting eudev-3.2.10
Dec 19 12:12:38 <zoulhafi> kernel: [    1.758820] e1000 0000:00:03.0 enp0s3: renamed from eth0
Dec 19 12:12:38 <zoulhafi> kernel: [    2.008458] clocksource: timekeeping watchdog on CPU0: Marking clocksource 'tsc' as unstable because the skew is too large:
Dec 19 12:12:38 <zoulhafi> kernel: [    2.008883] clocksource:                       'acpi_pm' wd_nsec: 478006003 wd_now: 2f9059 wd_last: 157495 mask: ffffff
Dec 19 12:12:38 <zoulhafi> kernel: [    2.009227] clocksource:                       'tsc' cs_nsec: 501055189 cs_now: 820c4d60d cs_last: 7bfac29ad mask: ffffffffffffffff
Dec 19 12:12:38 <zoulhafi> kernel: [    2.009592] clocksource:                       'tsc' is current clocksource.
Dec 19 12:12:38 <zoulhafi> kernel: [    2.009822] tsc: Marking TSC unstable due to clocksource watchdog
Dec 19 12:12:38 <zoulhafi> kernel: [    2.010071] TSC found unstable after boot, most likely due to broken BIOS. Use 'tsc=unstable'.
Dec 19 12:12:38 <zoulhafi> kernel: [    2.010368] sched_clock: Marking unstable (2017723961, -7626906)<-(2025808339, -15737329)
Dec 19 12:12:38 <zoulhafi> kernel: [    2.011701] clocksource: Not enough CPUs to check clocksource 'tsc'.
Dec 19 12:12:38 <zoulhafi> kernel: [    2.012079] clocksource: Switched to clocksource acpi_pm
Dec 19 12:12:38 <zoulhafi> kernel: [    2.165966] random: crng init done
Dec 19 12:12:38 <zoulhafi> kernel: [    2.166120] random: 3 urandom warning(s) missed due to ratelimiting
Dec 19 12:12:38 <zoulhafi> kernel: [    2.197663] Adding 2097148k swap on /dev/sda2.  Priority:1 extents:1 across:2097148k 
Dec 19 12:12:38 <zoulhafi> kernel: [    2.210850] EXT4-fs (sda3): re-mounted. Opts: (null). Quota mode: none.
Dec 19 12:12:38 <zoulhafi> kernel: [    2.269300] EXT4-fs (sda3): re-mounted. Opts: (null). Quota mode: none.
Dec 19 12:12:38 <zoulhafi> kernel: [    2.280453] EXT4-fs (sda1): mounting ext2 file system using the ext4 subsystem
Dec 19 12:12:38 <zoulhafi> kernel: [    2.282530] EXT4-fs (sda1): mounted filesystem without journal. Opts: (null). Quota mode: none.
Dec 19 12:12:38 <zoulhafi> kernel: [    3.338806] e1000: enp0s3 NIC Link is Up 1000 Mbps Full Duplex, Flow Control: RX
Dec 19 12:12:38 <zoulhafi> kernel: [    3.340280] IPv6: ADDRCONF(NETDEV_CHANGE): enp0s3: link becomes ready
Dec 19 12:13:13 <zoulhafi> kernel: [   38.709545] usb 1-2: new low-speed USB device number 3 using ohci-pci
Dec 19 12:13:13 <zoulhafi> kernel: [   38.975879] usb 1-2: New USB device found, idVendor=093a, idProduct=2510, bcdDevice= 1.00
Dec 19 12:13:13 <zoulhafi> kernel: [   38.976170] usb 1-2: New USB device strings: Mfr=1, Product=2, SerialNumber=0
Dec 19 12:13:13 <zoulhafi> kernel: [   38.976461] usb 1-2: Product: USB Optical Mouse
Dec 19 12:13:13 <zoulhafi> kernel: [   38.976682] usb 1-2: Manufacturer: PixArt
Dec 19 12:13:13 <zoulhafi> kernel: [   38.992873] input: PixArt USB Optical Mouse as /devices/pci0000:00/0000:00:06.0/usb1/1-2/1-2:1.0/0003:093A:2510.0002/input/input7
Dec 19 12:13:13 <zoulhafi> kernel: [   38.993342] hid-generic 0003:093A:2510.0002: input,hidraw1: USB HID v1.11 Mouse [PixArt USB Optical Mouse] on usb-0000:00:06.0-2/input0
Dec 19 12:13:20 <zoulhafi> kernel: [   45.382338] usb 1-2: USB disconnect, device number 3
Dec 19 12:13:34 <zoulhafi> kernel: [   59.315509] usb 1-2: new low-speed USB device number 4 using ohci-pci
Dec 19 12:13:34 <zoulhafi> kernel: [   59.575005] usb 1-2: New USB device found, idVendor=046a, idProduct=0180, bcdDevice= 1.03
Dec 19 12:13:34 <zoulhafi> kernel: [   59.575379] usb 1-2: New USB device strings: Mfr=1, Product=2, SerialNumber=0
Dec 19 12:13:34 <zoulhafi> kernel: [   59.575628] usb 1-2: Product: wired keyboard
Dec 19 12:13:34 <zoulhafi> kernel: [   59.575811] usb 1-2: Manufacturer:  
Dec 19 12:13:34 <zoulhafi> kernel: [   59.607521] input:   wired keyboard as /devices/pci0000:00/0000:00:06.0/usb1/1-2/1-2:1.0/0003:046A:0180.0003/input/input8
Dec 19 12:13:34 <zoulhafi> kernel: [   59.660712] hid-generic 0003:046A:0180.0003: input,hidraw1: USB HID v1.11 Keyboard [  wired keyboard] on usb-0000:00:06.0-2/input0
Dec 19 12:13:34 <zoulhafi> kernel: [   59.674741] input:   wired keyboard Consumer Control as /devices/pci0000:00/0000:00:06.0/usb1/1-2/1-2:1.1/0003:046A:0180.0004/input/input9
Dec 19 12:13:34 <zoulhafi> kernel: [   59.727738] input:   wired keyboard System Control as /devices/pci0000:00/0000:00:06.0/usb1/1-2/1-2:1.1/0003:046A:0180.0004/input/input10
Dec 19 12:13:34 <zoulhafi> kernel: [   59.728226] hid-generic 0003:046A:0180.0004: input,hidraw2: USB HID v1.11 Device [  wired keyboard] on usb-0000:00:06.0-2/input1
Dec 19 12:13:34 <zoulhafi> kernel: [   59.771235] main: loading out-of-tree module taints kernel.
Dec 19 12:13:34 <zoulhafi> kernel: [   59.771610] Hello world !
Dec 19 12:13:37 <zoulhafi> kernel: [   63.033054] usb 1-2: USB disconnect, device number 4
Dec 19 12:13:37 <zoulhafi> kernel: [   63.080174] Cleaning up module.
